fuzz: elapsed: 0s, gathering baseline coverage: 0/167 completed
fuzz: elapsed: 0s, gathering baseline coverage: 167/167 completed, now fuzzing with 11 workers
fuzz: elapsed: 3s, execs: 434502 (144826/sec), new interesting: 46 (total: 213)
fuzz: elapsed: 6s, execs: 461272 (8890/sec), new interesting: 48 (total: 215)
fuzz: elapsed: 9s, execs: 461272 (0/sec), new interesting: 48 (total: 215)
fuzz: elapsed: 12s, execs: 461272 (0/sec), new interesting: 48 (total: 215)
fuzz: elapsed: 15s, execs: 461272 (0/sec), new interesting: 48 (total: 215)
fuzz: elapsed: 18s, execs: 461272 (0/sec), new interesting: 48 (total: 215)
fuzz: elapsed: 21s, execs: 461272 (0/sec), new interesting: 48 (total: 215)
fuzz: elapsed: 24s, execs: 461272 (0/sec), new interesting: 48 (total: 215)
fuzz: elapsed: 27s, execs: 461272 (0/sec), new interesting: 48 (total: 215)
fuzz: elapsed: 30s, execs: 461272 (0/sec), new interesting: 48 (total: 215)
fuzz: elapsed: 33s, execs: 461272 (0/sec), new interesting: 48 (total: 215)
fuzz: elapsed: 36s, execs: 461272 (0/sec), new interesting: 48 (total: 215)
fuzz: elapsed: 39s, execs: 461272 (0/sec), new interesting: 48 (total: 215)
fuzz: elapsed: 42s, execs: 461272 (0/sec), new interesting: 48 (total: 215)
fuzz: elapsed: 45s, execs: 461272 (0/sec), new interesting: 48 (total: 215)
PASS
ok  	github.com/HelixDevelopment/ota-telemetry-schema	45.547s
evelopment/ota-telemetry-schema	43.811s
