INFO         | Android emulator version 36.4.10.0 (build_id 15004761) (CL:N/A)
INFO         | Graphics backend: gfxstream
DEBUG   | Current emulator version 36.4.10 is the same as the required version 36.4.10.
INFO         | Found AVD name 'CZ_API36_Phone'
INFO         | Found AVD target architecture: x86_64
INFO         | Deleting /home/milosvasic/.android/avd/../avd/CZ_API36_Phone.avd/system.img.qcow2 failed
INFO         | Deleting /home/milosvasic/.android/avd/../avd/CZ_API36_Phone.avd/vendor.img.qcow2 failed
INFO         | Deleting /home/milosvasic/.android/avd/../avd/CZ_API36_Phone.avd/userdata-qemu.img done
INFO         | Deleting /home/milosvasic/.android/avd/../avd/CZ_API36_Phone.avd/userdata-qemu.img.qcow2 done
INFO         | Deleting /home/milosvasic/.android/avd/../avd/CZ_API36_Phone.avd/userdata.img failed
INFO         | Deleting /home/milosvasic/.android/avd/../avd/CZ_API36_Phone.avd/userdata.img.qcow2 failed
INFO         | Deleting /home/milosvasic/.android/avd/../avd/CZ_API36_Phone.avd/cache.img failed
INFO         | Deleting /home/milosvasic/.android/avd/../avd/CZ_API36_Phone.avd/cache.img.qcow2 failed
INFO         | Deleting /home/milosvasic/.android/avd/../avd/CZ_API36_Phone.avd/version_num.cache done
INFO         | Deleting /home/milosvasic/.android/avd/../avd/CZ_API36_Phone.avd/bootcompleted.ini failed
INFO         | Deleting /home/milosvasic/.android/avd/../avd/CZ_API36_Phone.avd/sdcard.img.qcow2 failed
INFO         | Deleting /home/milosvasic/.android/avd/../avd/CZ_API36_Phone.avd/encryptionkey.img done
INFO         | Deleting /home/milosvasic/.android/avd/../avd/CZ_API36_Phone.avd/encryptionkey.img.qcow2 done
INFO         | Deleting /home/milosvasic/.android/avd/../avd/CZ_API36_Phone.avd/hardware-qemu.ini done
INFO         | Deleting /home/milosvasic/.android/avd/../avd/CZ_API36_Phone.avd/emulator-user.ini failed
INFO         | Deleting /home/milosvasic/.android/avd/../avd/CZ_API36_Phone.avd/quickbootChoice.ini failed
INFO         | Deleting /home/milosvasic/.android/avd/../avd/CZ_API36_Phone.avd/emu-launch-params.txt done
INFO         | Deleting /home/milosvasic/.android/avd/../avd/CZ_API36_Phone.avd/initrd done
INFO         | Deleting /home/milosvasic/.android/avd/../avd/CZ_API36_Phone.avd/AVD.conf failed
INFO         | Deleting /home/milosvasic/.android/avd/../avd/CZ_API36_Phone.avd/multiinstance.lock failed
INFO         | Deleting /home/milosvasic/.android/avd/../avd/CZ_API36_Phone.avd/read-snapshot.txt done
INFO         | Deleting /home/milosvasic/.android/avd/../avd/CZ_API36_Phone.avd/data failed
INFO         | Deleting /home/milosvasic/.android/avd/../avd/CZ_API36_Phone.avd/modem_simulator done
INFO         | Deleting /home/milosvasic/.android/avd/../avd/CZ_API36_Phone.avd/default.dtb failed
INFO         | Failed to remove snapshot directory '/home/milosvasic/.android/avd/../avd/CZ_API36_Phone.avd/snapshots'
INFO         | Failed to remove ADB command directory '/home/milosvasic/.android/avd/../avd/CZ_API36_Phone.avd/tmpAdbCmds'
INFO         | argv[0]: '/home/milosvasic/Android/Sdk/emulator/emulator'; program directory: '/home/milosvasic/Android/Sdk/emulator'
INFO         | Found systemPath /home/milosvasic/Android/Sdk/system-images/android-36.1/google_apis_playstore/x86_64/
DEBUG   | autoconfig: -skin 1080x2400
DEBUG   | autoconfig: -skindir (null)
DEBUG   | init, loading /home/milosvasic/Android/Sdk/emulator/lib/advancedFeatures.ini
WARNING      | Please update the emulator to one that supports the feature(s): VulkanVirtualQueue
DEBUG   | autoconfig: -kernel /home/milosvasic/Android/Sdk/system-images/android-36.1/google_apis_playstore/x86_64//kernel-ranchu
DEBUG   | Target arch = 'x86_64'
DEBUG   | Auto-detect: Kernel image requires new device naming scheme.
DEBUG   | Auto-detect: Kernel does not support YAFFS2 partitions.
DEBUG   | autoconfig: -ramdisk /home/milosvasic/Android/Sdk/system-images/android-36.1/google_apis_playstore/x86_64//ramdisk.img
DEBUG   | Using initial system image: /home/milosvasic/Android/Sdk/system-images/android-36.1/google_apis_playstore/x86_64//system.img
DEBUG   | Using initial vendor image: /home/milosvasic/Android/Sdk/system-images/android-36.1/google_apis_playstore/x86_64//vendor.img
DEBUG   | autoconfig: -initdata (null)
DEBUG   | Physical RAM size: 3072MB
DEBUG   | VM heap size 0MB is below hardware specified minimum of 576MB,setting it to that value
DEBUG   | System image is read only
DEBUG   | Found 3 DNS servers:
DEBUG   | 	1.1.1.1
DEBUG   | 	8.8.8.8
DEBUG   | 	192.168.0.1
INFO         | Guest GLES Driver: Auto (ext controls)
DEBUG   | emuglConfig_init: gpu_mode_requested: swiftshader, no_window: 1

INFO         | emuglConfig_init: vulkan_mode_selected:swiftshader gles_mode_selected:swiftshader
DEBUG   | setCurrentRenderer: swiftshader swiftshader gles:Swiftshader Indirect vulkan:Swiftshader Indirect
DEBUG   | emuglConfig_init: GPU emulation enabled using Vulkan:'swiftshader' GLES:'swiftshader' modes

DEBUG   | GPU emulation enabled using Vulkan:'swiftshader' GLES:'swiftshader' modes
DEBUG   | Adding to the library search path: /home/milosvasic/Android/Sdk/emulator/lib64/gles_swiftshader

INFO         | Checking system compatibility:
INFO         |   Checking: hasSufficientDiskSpace
INFO         |      Ok: Disk space requirements to run avd: `CZ_API36_Phone` are met
INFO         |   Checking: hasSufficientHwGpu
INFO         |      Ok: Hardware GPU compatibility checks are not required
INFO         |   Checking: hasSufficientSystem
INFO         |      Ok: System requirements to run avd: `CZ_API36_Phone` are met
DEBUG   | Starting hostapd main loop.
DEBUG   | found magic skin width=1080 height=2400 bpp=16

WARNING      | File System is not ext4, disable QuickbootFileBacked feature
DEBUG   | Requested console port 5554: Inferring adb port 5555.
DEBUG   | Creating ext4 userdata partition: /home/milosvasic/.android/avd/../avd/CZ_API36_Phone.avd/data
Creating filesystem with parameters:
    Size: 6442450944
    Block size: 4096
    Blocks per group: 32768
    Inodes per group: 8192
    Inode size: 256
    Journal blocks: 24576
    Label: 
    Blocks: 1572864
    Block groups: 48
    Reserved block group size: 383
Created filesystem with 11/393216 inodes and 52331/1572864 blocks
DEBUG   | convert img from ext4 /home/milosvasic/.android/avd/../avd/CZ_API36_Phone.avd/userdata-qemu.img to qcow2 image /home/milosvasic/.android/avd/../avd/CZ_API36_Phone.avd/userdata-qemu.img.tmp.qcow2  succeeded, using 101 mini seconds
DEBUG   | Creating empty ext4 cache partition: /tmp/android-milosvasic/emulator-bFWQ4x
Creating filesystem with parameters:
    Size: 69206016
    Block size: 4096
    Blocks per group: 32768
    Inodes per group: 4224
    Inode size: 256
    Journal blocks: 1024
    Label: 
    Blocks: 16896
    Block groups: 1
    Reserved block group size: 7
Created filesystem with 11/4224 inodes and 1302/16896 blocks
DEBUG   | CPU Acceleration: working
DEBUG   | CPU Acceleration status: KVM (version 12) is installed and usable.
DEBUG   | handleCpuAcceleration: feature check for hvf
DEBUG   | Uwb feature is enabled
DEBUG   | Bluetooth requested by guest
DEBUG   | started modem simulator host server at port: 36583
DEBUG   | Path:/home/milosvasic/Android/Sdk/platform-tools/adb protocol version: 41
DEBUG   | Path:/home/milosvasic/Android/Sdk/platform-tools/adb protocol version: 41
DEBUG   | Path:/home/milosvasic/Android/Sdk/platform-tools/adb protocol version: 41
DEBUG   | Found: 3 adb executables
DEBUG   | Adb: /home/milosvasic/Android/Sdk/platform-tools/adb
DEBUG   | Adb: /home/milosvasic/Android/Sdk/platform-tools/adb
DEBUG   | Adb: /home/milosvasic/Android/Sdk/platform-tools/adb
DEBUG   | Path:/home/milosvasic/Android/Sdk/platform-tools/adb protocol version: 41
DEBUG   | Path:/home/milosvasic/Android/Sdk/platform-tools/adb protocol version: 41
DEBUG   | Path:/home/milosvasic/Android/Sdk/platform-tools/adb protocol version: 41
ERROR        | Unable to connect to adb daemon on port: 5037
INFO         | Storing crashdata in: /tmp/android-milosvasic/emu-crash-36.4.10.db, detection is enabled for process: 206339
INFO         | Initializing gfxstream backend
INFO         | android_startOpenglesRenderer: gpu info
INFO         | 
DEBUG   | gfxstreamFeature:GlPipeChecksum = 1
DEBUG   | gfxstreamFeature:Vulkan = 1
DEBUG   | gfxstreamFeature:HasSharedSlotsHostMemoryAllocator = 1
DEBUG   | gfxstreamFeature:VulkanSnapshots = 0
DEBUG   | gfxstreamFeature:NoDelayCloseColorBuffer = 0
DEBUG   | gfxstreamFeature:VirtioGpuNativeSync = 0
DEBUG   | gfxstreamFeature:VulkanShaderFloat16Int8 = 1
DEBUG   | gfxstreamFeature:NativeTextureDecompression = 0
DEBUG   | gfxstreamFeature:VulkanNativeSwapchain = 0
DEBUG   | gfxstreamFeature:VirtioGpuFenceContexts = 0
DEBUG   | gfxstreamFeature:AsyncComposeSupport = 0
DEBUG   | gfxstreamFeature:ExternalBlob = 0
DEBUG   | gfxstreamFeature:SystemBlob = 0
DEBUG   | gfxstreamFeature:GrallocSync = 0
DEBUG   | gfxstreamFeature:GlAsyncSwap = 1
DEBUG   | gfxstreamFeature:GlDma = 1
DEBUG   | gfxstreamFeature:GlDma2 = 0
DEBUG   | gfxstreamFeature:GlDirectMem = 1
DEBUG   | gfxstreamFeature:GlesDynamicVersion = 1
DEBUG   | gfxstreamFeature:RefCountPipe = 1
DEBUG   | gfxstreamFeature:HostComposition = 1
DEBUG   | gfxstreamFeature:VulkanNullOptionalStrings = 1
DEBUG   | gfxstreamFeature:Yuv420888ToNv21 = 0
DEBUG   | gfxstreamFeature:YuvCache = 1
DEBUG   | gfxstreamFeature:VulkanIgnoredHandles = 1
DEBUG   | gfxstreamFeature:VirtioGpuNext = 0
DEBUG   | gfxstreamFeature:VulkanQueueSubmitWithCommands = 1
DEBUG   | gfxstreamFeature:VulkanBatchedDescriptorSetUpdate = 0
DEBUG   | gfxstreamFeature:Minigbm = 0
DEBUG   | gfxstreamFeature:HwcMultiConfigs = 1
DEBUG   | gfxstreamFeature:VulkanAllocateDeviceMemoryOnly = 0
DEBUG   | gfxstreamFeature:VulkanAllocateHostMemory = 0
DEBUG   | gfxstreamFeature:GuestVulkanOnly = 0
DEBUG   | gfxstreamFeature:BypassVulkanDeviceFeatureOverrides = 0
DEBUG   | gfxstreamFeature:VulkanDebugUtils = 0
DEBUG   | gfxstreamFeature:VulkanCommandBufferCheckpoints = 0
DEBUG   | gfxstreamFeature:VulkanVirtualQueue = 1
DEBUG   | gfxstreamFeature:VulkanRobustness = 0
DEBUG   | RenderWindow: CMD_INITIALIZE w=1080 h=2400
DEBUG   | FrameBuffer::initialize()
DEBUG   | FrameBuffer::Impl::initialize
DEBUG   | create display 0
DEBUG   | setDisplayPose 0 x 0 y 0 w 1080 h 2400 dpi 0
INFO         | initIcdPaths: ICD set to 'swiftshader', using Swiftshader ICD
INFO         | Setting ICD filenames for the loader = /home/milosvasic/Android/Sdk/emulator/lib64/vulkan/vk_swiftshader_icd.json
VERBOSE | Enabling error messages from vulkan loader
INFO         | SharedLibrary::open for [/home/milosvasic/Android/Sdk/emulator/qemu/linux-x86_64/lib64/vulkan/libvulkan.so]
VERBOSE | SharedLibrary::open for [/home/milosvasic/Android/Sdk/emulator/qemu/linux-x86_64/lib64/vulkan/libvulkan.so]: not found in map, open for the first time
VERBOSE | SharedLibrary::open for [/home/milosvasic/Android/Sdk/emulator/qemu/linux-x86_64/lib64/vulkan/libvulkan.so] (posix): begin
VERBOSE | SharedLibrary::open for [/home/milosvasic/Android/Sdk/emulator/qemu/linux-x86_64/lib64/vulkan/libvulkan.so] (posix,linux): call dlopen on [/home/milosvasic/Android/Sdk/emulator/qemu/linux-x86_64/lib64/vulkan/libvulkan.so]
VERBOSE | Calling dlopen on /home/milosvasic/Android/Sdk/emulator/qemu/linux-x86_64/lib64/vulkan/libvulkan.so.
VERBOSE | Calling dlopen on /home/milosvasic/Android/Sdk/emulator/qemu/linux-x86_64/lib64/vulkan/libvulkan.so.
VERBOSE | Calling dlopen on /home/milosvasic/Android/Sdk/emulator/qemu/linux-x86_64/lib64/vulkan/libvulkan.so.
VERBOSE | Calling dlopen on /home/milosvasic/Android/Sdk/emulator/qemu/linux-x86_64/lib64/vulkan/libvulkan.so.
VERBOSE | Calling dlopen on /home/milosvasic/Android/Sdk/emulator/qemu/linux-x86_64/lib64/vulkan/libvulkan.so.
VERBOSE | SharedLibrary::open for [/home/milosvasic/Android/Sdk/emulator/qemu/linux-x86_64/lib64/vulkan/libvulkan.so] failed (posix). dlerror: []
DEBUG   | Library cannot be added: /home/milosvasic/Android/Sdk/emulator/qemu/linux-x86_64/lib64/vulkan/libvulkan.so
INFO         | SharedLibrary::open for [/home/milosvasic/Android/Sdk/emulator/qemu/linux-x86_64/lib64/vulkan/libvulkan.so.1]
VERBOSE | SharedLibrary::open for [/home/milosvasic/Android/Sdk/emulator/qemu/linux-x86_64/lib64/vulkan/libvulkan.so.1]: not found in map, open for the first time
VERBOSE | SharedLibrary::open for [/home/milosvasic/Android/Sdk/emulator/qemu/linux-x86_64/lib64/vulkan/libvulkan.so.1] (posix): begin
VERBOSE | SharedLibrary::open for [/home/milosvasic/Android/Sdk/emulator/qemu/linux-x86_64/lib64/vulkan/libvulkan.so.1] (posix,linux): call dlopen on [/home/milosvasic/Android/Sdk/emulator/qemu/linux-x86_64/lib64/vulkan/libvulkan.so.1]
VERBOSE | Calling dlopen on /home/milosvasic/Android/Sdk/emulator/qemu/linux-x86_64/lib64/vulkan/libvulkan.so.1.
VERBOSE | Calling dlopen on /home/milosvasic/Android/Sdk/emulator/qemu/linux-x86_64/lib64/vulkan/libvulkan.so.1.
VERBOSE | Calling dlopen on /home/milosvasic/Android/Sdk/emulator/qemu/linux-x86_64/lib64/vulkan/libvulkan.so.1.
VERBOSE | Calling dlopen on /home/milosvasic/Android/Sdk/emulator/qemu/linux-x86_64/lib64/vulkan/libvulkan.so.1.
VERBOSE | Calling dlopen on /home/milosvasic/Android/Sdk/emulator/qemu/linux-x86_64/lib64/vulkan/libvulkan.so.1.
VERBOSE | SharedLibrary::open for [/home/milosvasic/Android/Sdk/emulator/qemu/linux-x86_64/lib64/vulkan/libvulkan.so.1] failed (posix). dlerror: []
DEBUG   | Library cannot be added: /home/milosvasic/Android/Sdk/emulator/qemu/linux-x86_64/lib64/vulkan/libvulkan.so.1
INFO         | SharedLibrary::open for [/home/milosvasic/Android/Sdk/emulator/lib64/vulkan/libvulkan.so]
VERBOSE | SharedLibrary::open for [/home/milosvasic/Android/Sdk/emulator/lib64/vulkan/libvulkan.so]: not found in map, open for the first time
VERBOSE | SharedLibrary::open for [/home/milosvasic/Android/Sdk/emulator/lib64/vulkan/libvulkan.so] (posix): begin
VERBOSE | SharedLibrary::open for [/home/milosvasic/Android/Sdk/emulator/lib64/vulkan/libvulkan.so] (posix,linux): call dlopen on [/home/milosvasic/Android/Sdk/emulator/lib64/vulkan/libvulkan.so]
VERBOSE | Calling dlopen on /home/milosvasic/Android/Sdk/emulator/lib64/vulkan/libvulkan.so.
VERBOSE | SharedLibrary::open succeeded for [/home/milosvasic/Android/Sdk/emulator/lib64/vulkan/libvulkan.so].
INFO         | Added library: /home/milosvasic/Android/Sdk/emulator/lib64/vulkan/libvulkan.so
[Vulkan Loader] WARNING | LAYER: Path to given binary /home/milosvasic/Android/Sdk/emulator/lib64/vulkan/libvk_swiftshader.so was found to differ from OS loaded path /home/milosvasic/Android/Sdk/emulator/lib64/vulkan/./libvk_swiftshader.so
[Vulkan Loader] WARNING | LAYER: Path to given binary /home/milosvasic/Android/Sdk/emulator/lib64/vulkan/libvk_swiftshader.so was found to differ from OS loaded path /home/milosvasic/Android/Sdk/emulator/lib64/vulkan/./libvk_swiftshader.so
[Vulkan Loader] WARNING | LAYER: Path to given binary /home/milosvasic/Android/Sdk/emulator/lib64/vulkan/libvk_swiftshader.so was found to differ from OS loaded path /home/milosvasic/Android/Sdk/emulator/lib64/vulkan/./libvk_swiftshader.so
DEBUG   | Global loader has instance version = 1.4.328
DEBUG   | global loader has vkEnumerateInstanceVersion returning >= 1.1.
DEBUG   | Creating an instance, asking for version 1.1.0 ...
[Vulkan Loader] WARNING | LAYER: Path to given binary /home/milosvasic/Android/Sdk/emulator/lib64/vulkan/libvk_swiftshader.so was found to differ from OS loaded path /home/milosvasic/Android/Sdk/emulator/lib64/vulkan/./libvk_swiftshader.so
DEBUG   | Found 1 Vulkan physical device(s).
DEBUG   | Considering Vulkan physical device 0 : SwiftShader Device (Subzero)
DEBUG   | VK_EXT_external_memory_dma_buf not found, bailing.
DEBUG   | VK_NV_device_diagnostic_checkpoints not found, bailing.
DEBUG   | VK_EXT_robustness2 not found, bailing.
DEBUG   | Graphics queue family index: 0
DEBUG   | Compute queue family index: 0
DEBUG   | Not Supported: VK_FORMAT_R8G8B8A8_UNORM VK_IMAGE_TYPE_2D VK_IMAGE_TILING_LINEAR VK_IMAGE_USAGE_COLOR_ATTACHMENT_BIT
DEBUG   | Not Supported: VK_FORMAT_R8G8B8A8_UNORM VK_IMAGE_TYPE_2D VK_IMAGE_TILING_LINEAR VK_IMAGE_USAGE_INPUT_ATTACHMENT_BIT
DEBUG   | Supported: VK_FORMAT_R8G8B8A8_UNORM VK_IMAGE_TYPE_2D VK_IMAGE_TILING_LINEAR VK_IMAGE_USAGE_SAMPLED_BIT, supportsExternalMemory? 1, requiresDedicated? 0
DEBUG   | Supported: VK_FORMAT_R8G8B8A8_UNORM VK_IMAGE_TYPE_2D VK_IMAGE_TILING_LINEAR VK_IMAGE_USAGE_TRANSFER_SRC_BIT, supportsExternalMemory? 1, requiresDedicated? 0
DEBUG   | Supported: VK_FORMAT_R8G8B8A8_UNORM VK_IMAGE_TYPE_2D VK_IMAGE_TILING_LINEAR VK_IMAGE_USAGE_TRANSFER_DST_BIT, supportsExternalMemory? 1, requiresDedicated? 0
DEBUG   | Supported: VK_FORMAT_R8G8B8A8_UNORM VK_IMAGE_TYPE_2D VK_IMAGE_TILING_OPTIMAL VK_IMAGE_USAGE_COLOR_ATTACHMENT_BIT, supportsExternalMemory? 1, requiresDedicated? 0
DEBUG   | Supported: VK_FORMAT_R8G8B8A8_UNORM VK_IMAGE_TYPE_2D VK_IMAGE_TILING_OPTIMAL VK_IMAGE_USAGE_INPUT_ATTACHMENT_BIT, supportsExternalMemory? 1, requiresDedicated? 0
DEBUG   | Supported: VK_FORMAT_R8G8B8A8_UNORM VK_IMAGE_TYPE_2D VK_IMAGE_TILING_OPTIMAL VK_IMAGE_USAGE_SAMPLED_BIT, supportsExternalMemory? 1, requiresDedicated? 0
DEBUG   | Supported: VK_FORMAT_R8G8B8A8_UNORM VK_IMAGE_TYPE_2D VK_IMAGE_TILING_OPTIMAL VK_IMAGE_USAGE_TRANSFER_SRC_BIT, supportsExternalMemory? 1, requiresDedicated? 0
DEBUG   | Supported: VK_FORMAT_R8G8B8A8_UNORM VK_IMAGE_TYPE_2D VK_IMAGE_TILING_OPTIMAL VK_IMAGE_USAGE_TRANSFER_DST_BIT, supportsExternalMemory? 1, requiresDedicated? 0
DEBUG   | Not Supported: VK_FORMAT_R8G8B8_UNORM VK_IMAGE_TYPE_2D VK_IMAGE_TILING_LINEAR VK_IMAGE_USAGE_COLOR_ATTACHMENT_BIT
DEBUG   | Not Supported: VK_FORMAT_R8G8B8_UNORM VK_IMAGE_TYPE_2D VK_IMAGE_TILING_LINEAR VK_IMAGE_USAGE_INPUT_ATTACHMENT_BIT
DEBUG   | Not Supported: VK_FORMAT_R8G8B8_UNORM VK_IMAGE_TYPE_2D VK_IMAGE_TILING_LINEAR VK_IMAGE_USAGE_SAMPLED_BIT
DEBUG   | Not Supported: VK_FORMAT_R8G8B8_UNORM VK_IMAGE_TYPE_2D VK_IMAGE_TILING_LINEAR VK_IMAGE_USAGE_TRANSFER_SRC_BIT
DEBUG   | Not Supported: VK_FORMAT_R8G8B8_UNORM VK_IMAGE_TYPE_2D VK_IMAGE_TILING_LINEAR VK_IMAGE_USAGE_TRANSFER_DST_BIT
DEBUG   | Not Supported: VK_FORMAT_R8G8B8_UNORM VK_IMAGE_TYPE_2D VK_IMAGE_TILING_OPTIMAL VK_IMAGE_USAGE_COLOR_ATTACHMENT_BIT
DEBUG   | Not Supported: VK_FORMAT_R8G8B8_UNORM VK_IMAGE_TYPE_2D VK_IMAGE_TILING_OPTIMAL VK_IMAGE_USAGE_INPUT_ATTACHMENT_BIT
DEBUG   | Not Supported: VK_FORMAT_R8G8B8_UNORM VK_IMAGE_TYPE_2D VK_IMAGE_TILING_OPTIMAL VK_IMAGE_USAGE_SAMPLED_BIT
DEBUG   | Not Supported: VK_FORMAT_R8G8B8_UNORM VK_IMAGE_TYPE_2D VK_IMAGE_TILING_OPTIMAL VK_IMAGE_USAGE_TRANSFER_SRC_BIT
DEBUG   | Not Supported: VK_FORMAT_R8G8B8_UNORM VK_IMAGE_TYPE_2D VK_IMAGE_TILING_OPTIMAL VK_IMAGE_USAGE_TRANSFER_DST_BIT
DEBUG   | Not Supported: VK_FORMAT_R5G6B5_UNORM_PACK16 VK_IMAGE_TYPE_2D VK_IMAGE_TILING_LINEAR VK_IMAGE_USAGE_COLOR_ATTACHMENT_BIT
DEBUG   | Not Supported: VK_FORMAT_R5G6B5_UNORM_PACK16 VK_IMAGE_TYPE_2D VK_IMAGE_TILING_LINEAR VK_IMAGE_USAGE_INPUT_ATTACHMENT_BIT
DEBUG   | Supported: VK_FORMAT_R5G6B5_UNORM_PACK16 VK_IMAGE_TYPE_2D VK_IMAGE_TILING_LINEAR VK_IMAGE_USAGE_SAMPLED_BIT, supportsExternalMemory? 1, requiresDedicated? 0
DEBUG   | Supported: VK_FORMAT_R5G6B5_UNORM_PACK16 VK_IMAGE_TYPE_2D VK_IMAGE_TILING_LINEAR VK_IMAGE_USAGE_TRANSFER_SRC_BIT, supportsExternalMemory? 1, requiresDedicated? 0
DEBUG   | Supported: VK_FORMAT_R5G6B5_UNORM_PACK16 VK_IMAGE_TYPE_2D VK_IMAGE_TILING_LINEAR VK_IMAGE_USAGE_TRANSFER_DST_BIT, supportsExternalMemory? 1, requiresDedicated? 0
DEBUG   | Supported: VK_FORMAT_R5G6B5_UNORM_PACK16 VK_IMAGE_TYPE_2D VK_IMAGE_TILING_OPTIMAL VK_IMAGE_USAGE_COLOR_ATTACHMENT_BIT, supportsExternalMemory? 1, requiresDedicated? 0
DEBUG   | Supported: VK_FORMAT_R5G6B5_UNORM_PACK16 VK_IMAGE_TYPE_2D VK_IMAGE_TILING_OPTIMAL VK_IMAGE_USAGE_INPUT_ATTACHMENT_BIT, supportsExternalMemory? 1, requiresDedicated? 0
DEBUG   | Supported: VK_FORMAT_R5G6B5_UNORM_PACK16 VK_IMAGE_TYPE_2D VK_IMAGE_TILING_OPTIMAL VK_IMAGE_USAGE_SAMPLED_BIT, supportsExternalMemory? 1, requiresDedicated? 0
DEBUG   | Supported: VK_FORMAT_R5G6B5_UNORM_PACK16 VK_IMAGE_TYPE_2D VK_IMAGE_TILING_OPTIMAL VK_IMAGE_USAGE_TRANSFER_SRC_BIT, supportsExternalMemory? 1, requiresDedicated? 0
DEBUG   | Supported: VK_FORMAT_R5G6B5_UNORM_PACK16 VK_IMAGE_TYPE_2D VK_IMAGE_TILING_OPTIMAL VK_IMAGE_USAGE_TRANSFER_DST_BIT, supportsExternalMemory? 1, requiresDedicated? 0
DEBUG   | Not Supported: VK_FORMAT_A1R5G5B5_UNORM_PACK16 VK_IMAGE_TYPE_2D VK_IMAGE_TILING_LINEAR VK_IMAGE_USAGE_COLOR_ATTACHMENT_BIT
DEBUG   | Not Supported: VK_FORMAT_A1R5G5B5_UNORM_PACK16 VK_IMAGE_TYPE_2D VK_IMAGE_TILING_LINEAR VK_IMAGE_USAGE_INPUT_ATTACHMENT_BIT
DEBUG   | Supported: VK_FORMAT_A1R5G5B5_UNORM_PACK16 VK_IMAGE_TYPE_2D VK_IMAGE_TILING_LINEAR VK_IMAGE_USAGE_SAMPLED_BIT, supportsExternalMemory? 1, requiresDedicated? 0
DEBUG   | Supported: VK_FORMAT_A1R5G5B5_UNORM_PACK16 VK_IMAGE_TYPE_2D VK_IMAGE_TILING_LINEAR VK_IMAGE_USAGE_TRANSFER_SRC_BIT, supportsExternalMemory? 1, requiresDedicated? 0
DEBUG   | Supported: VK_FORMAT_A1R5G5B5_UNORM_PACK16 VK_IMAGE_TYPE_2D VK_IMAGE_TILING_LINEAR VK_IMAGE_USAGE_TRANSFER_DST_BIT, supportsExternalMemory? 1, requiresDedicated? 0
DEBUG   | Supported: VK_FORMAT_A1R5G5B5_UNORM_PACK16 VK_IMAGE_TYPE_2D VK_IMAGE_TILING_OPTIMAL VK_IMAGE_USAGE_COLOR_ATTACHMENT_BIT, supportsExternalMemory? 1, requiresDedicated? 0
DEBUG   | Supported: VK_FORMAT_A1R5G5B5_UNORM_PACK16 VK_IMAGE_TYPE_2D VK_IMAGE_TILING_OPTIMAL VK_IMAGE_USAGE_INPUT_ATTACHMENT_BIT, supportsExternalMemory? 1, requiresDedicated? 0
DEBUG   | Supported: VK_FORMAT_A1R5G5B5_UNORM_PACK16 VK_IMAGE_TYPE_2D VK_IMAGE_TILING_OPTIMAL VK_IMAGE_USAGE_SAMPLED_BIT, supportsExternalMemory? 1, requiresDedicated? 0
DEBUG   | Supported: VK_FORMAT_A1R5G5B5_UNORM_PACK16 VK_IMAGE_TYPE_2D VK_IMAGE_TILING_OPTIMAL VK_IMAGE_USAGE_TRANSFER_SRC_BIT, supportsExternalMemory? 1, requiresDedicated? 0
DEBUG   | Supported: VK_FORMAT_A1R5G5B5_UNORM_PACK16 VK_IMAGE_TYPE_2D VK_IMAGE_TILING_OPTIMAL VK_IMAGE_USAGE_TRANSFER_DST_BIT, supportsExternalMemory? 1, requiresDedicated? 0
DEBUG   | Not Supported: VK_FORMAT_R16G16B16A16_SFLOAT VK_IMAGE_TYPE_2D VK_IMAGE_TILING_LINEAR VK_IMAGE_USAGE_COLOR_ATTACHMENT_BIT
DEBUG   | Not Supported: VK_FORMAT_R16G16B16A16_SFLOAT VK_IMAGE_TYPE_2D VK_IMAGE_TILING_LINEAR VK_IMAGE_USAGE_INPUT_ATTACHMENT_BIT
DEBUG   | Supported: VK_FORMAT_R16G16B16A16_SFLOAT VK_IMAGE_TYPE_2D VK_IMAGE_TILING_LINEAR VK_IMAGE_USAGE_SAMPLED_BIT, supportsExternalMemory? 1, requiresDedicated? 0
DEBUG   | Supported: VK_FORMAT_R16G16B16A16_SFLOAT VK_IMAGE_TYPE_2D VK_IMAGE_TILING_LINEAR VK_IMAGE_USAGE_TRANSFER_SRC_BIT, supportsExternalMemory? 1, requiresDedicated? 0
DEBUG   | Supported: VK_FORMAT_R16G16B16A16_SFLOAT VK_IMAGE_TYPE_2D VK_IMAGE_TILING_LINEAR VK_IMAGE_USAGE_TRANSFER_DST_BIT, supportsExternalMemory? 1, requiresDedicated? 0
DEBUG   | Supported: VK_FORMAT_R16G16B16A16_SFLOAT VK_IMAGE_TYPE_2D VK_IMAGE_TILING_OPTIMAL VK_IMAGE_USAGE_COLOR_ATTACHMENT_BIT, supportsExternalMemory? 1, requiresDedicated? 0
DEBUG   | Supported: VK_FORMAT_R16G16B16A16_SFLOAT VK_IMAGE_TYPE_2D VK_IMAGE_TILING_OPTIMAL VK_IMAGE_USAGE_INPUT_ATTACHMENT_BIT, supportsExternalMemory? 1, requiresDedicated? 0
DEBUG   | Supported: VK_FORMAT_R16G16B16A16_SFLOAT VK_IMAGE_TYPE_2D VK_IMAGE_TILING_OPTIMAL VK_IMAGE_USAGE_SAMPLED_BIT, supportsExternalMemory? 1, requiresDedicated? 0
DEBUG   | Supported: VK_FORMAT_R16G16B16A16_SFLOAT VK_IMAGE_TYPE_2D VK_IMAGE_TILING_OPTIMAL VK_IMAGE_USAGE_TRANSFER_SRC_BIT, supportsExternalMemory? 1, requiresDedicated? 0
DEBUG   | Supported: VK_FORMAT_R16G16B16A16_SFLOAT VK_IMAGE_TYPE_2D VK_IMAGE_TILING_OPTIMAL VK_IMAGE_USAGE_TRANSFER_DST_BIT, supportsExternalMemory? 1, requiresDedicated? 0
DEBUG   | Not Supported: VK_FORMAT_R16G16B16_SFLOAT VK_IMAGE_TYPE_2D VK_IMAGE_TILING_LINEAR VK_IMAGE_USAGE_COLOR_ATTACHMENT_BIT
DEBUG   | Not Supported: VK_FORMAT_R16G16B16_SFLOAT VK_IMAGE_TYPE_2D VK_IMAGE_TILING_LINEAR VK_IMAGE_USAGE_INPUT_ATTACHMENT_BIT
DEBUG   | Not Supported: VK_FORMAT_R16G16B16_SFLOAT VK_IMAGE_TYPE_2D VK_IMAGE_TILING_LINEAR VK_IMAGE_USAGE_SAMPLED_BIT
DEBUG   | Not Supported: VK_FORMAT_R16G16B16_SFLOAT VK_IMAGE_TYPE_2D VK_IMAGE_TILING_LINEAR VK_IMAGE_USAGE_TRANSFER_SRC_BIT
DEBUG   | Not Supported: VK_FORMAT_R16G16B16_SFLOAT VK_IMAGE_TYPE_2D VK_IMAGE_TILING_LINEAR VK_IMAGE_USAGE_TRANSFER_DST_BIT
DEBUG   | Not Supported: VK_FORMAT_R16G16B16_SFLOAT VK_IMAGE_TYPE_2D VK_IMAGE_TILING_OPTIMAL VK_IMAGE_USAGE_COLOR_ATTACHMENT_BIT
DEBUG   | Not Supported: VK_FORMAT_R16G16B16_SFLOAT VK_IMAGE_TYPE_2D VK_IMAGE_TILING_OPTIMAL VK_IMAGE_USAGE_INPUT_ATTACHMENT_BIT
DEBUG   | Not Supported: VK_FORMAT_R16G16B16_SFLOAT VK_IMAGE_TYPE_2D VK_IMAGE_TILING_OPTIMAL VK_IMAGE_USAGE_SAMPLED_BIT
DEBUG   | Not Supported: VK_FORMAT_R16G16B16_SFLOAT VK_IMAGE_TYPE_2D VK_IMAGE_TILING_OPTIMAL VK_IMAGE_USAGE_TRANSFER_SRC_BIT
DEBUG   | Not Supported: VK_FORMAT_R16G16B16_SFLOAT VK_IMAGE_TYPE_2D VK_IMAGE_TILING_OPTIMAL VK_IMAGE_USAGE_TRANSFER_DST_BIT
DEBUG   | Not Supported: VK_FORMAT_B8G8R8A8_UNORM VK_IMAGE_TYPE_2D VK_IMAGE_TILING_LINEAR VK_IMAGE_USAGE_COLOR_ATTACHMENT_BIT
DEBUG   | Not Supported: VK_FORMAT_B8G8R8A8_UNORM VK_IMAGE_TYPE_2D VK_IMAGE_TILING_LINEAR VK_IMAGE_USAGE_INPUT_ATTACHMENT_BIT
DEBUG   | Supported: VK_FORMAT_B8G8R8A8_UNORM VK_IMAGE_TYPE_2D VK_IMAGE_TILING_LINEAR VK_IMAGE_USAGE_SAMPLED_BIT, supportsExternalMemory? 1, requiresDedicated? 0
DEBUG   | Supported: VK_FORMAT_B8G8R8A8_UNORM VK_IMAGE_TYPE_2D VK_IMAGE_TILING_LINEAR VK_IMAGE_USAGE_TRANSFER_SRC_BIT, supportsExternalMemory? 1, requiresDedicated? 0
DEBUG   | Supported: VK_FORMAT_B8G8R8A8_UNORM VK_IMAGE_TYPE_2D VK_IMAGE_TILING_LINEAR VK_IMAGE_USAGE_TRANSFER_DST_BIT, supportsExternalMemory? 1, requiresDedicated? 0
DEBUG   | Supported: VK_FORMAT_B8G8R8A8_UNORM VK_IMAGE_TYPE_2D VK_IMAGE_TILING_OPTIMAL VK_IMAGE_USAGE_COLOR_ATTACHMENT_BIT, supportsExternalMemory? 1, requiresDedicated? 0
DEBUG   | Supported: VK_FORMAT_B8G8R8A8_UNORM VK_IMAGE_TYPE_2D VK_IMAGE_TILING_OPTIMAL VK_IMAGE_USAGE_INPUT_ATTACHMENT_BIT, supportsExternalMemory? 1, requiresDedicated? 0
DEBUG   | Supported: VK_FORMAT_B8G8R8A8_UNORM VK_IMAGE_TYPE_2D VK_IMAGE_TILING_OPTIMAL VK_IMAGE_USAGE_SAMPLED_BIT, supportsExternalMemory? 1, requiresDedicated? 0
DEBUG   | Supported: VK_FORMAT_B8G8R8A8_UNORM VK_IMAGE_TYPE_2D VK_IMAGE_TILING_OPTIMAL VK_IMAGE_USAGE_TRANSFER_SRC_BIT, supportsExternalMemory? 1, requiresDedicated? 0
DEBUG   | Supported: VK_FORMAT_B8G8R8A8_UNORM VK_IMAGE_TYPE_2D VK_IMAGE_TILING_OPTIMAL VK_IMAGE_USAGE_TRANSFER_DST_BIT, supportsExternalMemory? 1, requiresDedicated? 0
DEBUG   | Not Supported: VK_FORMAT_B4G4R4A4_UNORM_PACK16 VK_IMAGE_TYPE_2D VK_IMAGE_TILING_LINEAR VK_IMAGE_USAGE_COLOR_ATTACHMENT_BIT
DEBUG   | Not Supported: VK_FORMAT_B4G4R4A4_UNORM_PACK16 VK_IMAGE_TYPE_2D VK_IMAGE_TILING_LINEAR VK_IMAGE_USAGE_INPUT_ATTACHMENT_BIT
DEBUG   | Supported: VK_FORMAT_B4G4R4A4_UNORM_PACK16 VK_IMAGE_TYPE_2D VK_IMAGE_TILING_LINEAR VK_IMAGE_USAGE_SAMPLED_BIT, supportsExternalMemory? 1, requiresDedicated? 0
DEBUG   | Supported: VK_FORMAT_B4G4R4A4_UNORM_PACK16 VK_IMAGE_TYPE_2D VK_IMAGE_TILING_LINEAR VK_IMAGE_USAGE_TRANSFER_SRC_BIT, supportsExternalMemory? 1, requiresDedicated? 0
DEBUG   | Supported: VK_FORMAT_B4G4R4A4_UNORM_PACK16 VK_IMAGE_TYPE_2D VK_IMAGE_TILING_LINEAR VK_IMAGE_USAGE_TRANSFER_DST_BIT, supportsExternalMemory? 1, requiresDedicated? 0
DEBUG   | Supported: VK_FORMAT_B4G4R4A4_UNORM_PACK16 VK_IMAGE_TYPE_2D VK_IMAGE_TILING_OPTIMAL VK_IMAGE_USAGE_COLOR_ATTACHMENT_BIT, supportsExternalMemory? 1, requiresDedicated? 0
DEBUG   | Supported: VK_FORMAT_B4G4R4A4_UNORM_PACK16 VK_IMAGE_TYPE_2D VK_IMAGE_TILING_OPTIMAL VK_IMAGE_USAGE_INPUT_ATTACHMENT_BIT, supportsExternalMemory? 1, requiresDedicated? 0
DEBUG   | Supported: VK_FORMAT_B4G4R4A4_UNORM_PACK16 VK_IMAGE_TYPE_2D VK_IMAGE_TILING_OPTIMAL VK_IMAGE_USAGE_SAMPLED_BIT, supportsExternalMemory? 1, requiresDedicated? 0
DEBUG   | Supported: VK_FORMAT_B4G4R4A4_UNORM_PACK16 VK_IMAGE_TYPE_2D VK_IMAGE_TILING_OPTIMAL VK_IMAGE_USAGE_TRANSFER_SRC_BIT, supportsExternalMemory? 1, requiresDedicated? 0
DEBUG   | Supported: VK_FORMAT_B4G4R4A4_UNORM_PACK16 VK_IMAGE_TYPE_2D VK_IMAGE_TILING_OPTIMAL VK_IMAGE_USAGE_TRANSFER_DST_BIT, supportsExternalMemory? 1, requiresDedicated? 0
DEBUG   | Not Supported: VK_FORMAT_R4G4B4A4_UNORM_PACK16 VK_IMAGE_TYPE_2D VK_IMAGE_TILING_LINEAR VK_IMAGE_USAGE_COLOR_ATTACHMENT_BIT
DEBUG   | Not Supported: VK_FORMAT_R4G4B4A4_UNORM_PACK16 VK_IMAGE_TYPE_2D VK_IMAGE_TILING_LINEAR VK_IMAGE_USAGE_INPUT_ATTACHMENT_BIT
DEBUG   | Supported: VK_FORMAT_R4G4B4A4_UNORM_PACK16 VK_IMAGE_TYPE_2D VK_IMAGE_TILING_LINEAR VK_IMAGE_USAGE_SAMPLED_BIT, supportsExternalMemory? 1, requiresDedicated? 0
DEBUG   | Supported: VK_FORMAT_R4G4B4A4_UNORM_PACK16 VK_IMAGE_TYPE_2D VK_IMAGE_TILING_LINEAR VK_IMAGE_USAGE_TRANSFER_SRC_BIT, supportsExternalMemory? 1, requiresDedicated? 0
DEBUG   | Supported: VK_FORMAT_R4G4B4A4_UNORM_PACK16 VK_IMAGE_TYPE_2D VK_IMAGE_TILING_LINEAR VK_IMAGE_USAGE_TRANSFER_DST_BIT, supportsExternalMemory? 1, requiresDedicated? 0
DEBUG   | Supported: VK_FORMAT_R4G4B4A4_UNORM_PACK16 VK_IMAGE_TYPE_2D VK_IMAGE_TILING_OPTIMAL VK_IMAGE_USAGE_COLOR_ATTACHMENT_BIT, supportsExternalMemory? 1, requiresDedicated? 0
DEBUG   | Supported: VK_FORMAT_R4G4B4A4_UNORM_PACK16 VK_IMAGE_TYPE_2D VK_IMAGE_TILING_OPTIMAL VK_IMAGE_USAGE_INPUT_ATTACHMENT_BIT, supportsExternalMemory? 1, requiresDedicated? 0
DEBUG   | Supported: VK_FORMAT_R4G4B4A4_UNORM_PACK16 VK_IMAGE_TYPE_2D VK_IMAGE_TILING_OPTIMAL VK_IMAGE_USAGE_SAMPLED_BIT, supportsExternalMemory? 1, requiresDedicated? 0
DEBUG   | Supported: VK_FORMAT_R4G4B4A4_UNORM_PACK16 VK_IMAGE_TYPE_2D VK_IMAGE_TILING_OPTIMAL VK_IMAGE_USAGE_TRANSFER_SRC_BIT, supportsExternalMemory? 1, requiresDedicated? 0
DEBUG   | Supported: VK_FORMAT_R4G4B4A4_UNORM_PACK16 VK_IMAGE_TYPE_2D VK_IMAGE_TILING_OPTIMAL VK_IMAGE_USAGE_TRANSFER_DST_BIT, supportsExternalMemory? 1, requiresDedicated? 0
DEBUG   | Not Supported: VK_FORMAT_R8_UNORM VK_IMAGE_TYPE_2D VK_IMAGE_TILING_LINEAR VK_IMAGE_USAGE_COLOR_ATTACHMENT_BIT
DEBUG   | Not Supported: VK_FORMAT_R8_UNORM VK_IMAGE_TYPE_2D VK_IMAGE_TILING_LINEAR VK_IMAGE_USAGE_INPUT_ATTACHMENT_BIT
DEBUG   | Supported: VK_FORMAT_R8_UNORM VK_IMAGE_TYPE_2D VK_IMAGE_TILING_LINEAR VK_IMAGE_USAGE_SAMPLED_BIT, supportsExternalMemory? 1, requiresDedicated? 0
DEBUG   | Supported: VK_FORMAT_R8_UNORM VK_IMAGE_TYPE_2D VK_IMAGE_TILING_LINEAR VK_IMAGE_USAGE_TRANSFER_SRC_BIT, supportsExternalMemory? 1, requiresDedicated? 0
DEBUG   | Supported: VK_FORMAT_R8_UNORM VK_IMAGE_TYPE_2D VK_IMAGE_TILING_LINEAR VK_IMAGE_USAGE_TRANSFER_DST_BIT, supportsExternalMemory? 1, requiresDedicated? 0
DEBUG   | Supported: VK_FORMAT_R8_UNORM VK_IMAGE_TYPE_2D VK_IMAGE_TILING_OPTIMAL VK_IMAGE_USAGE_COLOR_ATTACHMENT_BIT, supportsExternalMemory? 1, requiresDedicated? 0
DEBUG   | Supported: VK_FORMAT_R8_UNORM VK_IMAGE_TYPE_2D VK_IMAGE_TILING_OPTIMAL VK_IMAGE_USAGE_INPUT_ATTACHMENT_BIT, supportsExternalMemory? 1, requiresDedicated? 0
DEBUG   | Supported: VK_FORMAT_R8_UNORM VK_IMAGE_TYPE_2D VK_IMAGE_TILING_OPTIMAL VK_IMAGE_USAGE_SAMPLED_BIT, supportsExternalMemory? 1, requiresDedicated? 0
DEBUG   | Supported: VK_FORMAT_R8_UNORM VK_IMAGE_TYPE_2D VK_IMAGE_TILING_OPTIMAL VK_IMAGE_USAGE_TRANSFER_SRC_BIT, supportsExternalMemory? 1, requiresDedicated? 0
DEBUG   | Supported: VK_FORMAT_R8_UNORM VK_IMAGE_TYPE_2D VK_IMAGE_TILING_OPTIMAL VK_IMAGE_USAGE_TRANSFER_DST_BIT, supportsExternalMemory? 1, requiresDedicated? 0
DEBUG   | Not Supported: VK_FORMAT_R16_UNORM VK_IMAGE_TYPE_2D VK_IMAGE_TILING_LINEAR VK_IMAGE_USAGE_COLOR_ATTACHMENT_BIT
DEBUG   | Not Supported: VK_FORMAT_R16_UNORM VK_IMAGE_TYPE_2D VK_IMAGE_TILING_LINEAR VK_IMAGE_USAGE_INPUT_ATTACHMENT_BIT
DEBUG   | Supported: VK_FORMAT_R16_UNORM VK_IMAGE_TYPE_2D VK_IMAGE_TILING_LINEAR VK_IMAGE_USAGE_SAMPLED_BIT, supportsExternalMemory? 1, requiresDedicated? 0
DEBUG   | Supported: VK_FORMAT_R16_UNORM VK_IMAGE_TYPE_2D VK_IMAGE_TILING_LINEAR VK_IMAGE_USAGE_TRANSFER_SRC_BIT, supportsExternalMemory? 1, requiresDedicated? 0
DEBUG   | Supported: VK_FORMAT_R16_UNORM VK_IMAGE_TYPE_2D VK_IMAGE_TILING_LINEAR VK_IMAGE_USAGE_TRANSFER_DST_BIT, supportsExternalMemory? 1, requiresDedicated? 0
DEBUG   | Supported: VK_FORMAT_R16_UNORM VK_IMAGE_TYPE_2D VK_IMAGE_TILING_OPTIMAL VK_IMAGE_USAGE_COLOR_ATTACHMENT_BIT, supportsExternalMemory? 1, requiresDedicated? 0
DEBUG   | Supported: VK_FORMAT_R16_UNORM VK_IMAGE_TYPE_2D VK_IMAGE_TILING_OPTIMAL VK_IMAGE_USAGE_INPUT_ATTACHMENT_BIT, supportsExternalMemory? 1, requiresDedicated? 0
DEBUG   | Supported: VK_FORMAT_R16_UNORM VK_IMAGE_TYPE_2D VK_IMAGE_TILING_OPTIMAL VK_IMAGE_USAGE_SAMPLED_BIT, supportsExternalMemory? 1, requiresDedicated? 0
DEBUG   | Supported: VK_FORMAT_R16_UNORM VK_IMAGE_TYPE_2D VK_IMAGE_TILING_OPTIMAL VK_IMAGE_USAGE_TRANSFER_SRC_BIT, supportsExternalMemory? 1, requiresDedicated? 0
DEBUG   | Supported: VK_FORMAT_R16_UNORM VK_IMAGE_TYPE_2D VK_IMAGE_TILING_OPTIMAL VK_IMAGE_USAGE_TRANSFER_DST_BIT, supportsExternalMemory? 1, requiresDedicated? 0
DEBUG   | Not Supported: VK_FORMAT_A2R10G10B10_UINT_PACK32 VK_IMAGE_TYPE_2D VK_IMAGE_TILING_LINEAR VK_IMAGE_USAGE_COLOR_ATTACHMENT_BIT
DEBUG   | Not Supported: VK_FORMAT_A2R10G10B10_UINT_PACK32 VK_IMAGE_TYPE_2D VK_IMAGE_TILING_LINEAR VK_IMAGE_USAGE_INPUT_ATTACHMENT_BIT
DEBUG   | Supported: VK_FORMAT_A2R10G10B10_UINT_PACK32 VK_IMAGE_TYPE_2D VK_IMAGE_TILING_LINEAR VK_IMAGE_USAGE_SAMPLED_BIT, supportsExternalMemory? 1, requiresDedicated? 0
DEBUG   | Supported: VK_FORMAT_A2R10G10B10_UINT_PACK32 VK_IMAGE_TYPE_2D VK_IMAGE_TILING_LINEAR VK_IMAGE_USAGE_TRANSFER_SRC_BIT, supportsExternalMemory? 1, requiresDedicated? 0
DEBUG   | Supported: VK_FORMAT_A2R10G10B10_UINT_PACK32 VK_IMAGE_TYPE_2D VK_IMAGE_TILING_LINEAR VK_IMAGE_USAGE_TRANSFER_DST_BIT, supportsExternalMemory? 1, requiresDedicated? 0
DEBUG   | Supported: VK_FORMAT_A2R10G10B10_UINT_PACK32 VK_IMAGE_TYPE_2D VK_IMAGE_TILING_OPTIMAL VK_IMAGE_USAGE_COLOR_ATTACHMENT_BIT, supportsExternalMemory? 1, requiresDedicated? 0
DEBUG   | Supported: VK_FORMAT_A2R10G10B10_UINT_PACK32 VK_IMAGE_TYPE_2D VK_IMAGE_TILING_OPTIMAL VK_IMAGE_USAGE_INPUT_ATTACHMENT_BIT, supportsExternalMemory? 1, requiresDedicated? 0
DEBUG   | Supported: VK_FORMAT_A2R10G10B10_UINT_PACK32 VK_IMAGE_TYPE_2D VK_IMAGE_TILING_OPTIMAL VK_IMAGE_USAGE_SAMPLED_BIT, supportsExternalMemory? 1, requiresDedicated? 0
DEBUG   | Supported: VK_FORMAT_A2R10G10B10_UINT_PACK32 VK_IMAGE_TYPE_2D VK_IMAGE_TILING_OPTIMAL VK_IMAGE_USAGE_TRANSFER_SRC_BIT, supportsExternalMemory? 1, requiresDedicated? 0
DEBUG   | Supported: VK_FORMAT_A2R10G10B10_UINT_PACK32 VK_IMAGE_TYPE_2D VK_IMAGE_TILING_OPTIMAL VK_IMAGE_USAGE_TRANSFER_DST_BIT, supportsExternalMemory? 1, requiresDedicated? 0
DEBUG   | Not Supported: VK_FORMAT_A2R10G10B10_UNORM_PACK32 VK_IMAGE_TYPE_2D VK_IMAGE_TILING_LINEAR VK_IMAGE_USAGE_COLOR_ATTACHMENT_BIT
DEBUG   | Not Supported: VK_FORMAT_A2R10G10B10_UNORM_PACK32 VK_IMAGE_TYPE_2D VK_IMAGE_TILING_LINEAR VK_IMAGE_USAGE_INPUT_ATTACHMENT_BIT
DEBUG   | Supported: VK_FORMAT_A2R10G10B10_UNORM_PACK32 VK_IMAGE_TYPE_2D VK_IMAGE_TILING_LINEAR VK_IMAGE_USAGE_SAMPLED_BIT, supportsExternalMemory? 1, requiresDedicated? 0
DEBUG   | Supported: VK_FORMAT_A2R10G10B10_UNORM_PACK32 VK_IMAGE_TYPE_2D VK_IMAGE_TILING_LINEAR VK_IMAGE_USAGE_TRANSFER_SRC_BIT, supportsExternalMemory? 1, requiresDedicated? 0
DEBUG   | Supported: VK_FORMAT_A2R10G10B10_UNORM_PACK32 VK_IMAGE_TYPE_2D VK_IMAGE_TILING_LINEAR VK_IMAGE_USAGE_TRANSFER_DST_BIT, supportsExternalMemory? 1, requiresDedicated? 0
DEBUG   | Supported: VK_FORMAT_A2R10G10B10_UNORM_PACK32 VK_IMAGE_TYPE_2D VK_IMAGE_TILING_OPTIMAL VK_IMAGE_USAGE_COLOR_ATTACHMENT_BIT, supportsExternalMemory? 1, requiresDedicated? 0
DEBUG   | Supported: VK_FORMAT_A2R10G10B10_UNORM_PACK32 VK_IMAGE_TYPE_2D VK_IMAGE_TILING_OPTIMAL VK_IMAGE_USAGE_INPUT_ATTACHMENT_BIT, supportsExternalMemory? 1, requiresDedicated? 0
DEBUG   | Supported: VK_FORMAT_A2R10G10B10_UNORM_PACK32 VK_IMAGE_TYPE_2D VK_IMAGE_TILING_OPTIMAL VK_IMAGE_USAGE_SAMPLED_BIT, supportsExternalMemory? 1, requiresDedicated? 0
DEBUG   | Supported: VK_FORMAT_A2R10G10B10_UNORM_PACK32 VK_IMAGE_TYPE_2D VK_IMAGE_TILING_OPTIMAL VK_IMAGE_USAGE_TRANSFER_SRC_BIT, supportsExternalMemory? 1, requiresDedicated? 0
DEBUG   | Supported: VK_FORMAT_A2R10G10B10_UNORM_PACK32 VK_IMAGE_TYPE_2D VK_IMAGE_TILING_OPTIMAL VK_IMAGE_USAGE_TRANSFER_DST_BIT, supportsExternalMemory? 1, requiresDedicated? 0
DEBUG   | Not Supported: VK_FORMAT_A2B10G10R10_UNORM_PACK32 VK_IMAGE_TYPE_2D VK_IMAGE_TILING_LINEAR VK_IMAGE_USAGE_COLOR_ATTACHMENT_BIT
DEBUG   | Not Supported: VK_FORMAT_A2B10G10R10_UNORM_PACK32 VK_IMAGE_TYPE_2D VK_IMAGE_TILING_LINEAR VK_IMAGE_USAGE_INPUT_ATTACHMENT_BIT
DEBUG   | Supported: VK_FORMAT_A2B10G10R10_UNORM_PACK32 VK_IMAGE_TYPE_2D VK_IMAGE_TILING_LINEAR VK_IMAGE_USAGE_SAMPLED_BIT, supportsExternalMemory? 1, requiresDedicated? 0
DEBUG   | Supported: VK_FORMAT_A2B10G10R10_UNORM_PACK32 VK_IMAGE_TYPE_2D VK_IMAGE_TILING_LINEAR VK_IMAGE_USAGE_TRANSFER_SRC_BIT, supportsExternalMemory? 1, requiresDedicated? 0
DEBUG   | Supported: VK_FORMAT_A2B10G10R10_UNORM_PACK32 VK_IMAGE_TYPE_2D VK_IMAGE_TILING_LINEAR VK_IMAGE_USAGE_TRANSFER_DST_BIT, supportsExternalMemory? 1, requiresDedicated? 0
DEBUG   | Supported: VK_FORMAT_A2B10G10R10_UNORM_PACK32 VK_IMAGE_TYPE_2D VK_IMAGE_TILING_OPTIMAL VK_IMAGE_USAGE_COLOR_ATTACHMENT_BIT, supportsExternalMemory? 1, requiresDedicated? 0
DEBUG   | Supported: VK_FORMAT_A2B10G10R10_UNORM_PACK32 VK_IMAGE_TYPE_2D VK_IMAGE_TILING_OPTIMAL VK_IMAGE_USAGE_INPUT_ATTACHMENT_BIT, supportsExternalMemory? 1, requiresDedicated? 0
DEBUG   | Supported: VK_FORMAT_A2B10G10R10_UNORM_PACK32 VK_IMAGE_TYPE_2D VK_IMAGE_TILING_OPTIMAL VK_IMAGE_USAGE_SAMPLED_BIT, supportsExternalMemory? 1, requiresDedicated? 0
DEBUG   | Supported: VK_FORMAT_A2B10G10R10_UNORM_PACK32 VK_IMAGE_TYPE_2D VK_IMAGE_TILING_OPTIMAL VK_IMAGE_USAGE_TRANSFER_SRC_BIT, supportsExternalMemory? 1, requiresDedicated? 0
DEBUG   | Supported: VK_FORMAT_A2B10G10R10_UNORM_PACK32 VK_IMAGE_TYPE_2D VK_IMAGE_TILING_OPTIMAL VK_IMAGE_USAGE_TRANSFER_DST_BIT, supportsExternalMemory? 1, requiresDedicated? 0
DEBUG   | Not Supported: VK_FORMAT_ETC2_R8G8B8A8_UNORM_BLOCK VK_IMAGE_TYPE_2D VK_IMAGE_TILING_LINEAR VK_IMAGE_USAGE_COLOR_ATTACHMENT_BIT
DEBUG   | Not Supported: VK_FORMAT_ETC2_R8G8B8A8_UNORM_BLOCK VK_IMAGE_TYPE_2D VK_IMAGE_TILING_LINEAR VK_IMAGE_USAGE_INPUT_ATTACHMENT_BIT
DEBUG   | Not Supported: VK_FORMAT_ETC2_R8G8B8A8_UNORM_BLOCK VK_IMAGE_TYPE_2D VK_IMAGE_TILING_LINEAR VK_IMAGE_USAGE_SAMPLED_BIT
DEBUG   | Supported: VK_FORMAT_ETC2_R8G8B8A8_UNORM_BLOCK VK_IMAGE_TYPE_2D VK_IMAGE_TILING_LINEAR VK_IMAGE_USAGE_TRANSFER_SRC_BIT, supportsExternalMemory? 1, requiresDedicated? 0
DEBUG   | Supported: VK_FORMAT_ETC2_R8G8B8A8_UNORM_BLOCK VK_IMAGE_TYPE_2D VK_IMAGE_TILING_LINEAR VK_IMAGE_USAGE_TRANSFER_DST_BIT, supportsExternalMemory? 1, requiresDedicated? 0
DEBUG   | Not Supported: VK_FORMAT_ETC2_R8G8B8A8_UNORM_BLOCK VK_IMAGE_TYPE_2D VK_IMAGE_TILING_OPTIMAL VK_IMAGE_USAGE_COLOR_ATTACHMENT_BIT
DEBUG   | Not Supported: VK_FORMAT_ETC2_R8G8B8A8_UNORM_BLOCK VK_IMAGE_TYPE_2D VK_IMAGE_TILING_OPTIMAL VK_IMAGE_USAGE_INPUT_ATTACHMENT_BIT
DEBUG   | Supported: VK_FORMAT_ETC2_R8G8B8A8_UNORM_BLOCK VK_IMAGE_TYPE_2D VK_IMAGE_TILING_OPTIMAL VK_IMAGE_USAGE_SAMPLED_BIT, supportsExternalMemory? 1, requiresDedicated? 0
DEBUG   | Supported: VK_FORMAT_ETC2_R8G8B8A8_UNORM_BLOCK VK_IMAGE_TYPE_2D VK_IMAGE_TILING_OPTIMAL VK_IMAGE_USAGE_TRANSFER_SRC_BIT, supportsExternalMemory? 1, requiresDedicated? 0
DEBUG   | Supported: VK_FORMAT_ETC2_R8G8B8A8_UNORM_BLOCK VK_IMAGE_TYPE_2D VK_IMAGE_TILING_OPTIMAL VK_IMAGE_USAGE_TRANSFER_DST_BIT, supportsExternalMemory? 1, requiresDedicated? 0
DEBUG   | Not Supported: VK_FORMAT_ASTC_4x4_UNORM_BLOCK VK_IMAGE_TYPE_2D VK_IMAGE_TILING_LINEAR VK_IMAGE_USAGE_COLOR_ATTACHMENT_BIT
DEBUG   | Not Supported: VK_FORMAT_ASTC_4x4_UNORM_BLOCK VK_IMAGE_TYPE_2D VK_IMAGE_TILING_LINEAR VK_IMAGE_USAGE_INPUT_ATTACHMENT_BIT
DEBUG   | Not Supported: VK_FORMAT_ASTC_4x4_UNORM_BLOCK VK_IMAGE_TYPE_2D VK_IMAGE_TILING_LINEAR VK_IMAGE_USAGE_SAMPLED_BIT
DEBUG   | Supported: VK_FORMAT_ASTC_4x4_UNORM_BLOCK VK_IMAGE_TYPE_2D VK_IMAGE_TILING_LINEAR VK_IMAGE_USAGE_TRANSFER_SRC_BIT, supportsExternalMemory? 1, requiresDedicated? 0
DEBUG   | Supported: VK_FORMAT_ASTC_4x4_UNORM_BLOCK VK_IMAGE_TYPE_2D VK_IMAGE_TILING_LINEAR VK_IMAGE_USAGE_TRANSFER_DST_BIT, supportsExternalMemory? 1, requiresDedicated? 0
DEBUG   | Not Supported: VK_FORMAT_ASTC_4x4_UNORM_BLOCK VK_IMAGE_TYPE_2D VK_IMAGE_TILING_OPTIMAL VK_IMAGE_USAGE_COLOR_ATTACHMENT_BIT
DEBUG   | Not Supported: VK_FORMAT_ASTC_4x4_UNORM_BLOCK VK_IMAGE_TYPE_2D VK_IMAGE_TILING_OPTIMAL VK_IMAGE_USAGE_INPUT_ATTACHMENT_BIT
DEBUG   | Supported: VK_FORMAT_ASTC_4x4_UNORM_BLOCK VK_IMAGE_TYPE_2D VK_IMAGE_TILING_OPTIMAL VK_IMAGE_USAGE_SAMPLED_BIT, supportsExternalMemory? 1, requiresDedicated? 0
DEBUG   | Supported: VK_FORMAT_ASTC_4x4_UNORM_BLOCK VK_IMAGE_TYPE_2D VK_IMAGE_TILING_OPTIMAL VK_IMAGE_USAGE_TRANSFER_SRC_BIT, supportsExternalMemory? 1, requiresDedicated? 0
DEBUG   | Supported: VK_FORMAT_ASTC_4x4_UNORM_BLOCK VK_IMAGE_TYPE_2D VK_IMAGE_TILING_OPTIMAL VK_IMAGE_USAGE_TRANSFER_DST_BIT, supportsExternalMemory? 1, requiresDedicated? 0
DEBUG   | Not Supported: VK_FORMAT_G8_B8R8_2PLANE_420_UNORM VK_IMAGE_TYPE_2D VK_IMAGE_TILING_LINEAR VK_IMAGE_USAGE_COLOR_ATTACHMENT_BIT
DEBUG   | Not Supported: VK_FORMAT_G8_B8R8_2PLANE_420_UNORM VK_IMAGE_TYPE_2D VK_IMAGE_TILING_LINEAR VK_IMAGE_USAGE_INPUT_ATTACHMENT_BIT
DEBUG   | Supported: VK_FORMAT_G8_B8R8_2PLANE_420_UNORM VK_IMAGE_TYPE_2D VK_IMAGE_TILING_LINEAR VK_IMAGE_USAGE_SAMPLED_BIT, supportsExternalMemory? 1, requiresDedicated? 0
DEBUG   | Supported: VK_FORMAT_G8_B8R8_2PLANE_420_UNORM VK_IMAGE_TYPE_2D VK_IMAGE_TILING_LINEAR VK_IMAGE_USAGE_TRANSFER_SRC_BIT, supportsExternalMemory? 1, requiresDedicated? 0
DEBUG   | Supported: VK_FORMAT_G8_B8R8_2PLANE_420_UNORM VK_IMAGE_TYPE_2D VK_IMAGE_TILING_LINEAR VK_IMAGE_USAGE_TRANSFER_DST_BIT, supportsExternalMemory? 1, requiresDedicated? 0
DEBUG   | Not Supported: VK_FORMAT_G8_B8R8_2PLANE_420_UNORM VK_IMAGE_TYPE_2D VK_IMAGE_TILING_OPTIMAL VK_IMAGE_USAGE_COLOR_ATTACHMENT_BIT
DEBUG   | Not Supported: VK_FORMAT_G8_B8R8_2PLANE_420_UNORM VK_IMAGE_TYPE_2D VK_IMAGE_TILING_OPTIMAL VK_IMAGE_USAGE_INPUT_ATTACHMENT_BIT
DEBUG   | Supported: VK_FORMAT_G8_B8R8_2PLANE_420_UNORM VK_IMAGE_TYPE_2D VK_IMAGE_TILING_OPTIMAL VK_IMAGE_USAGE_SAMPLED_BIT, supportsExternalMemory? 1, requiresDedicated? 0
DEBUG   | Supported: VK_FORMAT_G8_B8R8_2PLANE_420_UNORM VK_IMAGE_TYPE_2D VK_IMAGE_TILING_OPTIMAL VK_IMAGE_USAGE_TRANSFER_SRC_BIT, supportsExternalMemory? 1, requiresDedicated? 0
DEBUG   | Supported: VK_FORMAT_G8_B8R8_2PLANE_420_UNORM VK_IMAGE_TYPE_2D VK_IMAGE_TILING_OPTIMAL VK_IMAGE_USAGE_TRANSFER_DST_BIT, supportsExternalMemory? 1, requiresDedicated? 0
DEBUG   | Not Supported: VK_FORMAT_G8_B8R8_2PLANE_422_UNORM VK_IMAGE_TYPE_2D VK_IMAGE_TILING_LINEAR VK_IMAGE_USAGE_COLOR_ATTACHMENT_BIT
DEBUG   | Not Supported: VK_FORMAT_G8_B8R8_2PLANE_422_UNORM VK_IMAGE_TYPE_2D VK_IMAGE_TILING_LINEAR VK_IMAGE_USAGE_INPUT_ATTACHMENT_BIT
DEBUG   | Not Supported: VK_FORMAT_G8_B8R8_2PLANE_422_UNORM VK_IMAGE_TYPE_2D VK_IMAGE_TILING_LINEAR VK_IMAGE_USAGE_SAMPLED_BIT
DEBUG   | Not Supported: VK_FORMAT_G8_B8R8_2PLANE_422_UNORM VK_IMAGE_TYPE_2D VK_IMAGE_TILING_LINEAR VK_IMAGE_USAGE_TRANSFER_SRC_BIT
DEBUG   | Not Supported: VK_FORMAT_G8_B8R8_2PLANE_422_UNORM VK_IMAGE_TYPE_2D VK_IMAGE_TILING_LINEAR VK_IMAGE_USAGE_TRANSFER_DST_BIT
DEBUG   | Not Supported: VK_FORMAT_G8_B8R8_2PLANE_422_UNORM VK_IMAGE_TYPE_2D VK_IMAGE_TILING_OPTIMAL VK_IMAGE_USAGE_COLOR_ATTACHMENT_BIT
DEBUG   | Not Supported: VK_FORMAT_G8_B8R8_2PLANE_422_UNORM VK_IMAGE_TYPE_2D VK_IMAGE_TILING_OPTIMAL VK_IMAGE_USAGE_INPUT_ATTACHMENT_BIT
DEBUG   | Not Supported: VK_FORMAT_G8_B8R8_2PLANE_422_UNORM VK_IMAGE_TYPE_2D VK_IMAGE_TILING_OPTIMAL VK_IMAGE_USAGE_SAMPLED_BIT
DEBUG   | Not Supported: VK_FORMAT_G8_B8R8_2PLANE_422_UNORM VK_IMAGE_TYPE_2D VK_IMAGE_TILING_OPTIMAL VK_IMAGE_USAGE_TRANSFER_SRC_BIT
DEBUG   | Not Supported: VK_FORMAT_G8_B8R8_2PLANE_422_UNORM VK_IMAGE_TYPE_2D VK_IMAGE_TILING_OPTIMAL VK_IMAGE_USAGE_TRANSFER_DST_BIT
DEBUG   | Not Supported: VK_FORMAT_G8_B8_R8_3PLANE_420_UNORM VK_IMAGE_TYPE_2D VK_IMAGE_TILING_LINEAR VK_IMAGE_USAGE_COLOR_ATTACHMENT_BIT
DEBUG   | Not Supported: VK_FORMAT_G8_B8_R8_3PLANE_420_UNORM VK_IMAGE_TYPE_2D VK_IMAGE_TILING_LINEAR VK_IMAGE_USAGE_INPUT_ATTACHMENT_BIT
DEBUG   | Supported: VK_FORMAT_G8_B8_R8_3PLANE_420_UNORM VK_IMAGE_TYPE_2D VK_IMAGE_TILING_LINEAR VK_IMAGE_USAGE_SAMPLED_BIT, supportsExternalMemory? 1, requiresDedicated? 0
DEBUG   | Supported: VK_FORMAT_G8_B8_R8_3PLANE_420_UNORM VK_IMAGE_TYPE_2D VK_IMAGE_TILING_LINEAR VK_IMAGE_USAGE_TRANSFER_SRC_BIT, supportsExternalMemory? 1, requiresDedicated? 0
DEBUG   | Supported: VK_FORMAT_G8_B8_R8_3PLANE_420_UNORM VK_IMAGE_TYPE_2D VK_IMAGE_TILING_LINEAR VK_IMAGE_USAGE_TRANSFER_DST_BIT, supportsExternalMemory? 1, requiresDedicated? 0
DEBUG   | Not Supported: VK_FORMAT_G8_B8_R8_3PLANE_420_UNORM VK_IMAGE_TYPE_2D VK_IMAGE_TILING_OPTIMAL VK_IMAGE_USAGE_COLOR_ATTACHMENT_BIT
DEBUG   | Not Supported: VK_FORMAT_G8_B8_R8_3PLANE_420_UNORM VK_IMAGE_TYPE_2D VK_IMAGE_TILING_OPTIMAL VK_IMAGE_USAGE_INPUT_ATTACHMENT_BIT
DEBUG   | Supported: VK_FORMAT_G8_B8_R8_3PLANE_420_UNORM VK_IMAGE_TYPE_2D VK_IMAGE_TILING_OPTIMAL VK_IMAGE_USAGE_SAMPLED_BIT, supportsExternalMemory? 1, requiresDedicated? 0
DEBUG   | Supported: VK_FORMAT_G8_B8_R8_3PLANE_420_UNORM VK_IMAGE_TYPE_2D VK_IMAGE_TILING_OPTIMAL VK_IMAGE_USAGE_TRANSFER_SRC_BIT, supportsExternalMemory? 1, requiresDedicated? 0
DEBUG   | Supported: VK_FORMAT_G8_B8_R8_3PLANE_420_UNORM VK_IMAGE_TYPE_2D VK_IMAGE_TILING_OPTIMAL VK_IMAGE_USAGE_TRANSFER_DST_BIT, supportsExternalMemory? 1, requiresDedicated? 0
DEBUG   | Not Supported: VK_FORMAT_G8_B8_R8_3PLANE_422_UNORM VK_IMAGE_TYPE_2D VK_IMAGE_TILING_LINEAR VK_IMAGE_USAGE_COLOR_ATTACHMENT_BIT
DEBUG   | Not Supported: VK_FORMAT_G8_B8_R8_3PLANE_422_UNORM VK_IMAGE_TYPE_2D VK_IMAGE_TILING_LINEAR VK_IMAGE_USAGE_INPUT_ATTACHMENT_BIT
DEBUG   | Not Supported: VK_FORMAT_G8_B8_R8_3PLANE_422_UNORM VK_IMAGE_TYPE_2D VK_IMAGE_TILING_LINEAR VK_IMAGE_USAGE_SAMPLED_BIT
DEBUG   | Not Supported: VK_FORMAT_G8_B8_R8_3PLANE_422_UNORM VK_IMAGE_TYPE_2D VK_IMAGE_TILING_LINEAR VK_IMAGE_USAGE_TRANSFER_SRC_BIT
DEBUG   | Not Supported: VK_FORMAT_G8_B8_R8_3PLANE_422_UNORM VK_IMAGE_TYPE_2D VK_IMAGE_TILING_LINEAR VK_IMAGE_USAGE_TRANSFER_DST_BIT
DEBUG   | Not Supported: VK_FORMAT_G8_B8_R8_3PLANE_422_UNORM VK_IMAGE_TYPE_2D VK_IMAGE_TILING_OPTIMAL VK_IMAGE_USAGE_COLOR_ATTACHMENT_BIT
DEBUG   | Not Supported: VK_FORMAT_G8_B8_R8_3PLANE_422_UNORM VK_IMAGE_TYPE_2D VK_IMAGE_TILING_OPTIMAL VK_IMAGE_USAGE_INPUT_ATTACHMENT_BIT
DEBUG   | Not Supported: VK_FORMAT_G8_B8_R8_3PLANE_422_UNORM VK_IMAGE_TYPE_2D VK_IMAGE_TILING_OPTIMAL VK_IMAGE_USAGE_SAMPLED_BIT
DEBUG   | Not Supported: VK_FORMAT_G8_B8_R8_3PLANE_422_UNORM VK_IMAGE_TYPE_2D VK_IMAGE_TILING_OPTIMAL VK_IMAGE_USAGE_TRANSFER_SRC_BIT
DEBUG   | Not Supported: VK_FORMAT_G8_B8_R8_3PLANE_422_UNORM VK_IMAGE_TYPE_2D VK_IMAGE_TILING_OPTIMAL VK_IMAGE_USAGE_TRANSFER_DST_BIT
DEBUG   | Not Supported: VK_FORMAT_G10X6_B10X6R10X6_2PLANE_420_UNORM_3PACK16 VK_IMAGE_TYPE_2D VK_IMAGE_TILING_LINEAR VK_IMAGE_USAGE_COLOR_ATTACHMENT_BIT
DEBUG   | Not Supported: VK_FORMAT_G10X6_B10X6R10X6_2PLANE_420_UNORM_3PACK16 VK_IMAGE_TYPE_2D VK_IMAGE_TILING_LINEAR VK_IMAGE_USAGE_INPUT_ATTACHMENT_BIT
DEBUG   | Supported: VK_FORMAT_G10X6_B10X6R10X6_2PLANE_420_UNORM_3PACK16 VK_IMAGE_TYPE_2D VK_IMAGE_TILING_LINEAR VK_IMAGE_USAGE_SAMPLED_BIT, supportsExternalMemory? 1, requiresDedicated? 0
DEBUG   | Supported: VK_FORMAT_G10X6_B10X6R10X6_2PLANE_420_UNORM_3PACK16 VK_IMAGE_TYPE_2D VK_IMAGE_TILING_LINEAR VK_IMAGE_USAGE_TRANSFER_SRC_BIT, supportsExternalMemory? 1, requiresDedicated? 0
DEBUG   | Supported: VK_FORMAT_G10X6_B10X6R10X6_2PLANE_420_UNORM_3PACK16 VK_IMAGE_TYPE_2D VK_IMAGE_TILING_LINEAR VK_IMAGE_USAGE_TRANSFER_DST_BIT, supportsExternalMemory? 1, requiresDedicated? 0
DEBUG   | Not Supported: VK_FORMAT_G10X6_B10X6R10X6_2PLANE_420_UNORM_3PACK16 VK_IMAGE_TYPE_2D VK_IMAGE_TILING_OPTIMAL VK_IMAGE_USAGE_COLOR_ATTACHMENT_BIT
DEBUG   | Not Supported: VK_FORMAT_G10X6_B10X6R10X6_2PLANE_420_UNORM_3PACK16 VK_IMAGE_TYPE_2D VK_IMAGE_TILING_OPTIMAL VK_IMAGE_USAGE_INPUT_ATTACHMENT_BIT
DEBUG   | Supported: VK_FORMAT_G10X6_B10X6R10X6_2PLANE_420_UNORM_3PACK16 VK_IMAGE_TYPE_2D VK_IMAGE_TILING_OPTIMAL VK_IMAGE_USAGE_SAMPLED_BIT, supportsExternalMemory? 1, requiresDedicated? 0
DEBUG   | Supported: VK_FORMAT_G10X6_B10X6R10X6_2PLANE_420_UNORM_3PACK16 VK_IMAGE_TYPE_2D VK_IMAGE_TILING_OPTIMAL VK_IMAGE_USAGE_TRANSFER_SRC_BIT, supportsExternalMemory? 1, requiresDedicated? 0
DEBUG   | Supported: VK_FORMAT_G10X6_B10X6R10X6_2PLANE_420_UNORM_3PACK16 VK_IMAGE_TYPE_2D VK_IMAGE_TILING_OPTIMAL VK_IMAGE_USAGE_TRANSFER_DST_BIT, supportsExternalMemory? 1, requiresDedicated? 0
DEBUG   | Supported: VK_FORMAT_D16_UNORM VK_IMAGE_TYPE_2D VK_IMAGE_TILING_OPTIMAL VK_IMAGE_USAGE_DEPTH_STENCIL_ATTACHMENT_BIT, supportsExternalMemory? 1, requiresDedicated? 0
DEBUG   | Supported: VK_FORMAT_D16_UNORM VK_IMAGE_TYPE_2D VK_IMAGE_TILING_OPTIMAL VK_IMAGE_USAGE_INPUT_ATTACHMENT_BIT, supportsExternalMemory? 1, requiresDedicated? 0
DEBUG   | Supported: VK_FORMAT_D16_UNORM VK_IMAGE_TYPE_2D VK_IMAGE_TILING_OPTIMAL VK_IMAGE_USAGE_SAMPLED_BIT, supportsExternalMemory? 1, requiresDedicated? 0
DEBUG   | Supported: VK_FORMAT_D16_UNORM VK_IMAGE_TYPE_2D VK_IMAGE_TILING_OPTIMAL VK_IMAGE_USAGE_TRANSFER_SRC_BIT, supportsExternalMemory? 1, requiresDedicated? 0
DEBUG   | Supported: VK_FORMAT_D16_UNORM VK_IMAGE_TYPE_2D VK_IMAGE_TILING_OPTIMAL VK_IMAGE_USAGE_TRANSFER_DST_BIT, supportsExternalMemory? 1, requiresDedicated? 0
DEBUG   | Not Supported: VK_FORMAT_X8_D24_UNORM_PACK32 VK_IMAGE_TYPE_2D VK_IMAGE_TILING_OPTIMAL VK_IMAGE_USAGE_DEPTH_STENCIL_ATTACHMENT_BIT
DEBUG   | Not Supported: VK_FORMAT_X8_D24_UNORM_PACK32 VK_IMAGE_TYPE_2D VK_IMAGE_TILING_OPTIMAL VK_IMAGE_USAGE_INPUT_ATTACHMENT_BIT
DEBUG   | Not Supported: VK_FORMAT_X8_D24_UNORM_PACK32 VK_IMAGE_TYPE_2D VK_IMAGE_TILING_OPTIMAL VK_IMAGE_USAGE_SAMPLED_BIT
DEBUG   | Not Supported: VK_FORMAT_X8_D24_UNORM_PACK32 VK_IMAGE_TYPE_2D VK_IMAGE_TILING_OPTIMAL VK_IMAGE_USAGE_TRANSFER_SRC_BIT
DEBUG   | Not Supported: VK_FORMAT_X8_D24_UNORM_PACK32 VK_IMAGE_TYPE_2D VK_IMAGE_TILING_OPTIMAL VK_IMAGE_USAGE_TRANSFER_DST_BIT
DEBUG   | Not Supported: VK_FORMAT_D24_UNORM_S8_UINT VK_IMAGE_TYPE_2D VK_IMAGE_TILING_OPTIMAL VK_IMAGE_USAGE_DEPTH_STENCIL_ATTACHMENT_BIT
DEBUG   | Not Supported: VK_FORMAT_D24_UNORM_S8_UINT VK_IMAGE_TYPE_2D VK_IMAGE_TILING_OPTIMAL VK_IMAGE_USAGE_INPUT_ATTACHMENT_BIT
DEBUG   | Not Supported: VK_FORMAT_D24_UNORM_S8_UINT VK_IMAGE_TYPE_2D VK_IMAGE_TILING_OPTIMAL VK_IMAGE_USAGE_SAMPLED_BIT
DEBUG   | Not Supported: VK_FORMAT_D24_UNORM_S8_UINT VK_IMAGE_TYPE_2D VK_IMAGE_TILING_OPTIMAL VK_IMAGE_USAGE_TRANSFER_SRC_BIT
DEBUG   | Not Supported: VK_FORMAT_D24_UNORM_S8_UINT VK_IMAGE_TYPE_2D VK_IMAGE_TILING_OPTIMAL VK_IMAGE_USAGE_TRANSFER_DST_BIT
DEBUG   | Supported: VK_FORMAT_D32_SFLOAT VK_IMAGE_TYPE_2D VK_IMAGE_TILING_OPTIMAL VK_IMAGE_USAGE_DEPTH_STENCIL_ATTACHMENT_BIT, supportsExternalMemory? 1, requiresDedicated? 0
DEBUG   | Supported: VK_FORMAT_D32_SFLOAT VK_IMAGE_TYPE_2D VK_IMAGE_TILING_OPTIMAL VK_IMAGE_USAGE_INPUT_ATTACHMENT_BIT, supportsExternalMemory? 1, requiresDedicated? 0
DEBUG   | Supported: VK_FORMAT_D32_SFLOAT VK_IMAGE_TYPE_2D VK_IMAGE_TILING_OPTIMAL VK_IMAGE_USAGE_SAMPLED_BIT, supportsExternalMemory? 1, requiresDedicated? 0
DEBUG   | Supported: VK_FORMAT_D32_SFLOAT VK_IMAGE_TYPE_2D VK_IMAGE_TILING_OPTIMAL VK_IMAGE_USAGE_TRANSFER_SRC_BIT, supportsExternalMemory? 1, requiresDedicated? 0
DEBUG   | Supported: VK_FORMAT_D32_SFLOAT VK_IMAGE_TYPE_2D VK_IMAGE_TILING_OPTIMAL VK_IMAGE_USAGE_TRANSFER_DST_BIT, supportsExternalMemory? 1, requiresDedicated? 0
DEBUG   | Supported: VK_FORMAT_D32_SFLOAT_S8_UINT VK_IMAGE_TYPE_2D VK_IMAGE_TILING_OPTIMAL VK_IMAGE_USAGE_DEPTH_STENCIL_ATTACHMENT_BIT, supportsExternalMemory? 1, requiresDedicated? 0
DEBUG   | Supported: VK_FORMAT_D32_SFLOAT_S8_UINT VK_IMAGE_TYPE_2D VK_IMAGE_TILING_OPTIMAL VK_IMAGE_USAGE_INPUT_ATTACHMENT_BIT, supportsExternalMemory? 1, requiresDedicated? 0
DEBUG   | Supported: VK_FORMAT_D32_SFLOAT_S8_UINT VK_IMAGE_TYPE_2D VK_IMAGE_TILING_OPTIMAL VK_IMAGE_USAGE_SAMPLED_BIT, supportsExternalMemory? 1, requiresDedicated? 0
DEBUG   | Supported: VK_FORMAT_D32_SFLOAT_S8_UINT VK_IMAGE_TYPE_2D VK_IMAGE_TILING_OPTIMAL VK_IMAGE_USAGE_TRANSFER_SRC_BIT, supportsExternalMemory? 1, requiresDedicated? 0
DEBUG   | Supported: VK_FORMAT_D32_SFLOAT_S8_UINT VK_IMAGE_TYPE_2D VK_IMAGE_TILING_OPTIMAL VK_IMAGE_USAGE_TRANSFER_DST_BIT, supportsExternalMemory? 1, requiresDedicated? 0
INFO         | Selecting Vulkan device: SwiftShader Device (Subzero), Version: 1.3.0
DEBUG   | deviceInfo: 
hasGraphicsQueueFamily = 1
hasComputeQueueFamily = 1
externalMemoryMode = OpaqueFd
supportsExternalMemoryImport = 1
supportsExternalMemoryExport = 1
supportsDriverProperties = 1
hasSamplerYcbcrConversionExtension = 1
supportsSamplerYcbcrConversion = 1
glInteropSupported = 0
DEBUG   | Vulkan logical device created and extension functions obtained.
DEBUG   | Vulkan device queue obtained.
VERBOSE | create: selected memory type index = 0, propertyFlags = 15, heapIndex = 0
VERBOSE | Vulkan global emulation state successfully initialized.
VERBOSE | Creating YCbCr sampler for VK_FORMAT_G8_B8R8_2PLANE_420_UNORM
VERBOSE | Creating YCbCr sampler for VK_FORMAT_G8_B8R8_2PLANE_420_UNORM
VERBOSE | Creating YCbCr sampler for VK_FORMAT_G8_B8_R8_3PLANE_420_UNORM
VERBOSE | Creating YCbCr sampler for VK_FORMAT_G8_B8_R8_3PLANE_420_UNORM
VERBOSE | SharedLibrary::open for [libGLESv2.so]: not found in map, open for the first time
VERBOSE | SharedLibrary::open for [libGLESv2.so] (posix): begin
VERBOSE | SharedLibrary::open for [libGLESv2.so] (posix,linux): call dlopen on [libGLESv2.so]
VERBOSE | Calling dlopen on /home/milosvasic/Android/Sdk/emulator/lib64/gles_swiftshader/libGLESv2.so.
VERBOSE | SharedLibrary::open succeeded for [libGLESv2.so].
VERBOSE | SharedLibrary::open for [libEGL.so]: not found in map, open for the first time
VERBOSE | SharedLibrary::open for [libEGL.so] (posix): begin
VERBOSE | SharedLibrary::open for [libEGL.so] (posix,linux): call dlopen on [libEGL.so]
VERBOSE | Calling dlopen on /home/milosvasic/Android/Sdk/emulator/lib64/gles_swiftshader/libEGL.so.
VERBOSE | SharedLibrary::open succeeded for [libEGL.so].
VERBOSE | EglOsEglDisplay: client exts: [EGL_KHR_create_context EGL_KHR_get_all_proc_addresses EGL_KHR_gl_texture_2D_image EGL_KHR_gl_texture_cubemap_image EGL_KHR_gl_renderbuffer_image EGL_KHR_fence_sync EGL_KHR_image_base EGL_ANDROID_framebuffer_target EGL_ANDROID_recordable]
INFO         | SharedLibrary::open for [libX11]
VERBOSE | SharedLibrary::open for [libX11]: not found in map, open for the first time
VERBOSE | SharedLibrary::open for [libX11] (posix): begin
VERBOSE | SharedLibrary::open for [libX11] (posix,linux): call dlopen on [libX11.so]
VERBOSE | Calling dlopen on /home/milosvasic/Android/Sdk/emulator/lib64/gles_swiftshader/libX11.so.
VERBOSE | Calling dlopen on /home/milosvasic/Android/Sdk/emulator/lib64/vulkan/libX11.so.
VERBOSE | Calling dlopen on /home/milosvasic/Android/Sdk/emulator/lib64/gles_swiftshader/libX11.so.
VERBOSE | Calling dlopen on /home/milosvasic/Android/Sdk/emulator/lib64/libX11.so.
VERBOSE | Calling dlopen on /home/milosvasic/.local/lib/libX11.so.
VERBOSE | SharedLibrary::open succeeded for [libX11].
INFO         | SharedLibrary::open for [libX11-xcb]
VERBOSE | SharedLibrary::open for [libX11-xcb]: not found in map, open for the first time
VERBOSE | SharedLibrary::open for [libX11-xcb] (posix): begin
VERBOSE | SharedLibrary::open for [libX11-xcb] (posix,linux): call dlopen on [libX11-xcb.so]
VERBOSE | Calling dlopen on /home/milosvasic/Android/Sdk/emulator/lib64/gles_swiftshader/libX11-xcb.so.
VERBOSE | Calling dlopen on /home/milosvasic/Android/Sdk/emulator/lib64/vulkan/libX11-xcb.so.
VERBOSE | Calling dlopen on /home/milosvasic/Android/Sdk/emulator/lib64/gles_swiftshader/libX11-xcb.so.
VERBOSE | Calling dlopen on /home/milosvasic/Android/Sdk/emulator/lib64/libX11-xcb.so.
VERBOSE | Calling dlopen on /home/milosvasic/.local/lib/libX11-xcb.so.
VERBOSE | SharedLibrary::open succeeded for [libX11-xcb].
DEBUG   | call eglInitialize
VERBOSE | queryConfigs: num configs: 75
VERBOSE | glGetTexLevelParameteriv not found
VERBOSE | glGetTexLevelParameterfv not found
VERBOSE | glPushAttrib not found
VERBOSE | glPushClientAttrib not found
VERBOSE | glPopAttrib not found
VERBOSE | glPopClientAttrib not found
VERBOSE | glAlphaFunc not found
VERBOSE | glBegin not found
VERBOSE | glClientActiveTexture not found
VERBOSE | glClipPlane not found
VERBOSE | glColor4d not found
VERBOSE | glColor4f not found
VERBOSE | glColor4fv not found
VERBOSE | glColor4ub not found
VERBOSE | glColor4ubv not found
VERBOSE | glColorPointer not found
VERBOSE | glDisableClientState not found
VERBOSE | glEnableClientState not found
VERBOSE | glEnd not found
VERBOSE | glFogf not found
VERBOSE | glFogfv not found
VERBOSE | glGetClipPlane not found
VERBOSE | glGetDoublev not found
VERBOSE | glGetLightfv not found
VERBOSE | glGetMaterialfv not found
VERBOSE | glGetPointerv not found
VERBOSE | glGetTexEnvfv not found
VERBOSE | glGetTexEnviv not found
VERBOSE | glLightf not found
VERBOSE | glLightfv not found
VERBOSE | glLightModelf not found
VERBOSE | glLightModelfv not found
VERBOSE | glLoadIdentity not found
VERBOSE | glLoadMatrixf not found
VERBOSE | glLogicOp not found
VERBOSE | glMaterialf not found
VERBOSE | glMaterialfv not found
VERBOSE | glMultiTexCoord2fv not found
VERBOSE | glMultiTexCoord2sv not found
VERBOSE | glMultiTexCoord3fv not found
VERBOSE | glMultiTexCoord3sv not found
VERBOSE | glMultiTexCoord4f not found
VERBOSE | glMultiTexCoord4fv not found
VERBOSE | glMultiTexCoord4sv not found
VERBOSE | glMultMatrixf not found
VERBOSE | glNormal3f not found
VERBOSE | glNormal3fv not found
VERBOSE | glNormal3sv not found
VERBOSE | glOrtho not found
VERBOSE | glPointParameterf not found
VERBOSE | glPointParameterfv not found
VERBOSE | glPointSize not found
VERBOSE | glRotatef not found
VERBOSE | glScalef not found
VERBOSE | glTexEnvf not found
VERBOSE | glTexEnvfv not found
VERBOSE | glMatrixMode not found
VERBOSE | glNormalPointer not found
VERBOSE | glPopMatrix not found
VERBOSE | glPushMatrix not found
VERBOSE | glShadeModel not found
VERBOSE | glTexCoordPointer not found
VERBOSE | glTexEnvi not found
VERBOSE | glTexEnviv not found
VERBOSE | glTranslatef not found
VERBOSE | glVertexPointer not found
VERBOSE | glClipPlanef not found
VERBOSE | glFrustumf not found
VERBOSE | glGetClipPlanef not found
VERBOSE | glOrthof not found
VERBOSE | glAlphaFuncx not found
VERBOSE | glClearColorx not found
VERBOSE | glClearDepthx not found
VERBOSE | glColor4x not found
VERBOSE | glDepthRangex not found
VERBOSE | glFogx not found
VERBOSE | glFogxv not found
VERBOSE | glFrustumx not found
VERBOSE | glClipPlanex not found
VERBOSE | glGetFixedv not found
VERBOSE | glGetLightxv not found
VERBOSE | glGetMaterialxv not found
VERBOSE | glGetTexEnvxv not found
VERBOSE | glGetTexParameterxv not found
VERBOSE | glLightModelx not found
VERBOSE | glLightModelxv not found
VERBOSE | glLightx not found
VERBOSE | glLightxv not found
VERBOSE | glLineWidthx not found
VERBOSE | glLoadMatrixx not found
VERBOSE | glMaterialx not found
VERBOSE | glMaterialxv not found
VERBOSE | glMultMatrixx not found
VERBOSE | glMultiTexCoord4x not found
VERBOSE | glNormal3x not found
VERBOSE | glOrthox not found
VERBOSE | glPointParameterx not found
VERBOSE | glPointParameterxv not found
VERBOSE | glPointSizex not found
VERBOSE | glPolygonOffsetx not found
VERBOSE | glRotatex not found
VERBOSE | glSampleCoveragex not found
VERBOSE | glScalex not found
VERBOSE | glTexEnvx not found
VERBOSE | glTexEnvxv not found
VERBOSE | glTexParameterx not found
VERBOSE | glTexParameterxv not found
VERBOSE | glTranslatex not found
VERBOSE | glGetClipPlanex not found
DEBUG   | vk icd software rendering, disable interop
DEBUG   | glvk interop final: 0
INFO         | Initializing VkEmulation features:
INFO         |     glInteropSupported: false
INFO         |     useDeferredCommands: true
INFO         |     createResourceWithRequirements: true
INFO         |     useVulkanComposition: false
INFO         |     useVulkanNativeSwapchain: false
INFO         |     enable guestRenderDoc: false
INFO         |     ASTC LDR emulation mode: Gpu
INFO         |     enable ETC2 emulation: true
INFO         |     enable Ycbcr emulation: false
INFO         |     guestVulkanOnly: false
INFO         |     useDedicatedAllocations: false
DEBUG   | ColorBuffer 4294967295, 64x64, VK_FORMAT_R8G8B8A8_UNORM, Memory [size: 16384, type: 0, props: 15 / 1]
DEBUG   | Representative ColorBuffer memory type using host memory type index 0 and guest memory type index :0
DEBUG   | Performing composition using CompositorGl.
INFO         | Graphics Adapter Vendor Google (Google Inc.)
INFO         | Graphics Adapter Android Emulator OpenGL ES Translator (Google SwiftShader)
INFO         | Graphics API Version OpenGL ES 3.0 (OpenGL ES 3.0 SwiftShader 4.0.0.1)
INFO         | Graphics API Extensions GL_OES_EGL_sync GL_OES_EGL_image GL_OES_EGL_image_external GL_OES_depth24 GL_OES_depth32 GL_OES_element_index_uint GL_OES_texture_float GL_OES_texture_float_linear GL_OES_compressed_paletted_texture GL_OES_compressed_ETC1_RGB8_texture GL_OES_depth_texture GL_OES_texture_half_float GL_OES_texture_half_float_linear GL_OES_packed_depth_stencil GL_OES_vertex_half_float GL_OES_standard_derivatives GL_OES_texture_npot GL_OES_rgb8_rgba8 GL_EXT_color_buffer_float GL_EXT_color_buffer_half_float GL_EXT_texture_format_BGRA8888 GL_APPLE_texture_format_BGRA8888 
INFO         | Graphics Device Extensions N/A
INFO         | Disabling sparse binding feature support
DEBUG   | Renderer initialized successfully
INFO         | Setting vsync to 60 hz
DEBUG   | CMD_SET_VSYNC_HZ
INFO         | Sending adb public key [QAAAANcVAMEZUhkyn6qBX7FeCEkIe+VPGIEZlUkdCYTX+rO0TXAfnaTK0uCiXppBXTLbQYrH+9ag2l3Z7WOhYwJEZ1Pj0DMnZB0oOLfXip8mqhcsULoap4P0Nd3GHhpfaIgSc/pnRc9TRX2rccEcymlhGha+zSyiWtL07NmQYhXsEW2D+B1+rRX55io1xS3UbG9PTk2nM6jjsT9817ySJZXe6RSQ1vprFWLnnoD7fyz27h5F45ob+WYwNrXfJqv0rB17MJFFnLQqVKQXH8iH3S+/yVzmrP1Wp+/97LCp2d4et/cqBj+RtDFSAaBs7oYBgfYWUihjQ89s+kVEx1z8VQn7dTptrZebn3tH9VrO03tvh3a2JMiXZcYq0pVsAyabz0EltWgKTH72c2sX7nZpcM72XnPA4Nd0N+pKaDPV/l4axmdMEQUipFYK8/ZL3yecNejhUBqyKin2pbmjSB7uh9MHCSWHT7psmZrGIIth0417iGVpPJFMhiEi9YUx40iqiJZjrxpRACYQKnE9f6Aw6oc8tqh1xI7lSuLjWt0UG6+wfP2J7pyJHaTZvG2Wcfi+OtawD6GXt+LPzML3eAoXoT0PRvPgQX019xDnLJbQqg8Byhowohg3SqBd74sFhNJmuMxQiDGfYs+UGXxWppY1wpRl7vNOR1lo3fW2Ipvf0la22ipvsofBeAEAAQA= milosvasic@nezha]
INFO         | Userspace boot properties:
INFO         |   androidboot.boot_devices=pci0000:00/0000:00:03.0 pci0000:00/0000:00:06.0
INFO         |   androidboot.dalvik.vm.heapsize=576m
INFO         |   androidboot.debug.hwui.renderer=skiagl
INFO         |   androidboot.hardware=ranchu
INFO         |   androidboot.hardware.gltransport=pipe
INFO         |   androidboot.hardware.vulkan=ranchu
INFO         |   androidboot.logcat=*:V
INFO         |   androidboot.opengles.version=196608
INFO         |   androidboot.qemu=1
INFO         |   androidboot.qemu.adb.pubkey=QAAAANcVAMEZUhkyn6qBX7FeCEkIe+VPGIEZlUkdCYTX+rO0TXAfnaTK0uCiXppBXTLbQYrH+9ag2l3Z7WOhYwJEZ1Pj0DMnZB0oOLfXip8mqhcsULoap4P0Nd3GHhpfaIgSc/pnRc9TRX2rccEcymlhGha+zSyiWtL07NmQYhXsEW2D+B1+rRX55io1xS3UbG9PTk2nM6jjsT9817ySJZXe6RSQ1vprFWLnnoD7fyz27h5F45ob+WYwNrXfJqv0rB17MJFFnLQqVKQXH8iH3S+/yVzmrP1Wp+/97LCp2d4et/cqBj+RtDFSAaBs7oYBgfYWUihjQ89s+kVEx1z8VQn7dTptrZebn3tH9VrO03tvh3a2JMiXZcYq0pVsAyabz0EltWgKTH72c2sX7nZpcM72XnPA4Nd0N+pKaDPV/l4axmdMEQUipFYK8/ZL3yecNejhUBqyKin2pbmjSB7uh9MHCSWHT7psmZrGIIth0417iGVpPJFMhiEi9YUx40iqiJZjrxpRACYQKnE9f6Aw6oc8tqh1xI7lSuLjWt0UG6+wfP2J7pyJHaTZvG2Wcfi+OtawD6GXt+LPzML3eAoXoT0PRvPgQX019xDnLJbQqg8Byhowohg3SqBd74sFhNJmuMxQiDGfYs+UGXxWppY1wpRl7vNOR1lo3fW2Ipvf0la22ipvsofBeAEAAQA= milosvasic@nezha
INFO         |   androidboot.qemu.avd_name=CZ_API36_Phone
INFO         |   androidboot.qemu.camera_hq_edge_processing=0
DEBUG  INFO         | Exited a loader RenderThread @0x5612dba48ea0
 |   androidboot.qemu.camera_protocol_ver=1
INFO         |   androidboot.qemu.cpuvulkan.version=4202496
INFO         |   androidboot.qemu.gltransport.drawFlushInterval=800
INFO         |   androidboot.qemu.gltransport.name=pipe
INFO         |   androidboot.qemu.hwcodec.avcdec=2
INFO         |   androidboot.qemu.hwcodec.hevcdec=2
INFO         |   androidboot.qemu.hwcodec.vpxdec=2
INFO         |   androidboot.qemu.settings.system.screen_off_timeout=2147483647
INFO         |   androidboot.qemu.skin=1080x2400
INFO         |   androidboot.qemu.virtiowifi=1
INFO         |   androidboot.qemu.vsync=60
INFO         |   androidboot.serialno=EMULATOR36X4X10X0
INFO         |   androidboot.vbmeta.digest=8c6ff42bff8696120e63308883e0cfad21d048439d53af334ec09bf5eb680f47
INFO         |   androidboot.vbmeta.hash_alg=sha256
INFO         |   androidboot.vbmeta.size=6720
INFO         |   androidboot.veritymode=enforcing
INFO         | Android bootconfig:
INFO         |   androidboot.boot_devices="pci0000:00/0000:00:03.0 pci0000:00/0000:00:06.0"
INFO         |   androidboot.dalvik.vm.heapsize="576m"
INFO         |   androidboot.debug.hwui.renderer="skiagl"
INFO         |   androidboot.hardware="ranchu"
INFO         |   androidboot.hardware.gltransport="pipe"
INFO         |   androidboot.hardware.vulkan="ranchu"
INFO         |   androidboot.logcat="*:V"
INFO         |   androidboot.opengles.version="196608"
INFO         |   androidboot.qemu="1"
INFO         |   androidboot.qemu.adb.pubkey="QAAAANcVAMEZUhkyn6qBX7FeCEkIe+VPGIEZlUkdCYTX+rO0TXAfnaTK0uCiXppBXTLbQYrH+9ag2l3Z7WOhYwJEZ1Pj0DMnZB0oOLfXip8mqhcsULoap4P0Nd3GHhpfaIgSc/pnRc9TRX2rccEcymlhGha+zSyiWtL07NmQYhXsEW2D+B1+rRX55io1xS3UbG9PTk2nM6jjsT9817ySJZXe6RSQ1vprFWLnnoD7fyz27h5F45ob+WYwNrXfJqv0rB17MJFFnLQqVKQXH8iH3S+/yVzmrP1Wp+/97LCp2d4et/cqBj+RtDFSAaBs7oYBgfYWUihjQ89s+kVEx1z8VQn7dTptrZebn3tH9VrO03tvh3a2JMiXZcYq0pVsAyabz0EltWgKTH72c2sX7nZpcM72XnPA4Nd0N+pKaDPV/l4axmdMEQUipFYK8/ZL3yecNejhUBqyKin2pbmjSB7uh9MHCSWHT7psmZrGIIth0417iGVpPJFMhiEi9YUx40iqiJZjrxpRACYQKnE9f6Aw6oc8tqh1xI7lSuLjWt0UG6+wfP2J7pyJHaTZvG2Wcfi+OtawD6GXt+LPzML3eAoXoT0PRvPgQX019xDnLJbQqg8Byhowohg3SqBd74sFhNJmuMxQiDGfYs+UGXxWppY1wpRl7vNOR1lo3fW2Ipvf0la22ipvsofBeAEAAQA= milosvasic@nezha"
INFO         |   androidboot.qemu.avd_name="CZ_API36_Phone"
INFO         |   androidboot.qemu.camera_hq_edge_processing="0"
INFO         |   androidboot.qemu.camera_protocol_ver="1"
INFO         |   androidboot.qemu.cpuvulkan.version="4202496"
INFO         |   androidboot.qemu.gltransport.drawFlushInterval="800"
INFO         |   androidboot.qemu.gltransport.name="pipe"
INFO         |   androidboot.qemu.hwcodec.avcdec="2"
INFO         |   androidboot.qemu.hwcodec.hevcdec="2"
INFO         |   androidboot.qemu.hwcodec.vpxdec="2"
INFO         |   androidboot.qemu.settings.system.screen_off_timeout="2147483647"
INFO         |   androidboot.qemu.skin="1080x2400"
INFO         |   androidboot.qemu.virtiowifi="1"
INFO         |   androidboot.qemu.vsync="60"
INFO         |   androidboot.serialno="EMULATOR36X4X10X0"
INFO         |   androidboot.vbmeta.digest="8c6ff42bff8696120e63308883e0cfad21d048439d53af334ec09bf5eb680f47"
INFO         |   androidboot.vbmeta.hash_alg="sha256"
INFO         |   androidboot.vbmeta.size="6720"
INFO         |   androidboot.veritymode="enforcing"
DEBUG   | Found 3 DNS servers:
DEBUG   | 	1.1.1.1
DEBUG   | 	8.8.8.8
DEBUG   | 	192.168.0.1
INFO         | Content of hardware configuration file:
INFO         | 	hw.cpu.arch = x86_64
INFO         | 	hw.cpu.ncore = 2
INFO         | 	hw.ramSize = 3072
INFO         | 	hw.screen = multi-touch
INFO         | 	hw.mainKeys = false
INFO         | 	hw.touchpad0 = false
INFO         | 	hw.touchpad0.width = 600
INFO         | 	hw.touchpad0.height = 400
INFO         | 	hw.trackBall = false
INFO         | 	hw.keyboard = false
INFO         | 	hw.keyboard.lid = true
INFO         | 	hw.keyboard.charmap = qwerty2
INFO         | 	hw.dPad = false
INFO         | 	hw.rotaryInput = false
INFO         | 	hw.gsmModem = true
INFO         | 	hw.gps = true
INFO         | 	hw.battery = true
INFO         | 	hw.accelerometer = true
INFO         | 	hw.accelerometer_uncalibrated = true
INFO         | 	hw.gyroscope = true
INFO         | 	hw.audioInput = true
INFO         | 	hw.audioOutput = true
INFO         | 	hw.sdCard = true
INFO         | 	disk.cachePartition = false
INFO         | 	disk.cachePartition.path = /tmp/android-milosvasic/emulator-bFWQ4x
INFO         | 	disk.cachePartition.size = 66m
INFO         | 	test.quitAfterBootTimeOut = -1
INFO         | 	test.delayAdbTillBootComplete = 0
INFO         | 	test.monitorAdb = 0
INFO         | 	hw.lcd.width = 1080
INFO         | 	hw.lcd.height = 2400
INFO         | 	hw.lcd.depth = 16
INFO         | 	hw.lcd.circular = false
INFO         | 	hw.lcd.density = 420
INFO         | 	hw.lcd.transparent = false
INFO         | 	hw.lcd.backlight = true
INFO         | 	hw.lcd.vsync = 60
INFO         | 	hw.gltransport = pipe
INFO         | 	hw.gltransport.asg.writeBufferSize = 1048576
INFO         | 	hw.gltransport.asg.writeStepSize = 4096
INFO         | 	hw.gltransport.asg.dataRingSize = 32768
INFO         | 	hw.gltransport.drawFlushInterval = 800
INFO         | 	hw.displayRegion.0.1.xOffset = -1
INFO         | 	hw.displayRegion.0.1.yOffset = -1
INFO         | 	hw.displayRegion.0.1.width = 0
INFO         | 	hw.displayRegion.0.1.height = 0
INFO         | 	hw.displayRegion.0.2.xOffset = -1
INFO         | 	hw.displayRegion.0.2.yOffset = -1
INFO         | 	hw.displayRegion.0.2.width = 0
INFO         | 	hw.displayRegion.0.2.height = 0
INFO         | 	hw.displayRegion.0.3.xOffset = -1
INFO         | 	hw.displayRegion.0.3.yOffset = -1
INFO         | 	hw.displayRegion.0.3.width = 0
INFO         | 	hw.displayRegion.0.3.height = 0
INFO         | 	hw.display1.width = 0
INFO         | 	hw.display1.height = 0
INFO         | 	hw.display1.density = 0
INFO         | 	hw.display1.xOffset = -1
INFO         | 	hw.display1.yOffset = -1
INFO         | 	hw.display1.flag = 0
INFO         | 	hw.display2.width = 0
INFO         | 	hw.display2.height = 0
INFO         | 	hw.display2.density = 0
INFO         | 	hw.display2.xOffset = -1
INFO         | 	hw.display2.yOffset = -1
INFO         | 	hw.display2.flag = 0
INFO         | 	hw.display3.width = 0
INFO         | 	hw.display3.height = 0
INFO         | 	hw.display3.density = 0
INFO         | 	hw.display3.xOffset = -1
INFO         | 	hw.display3.yOffset = -1
INFO         | 	hw.display3.flag = 0
INFO         | 	hw.multi_display_window = false
INFO         | 	hw.hotplug_multi_display = false
INFO         | 	hw.gpu.enabled = true
INFO         | 	hw.gpu.mode = swiftshader
INFO         | 	hw.initialOrientation = portrait
INFO         | 	hw.camera.back = emulated
INFO         | 	hw.camera.back.orientation = 90
INFO         | 	hw.camera.front = none
INFO         | 	hw.camera.front.orientation = 90
INFO         | 	vm.heapSize = 576
INFO         | 	hw.sensors.light = true
INFO         | 	hw.sensors.pressure = true
INFO         | 	hw.sensors.humidity = true
INFO         | 	hw.sensors.proximity = true
INFO         | 	hw.sensors.magnetic_field = true
INFO         | 	hw.sensors.magnetic_field_uncalibrated = true
INFO         | 	hw.sensors.gyroscope_uncalibrated = true
INFO         | 	hw.sensors.orientation = true
INFO         | 	hw.sensors.temperature = true
INFO         | 	hw.sensors.rgbclight = false
INFO         | 	hw.sensor.hinge = false
INFO         | 	hw.sensor.hinge.count = 0
INFO         | 	hw.sensor.hinge.type = 0
INFO         | 	hw.sensor.hinge.sub_type = 0
INFO         | 	hw.sensor.hinge.resizable.config = 1
INFO         | 	hw.sensor.hinge.fold_to_displayRegion.0.1_at_posture = 1
INFO         | 	hw.sensor.roll = false
INFO         | 	hw.sensor.roll.count = 0
INFO         | 	hw.sensor.roll.resize_to_displayRegion.0.1_at_posture = 6
INFO         | 	hw.sensor.roll.resize_to_displayRegion.0.2_at_posture = 6
INFO         | 	hw.sensor.roll.resize_to_displayRegion.0.3_at_posture = 6
INFO         | 	hw.sensors.heart_rate = false
INFO         | 	hw.sensors.wrist_tilt = false
INFO         | 	hw.sensors.heading = false
INFO         | 	hw.useext4 = true
INFO         | 	hw.arc = false
INFO         | 	hw.arc.autologin = false
INFO         | 	hw.device.name = pixel_6
INFO         | 	kernel.path = /home/milosvasic/Android/Sdk/system-images/android-36.1/google_apis_playstore/x86_64//kernel-ranchu
INFO         | 	kernel.newDeviceNaming = yes
INFO         | 	kernel.supportsYaffs2 = no
INFO         | 	disk.ramdisk.path = /home/milosvasic/Android/Sdk/system-images/android-36.1/google_apis_playstore/x86_64//ramdisk.img
INFO         | 	disk.systemPartition.initPath = /home/milosvasic/Android/Sdk/system-images/android-36.1/google_apis_playstore/x86_64//system.img
INFO         | 	disk.systemPartition.size = 2309m
INFO         | 	disk.vendorPartition.initPath = /home/milosvasic/Android/Sdk/system-images/android-36.1/google_apis_playstore/x86_64//vendor.img
INFO         | 	disk.vendorPartition.size = 800m
INFO         | 	disk.dataPartition.path = /home/milosvasic/.android/avd/../avd/CZ_API36_Phone.avd/userdata-qemu.img
INFO         | 	disk.dataPartition.size = 6g
INFO         | 	disk.encryptionKeyPartition.path = /home/milosvasic/.android/avd/../avd/CZ_API36_Phone.avd/encryptionkey.img
INFO         | 	PlayStore.enabled = false
INFO         | 	avd.name = CZ_API36_Phone
INFO         | 	avd.id = CZ_API36_Phone
INFO         | 	fastboot.forceColdBoot = false
INFO         | 	userdata.useQcow2 = true
INFO         | 	firstboot.bootFromDownloadableSnapshot = true
INFO         | 	firstboot.bootFromLocalSnapshot = true
INFO         | 	firstboot.saveToLocalSnapshot = true
INFO         | 	android.sdk.root = /home/milosvasic/Android/Sdk
INFO         | 	android.avd.home = /home/milosvasic/.android/avd
INFO         | .
INFO         | QEMU options list:
INFO         | 	 argv[00] = "/home/milosvasic/Android/Sdk/emulator/qemu/linux-x86_64/qemu-system-x86_64-headless"
INFO         | 	 argv[01] = "-dns-server"
INFO         | 	 argv[02] = "1.1.1.1,8.8.8.8,192.168.0.1"
INFO         | 	 argv[03] = "-no-audio"
INFO         | 	 argv[04] = "-serial"
INFO         | 	 argv[05] = "null"
INFO         | 	 argv[06] = "-android-ports"
INFO         | 	 argv[07] = "5554,5555"
INFO         | 	 argv[08] = "-device"
INFO         | 	 argv[09] = "goldfish_pstore,addr=0xff018000,size=0x10000,file=/home/milosvasic/.android/avd/../avd/CZ_API36_Phone.avd/data/misc/pstore/pstore.bin"
INFO         | 	 argv[10] = "-cpu"
INFO         | 	 argv[11] = "android64"
INFO         | 	 argv[12] = "-enable-kvm"
INFO         | 	 argv[13] = "-smp"
INFO         | 	 argv[14] = "cores=2"
INFO         | 	 argv[15] = "-m"
INFO         | 	 argv[16] = "3072"
INFO         | 	 argv[17] = "-lcd-density"
INFO         | 	 argv[18] = "420"
INFO         | 	 argv[19] = "-object"
INFO         | 	 argv[20] = "iothread,id=disk-iothread"
INFO         | 	 argv[21] = "-nodefaults"
INFO         | 	 argv[22] = "-kernel"
INFO         | 	 argv[23] = "/home/milosvasic/Android/Sdk/system-images/android-36.1/google_apis_playstore/x86_64//kernel-ranchu"
INFO         | 	 argv[24] = "-initrd"
INFO         | 	 argv[25] = "/home/milosvasic/.android/avd/../avd/CZ_API36_Phone.avd/initrd"
INFO         | 	 argv[26] = "-drive"
INFO         | 	 argv[27] = "if=none,index=0,id=system,if=none,file=/home/milosvasic/Android/Sdk/system-images/android-36.1/google_apis_playstore/x86_64//system.img,read-only"
INFO         | 	 argv[28] = "-device"
INFO         | 	 argv[29] = "virtio-blk-pci,drive=system,iothread=disk-iothread,modern-pio-notify"
INFO         | 	 argv[30] = "-drive"
INFO         | 	 argv[31] = "if=none,index=1,id=cache,if=none,file=/tmp/android-milosvasic/emulator-bFWQ4x.qcow2,overlap-check=none,cache=unsafe,l2-cache-size=1048576"
INFO         | 	 argv[32] = "-device"
INFO         | 	 argv[33] = "virtio-blk-pci,drive=cache,iothread=disk-iothread,modern-pio-notify"
INFO         | 	 argv[34] = "-drive"
INFO         | 	 argv[35] = "if=none,index=2,id=userdata,if=none,file=/home/milosvasic/.android/avd/../avd/CZ_API36_Phone.avd/userdata-qemu.img.qcow2,overlap-check=none,cache=unsafe,l2-cache-size=1048576"
INFO         | 	 argv[36] = "-device"
INFO         | 	 argv[37] = "virtio-blk-pci,drive=userdata,iothread=disk-iothread,modern-pio-notify"
INFO         | 	 argv[38] = "-drive"
INFO         | 	 argv[39] = "if=none,index=3,id=encrypt,if=none,file=/home/milosvasic/.android/avd/../avd/CZ_API36_Phone.avd/encryptionkey.img.qcow2,overlap-check=none,cache=unsafe,l2-cache-size=1048576"
INFO         | 	 argv[40] = "-device"
INFO         | 	 argv[41] = "virtio-blk-pci,drive=encrypt,iothread=disk-iothread,modern-pio-notify"
INFO         | 	 argv[42] = "-drive"
INFO         | 	 argv[43] = "if=none,index=4,id=vendor,if=none,file=/home/milosvasic/Android/Sdk/system-images/android-36.1/google_apis_playstore/x86_64//vendor.img,read-only"
INFO         | 	 argv[44] = "-device"
INFO         | 	 argv[45] = "virtio-blk-pci,drive=vendor,iothread=disk-iothread,modern-pio-notify"
INFO         | 	 argv[46] = "-netdev"
INFO         | 	 argv[47] = "user,id=mynet"
INFO         | 	 argv[48] = "-device"
INFO         | 	 argv[49] = "virtio-net-pci,netdev=mynet"
INFO         | 	 argv[50] = "-chardev"
INFO         | 	 argv[51] = "null,id=forhvc0"
INFO         | 	 argv[52] = "-chardev"
INFO         | 	 argv[53] = "null,id=forhvc1"
INFO         | 	 argv[54] = "-device"
INFO         | 	 argv[55] = "virtio-serial-pci,ioeventfd=off"
INFO         | 	 argv[56] = "-device"
INFO         | 	 argv[57] = "virtconsole,chardev=forhvc0"
INFO         | 	 argv[58] = "-device"
INFO         | 	 argv[59] = "virtconsole,chardev=forhvc1"
INFO         | 	 argv[60] = "-chardev"
INFO         | 	 argv[61] = "netsim,id=uwb"
INFO         | 	 argv[62] = "-device"
INFO         | 	 argv[63] = "virtconsole,chardev=uwb,name=uwb"
INFO         | 	 argv[64] = "-chardev"
INFO         | 	 argv[65] = "netsim,id=bluetooth"
INFO         | 	 argv[66] = "-device"
INFO         | 	 argv[67] = "virtserialport,chardev=bluetooth,name=bluetooth"
INFO         | 	 argv[68] = "-device"
INFO         | 	 argv[69] = "virtio-serial,ioeventfd=off"
INFO         | 	 argv[70] = "-chardev"
INFO         | 	 argv[71] = "socket,port=37071,host=::1,nowait,nodelay,reconnect=10,ipv6,id=modem"
INFO         | 	 argv[72] = "-device"
INFO         | 	 argv[73] = "virtserialport,chardev=modem,name=modem"
INFO         | 	 argv[74] = "-device"
INFO         | 	 argv[75] = "virtio-rng-pci"
INFO         | 	 argv[76] = "-show-cursor"
INFO         | 	 argv[77] = "-device"
INFO         | 	 argv[78] = "virtio_input_multi_touch_pci_1"
INFO         | 	 argv[79] = "-device"
INFO         | 	 argv[80] = "virtio_input_multi_touch_pci_2"
INFO         | 	 argv[81] = "-device"
INFO         | 	 argv[82] = "virtio_input_multi_touch_pci_3"
INFO         | 	 argv[83] = "-device"
INFO         | 	 argv[84] = "virtio_input_multi_touch_pci_4"
INFO         | 	 argv[85] = "-device"
INFO         | 	 argv[86] = "virtio_input_multi_touch_pci_5"
INFO         | 	 argv[87] = "-device"
INFO         | 	 argv[88] = "virtio_input_multi_touch_pci_6"
INFO         | 	 argv[89] = "-device"
INFO         | 	 argv[90] = "virtio_input_multi_touch_pci_7"
INFO         | 	 argv[91] = "-device"
INFO         | 	 argv[92] = "virtio_input_multi_touch_pci_8"
INFO         | 	 argv[93] = "-device"
INFO         | 	 argv[94] = "virtio_input_multi_touch_pci_9"
INFO         | 	 argv[95] = "-device"
INFO         | 	 argv[96] = "virtio_input_multi_touch_pci_10"
INFO         | 	 argv[97] = "-device"
INFO         | 	 argv[98] = "virtio_input_multi_touch_pci_11"
INFO         | 	 argv[99] = "-netdev"
INFO         | 	 argv[100] = "user,id=virtio-wifi,dhcpstart=10.0.2.16"
INFO         | 	 argv[101] = "-device"
INFO         | 	 argv[102] = "virtio-wifi-pci,netdev=virtio-wifi"
INFO         | 	 argv[103] = "-device"
INFO         | 	 argv[104] = "virtio-vsock-pci,guest-cid=77"
INFO         | 	 argv[105] = "-L"
INFO         | 	 argv[106] = "/home/milosvasic/Android/Sdk/emulator/lib/pc-bios"
INFO         | 	 argv[107] = "-soundhw"
INFO         | 	 argv[108] = "virtio-snd-pci"
INFO         | 	 argv[109] = "-vga"
INFO         | 	 argv[110] = "none"
INFO         | 	 argv[111] = "-append"
INFO         | 	 argv[112] = "8250.nr_uarts=1 clocksource=pit no_timer_check console=0 ndns=3 loop.max_part=7 ramoops.mem_address=0xff018000 ramoops.mem_size=0x10000 memmap=0x10000$0xff018000 printk.devkmsg=on bootconfig"
INFO         | 	 argv[113] = "-android-hw"
INFO         | 	 argv[114] = "/home/milosvasic/.android/avd/../avd/CZ_API36_Phone.avd/hardware-qemu.ini"
INFO         | Concatenated QEMU options: /home/milosvasic/Android/Sdk/emulator/qemu/linux-x86_64/qemu-system-x86_64-headless -dns-server 1.1.1.1,8.8.8.8,192.168.0.1 -no-audio -serial null -android-ports 5554,5555 -device goldfish_pstore,addr=0xff018000,size=0x10000,file=/home/milosvasic/.android/avd/../avd/CZ_API36_Phone.avd/data/misc/pstore/pstore.bin -cpu android64 -enable-kvm -smp cores=2 -m 3072 -lcd-density 420 -object iothread,id=disk-iothread -nodefaults -kernel /home/milosvasic/Android/Sdk/system-images/android-36.1/google_apis_playstore/x86_64//kernel-ranchu -initrd /home/milosvasic/.android/avd/../avd/CZ_API36_Phone.avd/initrd -drive if=none,index=0,id=system,if=none,file=/home/milosvasic/Android/Sdk/system-images/android-36.1/google_apis_playstore/x86_64//system.img,read-only -device virtio-blk-pci,drive=system,iothread=disk-iothread,modern-pio-notify -drive if=none,index=1,id=cache,if=none,file=/tmp/android-milosvasic/emulator-bFWQ4x.qcow2,overlap-check=none,cache=unsafe,l2-cache-size=1048576 -device virtio-blk-pci,drive=cache,iothread=disk-iothread,modern-pio-notify -drive if=none,index=2,id=userdata,if=none,file=/home/milosvasic/.android/avd/../avd/CZ_API36_Phone.avd/userdata-qemu.img.qcow2,overlap-check=none,cache=unsafe,l2-cache-size=1048576 -device virtio-blk-pci,drive=userdata,iothread=disk-iothread,modern-pio-notify -drive if=none,index=3,id=encrypt,if=none,file=/home/milosvasic/.android/avd/../avd/CZ_API36_Phone.avd/encryptionkey.img.qcow2,overlap-check=none,cache=unsafe,l2-cache-size=1048576 -device virtio-blk-pci,drive=encrypt,iothread=disk-iothread,modern-pio-notify -drive if=none,index=4,id=vendor,if=none,file=/home/milosvasic/Android/Sdk/system-images/android-36.1/google_apis_playstore/x86_64//vendor.img,read-only -device virtio-blk-pci,drive=vendor,iothread=disk-iothread,modern-pio-notify -netdev user,id=mynet -device virtio-net-pci,netdev=mynet -chardev null,id=forhvc0 -chardev null,id=forhvc1 -device virtio-serial-pci,ioeventfd=off -device virtconsole,chardev=forhvc0 -device virtconsole,chardev=forhvc1 -chardev netsim,id=uwb -device virtconsole,chardev=uwb,name=uwb -chardev netsim,id=bluetooth -device virtserialport,chardev=bluetooth,name=bluetooth -device virtio-serial,ioeventfd=off -chardev socket,port=37071,host=::1,nowait,nodelay,reconnect=10,ipv6,id=modem -device virtserialport,chardev=modem,name=modem -device virtio-rng-pci -show-cursor -device virtio_input_multi_touch_pci_1 -device virtio_input_multi_touch_pci_2 -device virtio_input_multi_touch_pci_3 -device virtio_input_multi_touch_pci_4 -device virtio_input_multi_touch_pci_5 -device virtio_input_multi_touch_pci_6 -device virtio_input_multi_touch_pci_7 -device virtio_input_multi_touch_pci_8 -device virtio_input_multi_touch_pci_9 -device virtio_input_multi_touch_pci_10 -device virtio_input_multi_touch_pci_11 -netdev user,id=virtio-wifi,dhcpstart=10.0.2.16 -device virtio-wifi-pci,netdev=virtio-wifi -device virtio-vsock-pci,guest-cid=77 -L /home/milosvasic/Android/Sdk/emulator/lib/pc-bios -soundhw virtio-snd-pci -vga none -append '8250.nr_uarts=1 clocksource=pit no_timer_check console=0 ndns=3 loop.max_part=7 ramoops.mem_address=0xff018000 ramoops.mem_size=0x10000 memmap=0x10000$0xff018000 printk.devkmsg=on bootconfig' -android-hw /home/milosvasic/.android/avd/../avd/CZ_API36_Phone.avd/hardware-qemu.ini
DEBUG   | Android qemu version 36.4.10.0 (build_id 15004761) (CL:N/A)
DEBUG   | Starting QEMU main loop
DEBUG   | registered 'boot-properties' qemud service
DEBUG   | Adding boot property: 'ro.opengles.version' = '196608'
DEBUG   | Adding boot property: 'qemu.sf.fake_camera' = 'back'
DEBUG   | Adding boot property: 'qemu.adb.secure' = '1'
DEBUG   | Adding boot property: 'dalvik.vm.heapsize' = '576m'
DEBUG   | Adding boot property: 'qemu.hw.mainkeys' = '0'
DEBUG   | Adding boot property: 'qemu.sf.lcd_density' = '420'
INFO         | Activated packet streamer for uwb emulation
INFO         | Activated packet streamer for bluetooth emulation
DEBUG   | goldfish_events.have-dpad: false
DEBUG   | goldfish_events.have-trackball: false
DEBUG   | goldfish_events.have-camera: true
DEBUG   | goldfish_events.have-keyboard: false
DEBUG   | goldfish_events.have-lidswitch: true
DEBUG   | goldfish_events.have-tabletmode: false
DEBUG   | goldfish_events.have-touch: false
DEBUG   | goldfish_events.have-multitouch: false
DEBUG   | Adding boot property: 'net.wifi_mac_prefix' = '5554'
WARNING: cannnot unmap ptr 0x7f35b0001000 as it is in the protected range from 0x7f34f0000000 to 0x7f35b0200000
INFO         | Monitoring duration of emulator setup.
DEBUG   | Adding boot property: 'qemu.timezone' = 'Europe/Moscow'
DEBUG   | android_hw_fingerprint_init: fingerprint qemud listen service initialized
DEBUG   | Successfully initialized Wi-Fi
DEBUG   | emulator_window_fb_rotate
DEBUG   | CMD_SET_DISPLAY_CONFIGS
INFO         | Setting display: 0 configuration to: 1080x2400, dpi: 420x420 
DEBUG   | CMD_SET_DISPLAY_ACTIVE_CONFIG
DEBUG   | setDisplayPose 0 x 0 y 0 w 1080 h 2400 dpi 0
INFO         | setDisplayActiveConfig 0
DEBUG   | Adjusting window size by 0.38x for hw_lcd_density
DEBUG   | Sending CMD_REPAINT to reposting thread
DEBUG   | Sending CMD_REPAINT to reposting thread
DEBUG   | Reposting thread dequeueing a CMD_REPAINT
DEBUG   | config multidisplay with config.ini 0x0 0x0 0x0
DEBUG   | Reposting framebuffer.
DEBUG   | No repost: no last posted color buffer
DEBUG   | Reposting thread dequeueing a CMD_REPAINT
DEBUG   | Reposting framebuffer.
DEBUG   | No repost: no last posted color buffer
DEBUG   | No acpi ini file provided, using default
DEBUG   | added one RIL client
DEBUG   | Crash info: sessionId=
DEBUG   | Crash info: ro.build.fingerprint=google/sdk_gphone64_x86_64/emu64xa:16/BE4B.251210.005/14574095:user/dev-keys
DEBUG   | Crash info: avd_space=315915132928
DEBUG   | Crash info: free_ram=49134
DEBUG   | Crash info: hw.gpu.enabled=no
DEBUG   | Crash info: cpu_cores=8
DEBUG   | Crash info: PlayStore.enabled=no
DEBUG   | Crash info: hw.ramSize=2G
DEBUG   | Crash info: hw.lcd.width=1080
DEBUG   | Crash info: hw.sensor.hinge=no
DEBUG   | Crash info: hw.cpu.ncore=4
DEBUG   | Crash info: hw.gpu.mode=auto
DEBUG   | Crash info: hw.lcd.height=2400
DEBUG   | Crash info: disk.dataPartition.size=6G
USER_INFO    | Emulator is performing a full startup. This may take upto two minutes, or more.
DEBUG   | No acpi ini file provided, using default
