src/__tests__/features/releases.test.tsx(72,24): error TS6133: 'value' is declared but its value is never read.
src/__tests__/features/releases.test.tsx(72,31): error TS6133: 'onValueChange' is declared but its value is never read.
src/components/ui/form.tsx(7,7): error TS6133: 'FormFieldContext' is declared but its value is never read.
src/components/ui/form.tsx(12,7): error TS6133: 'FormItemContext' is declared but its value is never read.
src/components/ui/toast.tsx(4,20): error TS6133: 'VariantProps' is declared but its value is never read.
src/components/ui/toast.tsx(8,7): error TS6133: 'ToastActionVariants' is declared but its value is never read.
src/features/auth/auth-guard.tsx(2,10): error TS2614: Module '"./login-page"' has no exported member 'LoginPage'. Did you mean to use 'import LoginPage from "./login-page"' instead?
src/features/dashboard/dashboard-page.tsx(13,3): error TS6133: 'Server' is declared but its value is never read.
src/features/deployments/deployment-detail-page.tsx(23,1): error TS6192: All imports in import declaration are unused.
src/features/deployments/deployment-detail-page.tsx(40,30): error TS2724: '"@/hooks/useDeployment"' has no exported member named 'Deployment'. Did you mean 'useDeployment'?
src/features/deployments/deployment-detail-page.tsx(267,11): error TS2339: Property 'toast' does not exist on type 'ToastContextValue'.
src/features/deployments/deployment-detail-page.tsx(283,9): error TS2353: Object literal may only specify known properties, and 'percentage' does not exist in type '{ deploymentId: string; success_rate: number; error_rate: number; post_boot_health_failed: boolean; }'.
src/features/deployments/deployment-detail-page.tsx(368,11): error TS2339: Property 'toast' does not exist on type 'ToastContextValue'.
src/features/deployments/deployment-detail-page.tsx(376,56): error TS2353: Object literal may only specify known properties, and 'reason' does not exist in type '{ deploymentId: string; req: RecallRequest; }'.
src/features/deployments/deployment-detail-page.tsx(512,40): error TS2322: Type '"/deployments/$deploymentId"' is not assignable to type 'ConstrainLiteral<"/deployments/$deploymentId", "__root__" | "/login" | "/layout" | "/layout/dashboard", "__root__" | "/login" | "/layout" | "/layout/dashboard">'.
src/features/deployments/deployment-detail-page.tsx(514,9): error TS6133: 'toast' is declared but its value is never read.
src/features/deployments/deployment-detail-page.tsx(514,11): error TS2339: Property 'toast' does not exist on type 'ToastContextValue'.
src/features/deployments/deployment-detail-page.tsx(526,5): error TS2554: Expected 1 arguments, but got 2.
src/features/deployments/deployment-detail-page.tsx(578,63): error TS2322: Type '"/deployments"' is not assignable to type '"/dashboard" | "." | ".." | "/" | "/login"'.
src/features/deployments/deployment-detail-page.tsx(591,73): error TS2322: Type '"/deployments"' is not assignable to type '"/dashboard" | "." | ".." | "/" | "/login"'.
src/features/deployments/deployments-page.tsx(39,31): error TS2724: '"@/hooks/useDeployments"' has no exported member named 'Deployment'. Did you mean 'useDeployment'?
src/features/deployments/deployments-page.tsx(223,11): error TS2339: Property 'toast' does not exist on type 'ToastContextValue'.
src/features/deployments/deployments-page.tsx(240,50): error TS2345: Argument of type '{ targetGroupId: string; releaseVersion: string; strategy: "rolling" | "canary" | "blue-green" | "full"; percentage?: number | undefined; }' is not assignable to parameter of type 'CreateDeploymentRequest'.
  Type '{ targetGroupId: string; releaseVersion: string; strategy: "rolling" | "canary" | "blue-green" | "full"; percentage?: number | undefined; }' is missing the following properties from type 'CreateDeploymentRequest': release_id, group_ids, staged
src/features/deployments/deployments-page.tsx(274,48): error TS2339: Property 'onChange' does not exist on type '{ name: string; }'.
src/features/deployments/deployments-page.tsx(274,71): error TS2339: Property 'value' does not exist on type '{ name: string; }'.
src/features/deployments/deployments-page.tsx(277,38): error TS2322: Type '{ placeholder: string; }' is not assignable to type 'IntrinsicAttributes & HTMLAttributes<HTMLSpanElement> & RefAttributes<HTMLSpanElement>'.
  Property 'placeholder' does not exist on type 'IntrinsicAttributes & HTMLAttributes<HTMLSpanElement> & RefAttributes<HTMLSpanElement>'.
src/features/deployments/deployments-page.tsx(311,48): error TS2339: Property 'onChange' does not exist on type '{ name: string; }'.
src/features/deployments/deployments-page.tsx(311,71): error TS2339: Property 'value' does not exist on type '{ name: string; }'.
src/features/deployments/deployments-page.tsx(380,16): error TS2322: Type '"/deployments/$deploymentId"' is not assignable to type '"/dashboard" | "." | ".." | "/" | "/login"'.
src/features/deployments/deployments-page.tsx(380,60): error TS2353: Object literal may only specify known properties, and 'deploymentId' does not exist in type 'ParamsReducerFn<RouterCore<Route<Register, any, "/", "/", string, "__root__", undefined, {}, {}, AnyContext, AnyContext, {}, undefined, readonly [Route<...>, Route<...>], unknown, unknown, unknown, undefined>, "never", false, RouterHistory, Record<...>>, "PATH", string, "/deployments/$deploymentId">'.
src/features/devices/device-detail-page.tsx(1,1): error TS6192: All imports in import declaration are unused.
src/features/devices/device-detail-page.tsx(356,3): error TS6133: 'deviceId' is declared but its value is never read.
src/features/devices/device-detail-page.tsx(458,36): error TS2322: Type '"/devices/$deviceId"' is not assignable to type 'ConstrainLiteral<"/devices/$deviceId", "__root__" | "/login" | "/layout" | "/layout/dashboard", "__root__" | "/login" | "/layout" | "/layout/dashboard">'.
src/features/devices/device-detail-page.tsx(460,5): error TS2339: Property 'device' does not exist on type 'UseQueryResult<NoInfer<DeviceStatus>, Error>'.
src/features/devices/device-detail-page.tsx(461,5): error TS2339: Property 'updates' does not exist on type 'UseQueryResult<NoInfer<DeviceStatus>, Error>'.
src/features/devices/device-detail-page.tsx(462,5): error TS2339: Property 'groups' does not exist on type 'UseQueryResult<NoInfer<DeviceStatus>, Error>'.
src/features/devices/device-detail-page.tsx(463,5): error TS2339: Property 'loading' does not exist on type 'UseQueryResult<NoInfer<DeviceStatus>, Error>'.
src/features/devices/device-detail-page.tsx(465,5): error TS2339: Property 'refresh' does not exist on type 'UseQueryResult<NoInfer<DeviceStatus>, Error>'.
src/features/devices/device-detail-page.tsx(469,5): error TS2339: Property 'telemetry' does not exist on type 'UseQueryResult<TelemetryHistory, Error>'.
src/features/devices/device-detail-page.tsx(470,5): error TS2339: Property 'loading' does not exist on type 'UseQueryResult<TelemetryHistory, Error>'.
src/features/devices/device-detail-page.tsx(472,5): error TS2339: Property 'refresh' does not exist on type 'UseQueryResult<TelemetryHistory, Error>'.
src/features/devices/device-detail-page.tsx(493,21): error TS2322: Type 'Error' is not assignable to type 'string'.
src/features/devices/devices-page.tsx(1,8): error TS6133: 'React' is declared but its value is never read.
src/features/devices/devices-page.tsx(415,11): error TS2339: Property 'devices' does not exist on type 'QueryObserverSuccessResult<DeviceList, Error> | QueryObserverLoadingResult<DeviceList, Error> | QueryObserverPendingResult<DeviceList, Error> | QueryObserverPlaceholderResult<...>'.
src/features/devices/devices-page.tsx(415,11): error TS2339: Property 'devices' does not exist on type 'UseQueryResult<DeviceList, Error>'.
src/features/devices/devices-page.tsx(415,20): error TS2339: Property 'loading' does not exist on type 'UseQueryResult<DeviceList, Error>'.
src/features/devices/devices-page.tsx(415,36): error TS2339: Property 'refresh' does not exist on type 'QueryObserverRefetchErrorResult<DeviceList, Error> | QueryObserverLoadingErrorResult<DeviceList, Error>'.
src/features/devices/devices-page.tsx(415,36): error TS2339: Property 'refresh' does not exist on type 'QueryObserverSuccessResult<DeviceList, Error> | QueryObserverLoadingResult<DeviceList, Error> | QueryObserverPendingResult<DeviceList, Error> | QueryObserverPlaceholderResult<...>'.
src/features/devices/devices-page.tsx(415,36): error TS2339: Property 'refresh' does not exist on type 'UseQueryResult<DeviceList, Error>'.
src/features/devices/devices-page.tsx(441,21): error TS2322: Type 'Error' is not assignable to type 'string'.
src/features/groups/groups-page.tsx(26,3): error TS6133: 'SheetTrigger' is declared but its value is never read.
src/features/groups/groups-page.tsx(68,11): error TS2339: Property 'toast' does not exist on type 'ToastContextValue'.
src/features/groups/groups-page.tsx(147,45): error TS2345: Argument of type '{ name: string; description?: string | undefined; }' is not assignable to parameter of type 'CreateGroupRequest'.
  Type '{ name: string; description?: string | undefined; }' is missing the following properties from type 'CreateGroupRequest': device_ids, labels
src/features/groups/groups-page.tsx(298,29): error TS6133: 'groupId' is declared but its value is never read.
src/features/layout/app-layout.tsx(89,11): error TS2339: Property 'mutate' does not exist on type '() => void'.
src/features/layout/app-layout.tsx(89,27): error TS2339: Property 'isPending' does not exist on type '() => void'.
src/features/layout/app-layout.tsx(94,18): error TS2345: Argument of type 'string' is not assignable to parameter of type 'NavigateOptions<RouterCore<Route<Register, any, "/", "/", string, "__root__", undefined, {}, {}, AnyContext, AnyContext, {}, undefined, readonly [Route<...>, Route<...>], unknown, unknown, unknown, undefined>, "never", false, RouterHistory, Record<...>>, string, string | undefined, string, "">'.
  Type 'string' is not assignable to type 'MakeOptionalSearchParams<RouterCore<Route<Register, any, "/", "/", string, "__root__", undefined, {}, {}, AnyContext, AnyContext, {}, undefined, readonly [Route<...>, Route<...>], unknown, unknown, unknown, undefined>, "never", false, RouterHistory, Record<...>>, string, string | undefined>'.
src/features/layout/sidebar.tsx(67,23): error TS2322: Type '({ isActive }: { isActive: any; }) => string' is not assignable to type 'string'.
src/features/layout/sidebar.tsx(67,27): error TS7031: Binding element 'isActive' implicitly has an 'any' type.
src/features/releases/releases-page.tsx(12,29): error TS6133: 'CardDescription' is declared but its value is never read.
src/features/releases/releases-page.tsx(39,28): error TS2305: Module '"@/hooks/useReleases"' has no exported member 'Release'.
src/features/releases/releases-page.tsx(261,11): error TS2339: Property 'toast' does not exist on type 'ToastContextValue'.
src/features/releases/releases-page.tsx(264,36): error TS2554: Expected 1 arguments, but got 0.
src/features/releases/releases-page.tsx(308,9): error TS2353: Object literal may only specify known properties, and 'artifactId' does not exist in type 'CreateReleaseRequest'.
src/features/releases/releases-page.tsx(334,43): error TS2339: Property 'find' does not exist on type '{}'.
src/features/releases/releases-page.tsx(386,50): error TS2339: Property 'onChange' does not exist on type '{ name: string; }'.
src/features/releases/releases-page.tsx(386,73): error TS2339: Property 'value' does not exist on type '{ name: string; }'.
src/features/releases/releases-page.tsx(389,40): error TS2322: Type '{ placeholder: string; }' is not assignable to type 'IntrinsicAttributes & HTMLAttributes<HTMLSpanElement> & RefAttributes<HTMLSpanElement>'.
  Property 'placeholder' does not exist on type 'IntrinsicAttributes & HTMLAttributes<HTMLSpanElement> & RefAttributes<HTMLSpanElement>'.
src/features/releases/releases-page.tsx(393,49): error TS2339: Property 'length' does not exist on type '{}'.
src/features/releases/releases-page.tsx(394,37): error TS2339: Property 'map' does not exist on type '{}'.
src/features/releases/releases-page.tsx(513,40): error TS2339: Property 'value' does not exist on type '{ name: string; }'.
src/features/releases/releases-page.tsx(514,41): error TS2339: Property 'onChange' does not exist on type '{ name: string; }'.
src/hooks/use-artifacts.ts(7,3): error TS2305: Module '"../types/api"' has no exported member 'Artifact'.
src/hooks/use-artifacts.ts(8,3): error TS2305: Module '"../types/api"' has no exported member 'ArtifactUploadMetadata'.
src/hooks/use-artifacts.ts(9,3): error TS2305: Module '"../types/api"' has no exported member 'DeltaRegisterRequest'.
src/hooks/use-artifacts.ts(10,3): error TS2305: Module '"../types/api"' has no exported member 'DeltaView'.
src/hooks/use-artifacts.ts(11,3): error TS2305: Module '"../types/api"' has no exported member 'DeltaFindParams'.
src/hooks/use-artifacts.ts(13,27): error TS2305: Module '"../lib/api-client"' has no exported member 'apiMultipartPost'.
src/hooks/use-artifacts.ts(48,52): error TS18046: 'data' is of type 'unknown'.
src/hooks/use-audit.ts(6,15): error TS2305: Module '"../types/api"' has no exported member 'AuditLogList'.
src/hooks/use-audit.ts(6,29): error TS2305: Module '"../types/api"' has no exported member 'AuditFilter'.
src/hooks/use-deployments.ts(7,3): error TS2305: Module '"../types/api"' has no exported member 'Deployment'.
src/hooks/use-deployments.ts(8,3): error TS2305: Module '"../types/api"' has no exported member 'DeploymentList'.
src/hooks/use-deployments.ts(9,3): error TS2305: Module '"../types/api"' has no exported member 'DeploymentStatus'.
src/hooks/use-deployments.ts(11,3): error TS2724: '"../types/api"' has no exported member named 'CreateRolloutRequest'. Did you mean 'CreateGroupRequest'?
src/hooks/use-deployments.ts(12,3): error TS2305: Module '"../types/api"' has no exported member 'RolloutDecision'.
src/hooks/use-deployments.ts(13,3): error TS2305: Module '"../types/api"' has no exported member 'RolloutState'.
src/hooks/use-deployments.ts(14,3): error TS2305: Module '"../types/api"' has no exported member 'RecallRequest'.
src/hooks/use-deployments.ts(15,3): error TS2305: Module '"../types/api"' has no exported member 'RollbackList'.
src/hooks/use-devices.ts(7,3): error TS2305: Module '"../types/api"' has no exported member 'DeviceRegistration'.
src/hooks/use-devices.ts(10,3): error TS2305: Module '"../types/api"' has no exported member 'DeviceListFilter'.
src/hooks/use-devices.ts(11,3): error TS2305: Module '"../types/api"' has no exported member 'DeviceList'.
src/hooks/use-devices.ts(12,3): error TS2305: Module '"../types/api"' has no exported member 'TelemetryHistory'.
src/hooks/use-devices.ts(13,3): error TS2305: Module '"../types/api"' has no exported member 'TelemetryFilter'.
src/hooks/use-devices.ts(14,3): error TS2305: Module '"../types/api"' has no exported member 'TelemetryOverview'.
src/hooks/use-groups.ts(8,3): error TS2305: Module '"../types/api"' has no exported member 'GroupList'.
src/hooks/use-groups.ts(10,3): error TS2724: '"../types/api"' has no exported member named 'UpdateGroupRequest'. Did you mean 'CreateGroupRequest'?
src/hooks/use-groups.ts(11,3): error TS2305: Module '"../types/api"' has no exported member 'AddGroupMembersRequest'.
src/hooks/use-groups.ts(12,3): error TS2305: Module '"../types/api"' has no exported member 'AddGroupMembersResult'.
src/hooks/use-groups.ts(13,3): error TS2305: Module '"../types/api"' has no exported member 'GroupMembers'.
src/hooks/use-groups.ts(55,49): error TS2345: Argument of type 'string | undefined' is not assignable to parameter of type 'string'.
  Type 'undefined' is not assignable to type 'string'.
src/hooks/use-groups.ts(70,49): error TS2345: Argument of type 'string | undefined' is not assignable to parameter of type 'string'.
  Type 'undefined' is not assignable to type 'string'.
src/hooks/use-projects.ts(8,15): error TS2305: Module '"../types/api"' has no exported member 'Project'.
src/hooks/use-releases.ts(7,3): error TS2305: Module '"../types/api"' has no exported member 'Release'.
src/hooks/use-releases.ts(8,3): error TS2305: Module '"../types/api"' has no exported member 'ReleaseList'.
src/hooks/use-releases.ts(9,3): error TS2305: Module '"../types/api"' has no exported member 'ReleaseFilter'.
src/lib/permissions.ts(7,15): error TS2305: Module '"../types/api"' has no exported member 'Role'.
src/lib/permissions.ts(7,21): error TS2305: Module '"../types/api"' has no exported member 'ProjectAccess'.
src/routes/index.tsx(24,38): error TS2345: Argument of type '"/"' is not assignable to parameter of type 'undefined'.
src/routes/index.tsx(31,43): error TS2345: Argument of type '"/login"' is not assignable to parameter of type 'undefined'.
src/routes/index.tsx(36,47): error TS2345: Argument of type '"/dashboard"' is not assignable to parameter of type 'undefined'.
src/routes/index.tsx(45,45): error TS2345: Argument of type '"/devices"' is not assignable to parameter of type 'undefined'.
src/routes/index.tsx(54,50): error TS2345: Argument of type '"/devices/$deviceId"' is not assignable to parameter of type 'undefined'.
src/routes/index.tsx(63,46): error TS2345: Argument of type '"/releases"' is not assignable to parameter of type 'undefined'.
src/routes/index.tsx(72,49): error TS2345: Argument of type '"/deployments"' is not assignable to parameter of type 'undefined'.
src/routes/index.tsx(81,54): error TS2345: Argument of type '"/deployments/$deploymentId"' is not assignable to parameter of type 'undefined'.
src/routes/index.tsx(90,44): error TS2345: Argument of type '"/groups"' is not assignable to parameter of type 'undefined'.
src/routes/index.tsx(99,43): error TS2345: Argument of type '"/audit"' is not assignable to parameter of type 'undefined'.
