[12:02:17Z] UP: booting REAL system (ota-server + real PostgreSQL) on milosvasic@thinker.local
[12:02:23Z] PRE-CLEAN: force-removing any prior 'helix-ota-system' stack
[12:02:49Z] remote arch=x86_64 => cross-compiling GOOS=linux GOARCH=amd64
[12:02:49Z] BUILD: cross-compile static ota-server (host — sibling replaces resolve here)
[12:02:54Z] built: 22605986 /Volumes/T7/Projects/helix_ota/server/.docker-bin/ota-server
[12:02:54Z] SYNC: rsync build bundle -> milosvasic@thinker.local:/home/milosvasic/.helix-ota-system-stack
[12:03:06Z] COMPOSE: podman-compose build (project 'helix-ota-system')
podman-compose version: 1.0.6
['podman', '--version', '']
using podman version: 4.9.3
podman build -f ../Dockerfile -t ota-control-plane:system ..
STEP 1/9: FROM alpine:3.21
STEP 2/9: RUN apk add --no-cache ca-certificates wget && update-ca-certificates
--> Using cache f0b6c70be6f5bc3b49ddcb9858f50de0e2c5ed1f11f43c1b0994aeabcdf9e2b0
--> f0b6c70be6f5
STEP 3/9: RUN addgroup -S helix && adduser -S -G helix helix
--> Using cache e4071cf17a75bad141c26d6831735a83dd2a423193d11c6d93b8a57c27d95ae9
--> e4071cf17a75
STEP 4/9: COPY .docker-bin/ota-server /usr/local/bin/ota-server
--> adc3b9154e94
STEP 5/9: ENV HELIX_PORT=8080     HELIX_API_BASE_PATH=/api/v1
--> 9008b962c3e9
STEP 6/9: EXPOSE 8080
--> 634ddf8182e1
STEP 7/9: HEALTHCHECK --interval=5s --timeout=3s --start-period=2s --retries=12     CMD wget -qO- "http://127.0.0.1:${HELIX_PORT}/healthz" >/dev/null 2>&1 || exit 1
time="2026-06-23T15:03:12+03:00" level=warning msg="HEALTHCHECK is not supported for OCI image format and will be ignored. Must use `docker` format"
--> 2894b18b1b32
STEP 8/9: USER helix:helix
time="2026-06-23T15:03:12+03:00" level=warning msg="HEALTHCHECK is not supported for OCI image format and will be ignored. Must use `docker` format"
--> 97ba001c12e2
STEP 9/9: ENTRYPOINT ["/usr/local/bin/ota-server"]
COMMIT ota-control-plane:system
time="2026-06-23T15:03:12+03:00" level=warning msg="HEALTHCHECK is not supported for OCI image format and will be ignored. Must use `docker` format"
--> b3b9afeee382
Successfully tagged localhost/ota-control-plane:system
b3b9afeee3824e153bbf5e18424e8630e404676984b720d12f2086ebc4abdba0
exit code: 0
[12:03:12Z] COMPOSE: up -d postgres (first), then wait for it to accept connections
podman-compose version: 1.0.6
['podman', '--version', '']
using podman version: 4.9.3
** excluding:  {'ota-server'}
['podman', 'ps', '--filter', 'label=io.podman.compose.project=helix-ota-system', '-a', '--format', '{{ index .Labels "io.podman.compose.config-hash"}}']
['podman', 'network', 'exists', 'helix-ota-system_default']
podman run --name=helix-ota-system_postgres_1 -d --label io.podman.compose.config-hash=b6a442c7589ebcb70ea29dedda8e2f6283e1ab011b206e7bf312973f61df3319 --label io.podman.compose.project=helix-ota-system --label io.podman.compose.version=1.0.6 --label PODMAN_SYSTEMD_UNIT=podman-compose@helix-ota-system.service --label com.docker.compose.project=helix-ota-system --label com.docker.compose.project.working_dir=/home/milosvasic/.helix-ota-system-stack/deploy --label com.docker.compose.project.config_files=system.compose.yml --label com.docker.compose.container-number=1 --label com.docker.compose.service=postgres -e POSTGRES_USER=helix -e POSTGRES_PASSWORD=helix -e POSTGRES_DB=helix_ota --net helix-ota-system_default --network-alias postgres -p 55480:5432 -m 512m --healthcheck-command /bin/sh -c 'pg_isready -U helix -d helix_ota' --healthcheck-interval 2s --healthcheck-timeout 3s --healthcheck-retries 30 docker.io/library/postgres:16-alpine
68a8affe13a44126ac72e0fa2f257f1681a1f9531c284f25c91764a86e72cb77
exit code: 0
** skipping:  helix-ota-system_ota-server_1
[12:03:19Z] PG-WAIT: waiting up to 60s for postgres to accept connections
[12:03:24Z] PG-WAIT: postgres accepting connections.
[12:03:24Z] COMPOSE: up -d ota-server (postgres now ready => server connect+Migrate succeeds)
podman-compose version: 1.0.6
['podman', '--version', '']
using podman version: 4.9.3
** excluding:  set()
['podman', 'inspect', '-t', 'image', '-f', '{{.Id}}', 'ota-control-plane:system']
['podman', 'ps', '--filter', 'label=io.podman.compose.project=helix-ota-system', '-a', '--format', '{{ index .Labels "io.podman.compose.config-hash"}}']
['podman', 'network', 'exists', 'helix-ota-system_default']
podman run --name=helix-ota-system_postgres_1 -d --label io.podman.compose.config-hash=b6a442c7589ebcb70ea29dedda8e2f6283e1ab011b206e7bf312973f61df3319 --label io.podman.compose.project=helix-ota-system --label io.podman.compose.version=1.0.6 --label PODMAN_SYSTEMD_UNIT=podman-compose@helix-ota-system.service --label com.docker.compose.project=helix-ota-system --label com.docker.compose.project.working_dir=/home/milosvasic/.helix-ota-system-stack/deploy --label com.docker.compose.project.config_files=system.compose.yml --label com.docker.compose.container-number=1 --label com.docker.compose.service=postgres -e POSTGRES_USER=helix -e POSTGRES_PASSWORD=helix -e POSTGRES_DB=helix_ota --net helix-ota-system_default --network-alias postgres -p 55480:5432 -m 512m --healthcheck-command /bin/sh -c 'pg_isready -U helix -d helix_ota' --healthcheck-interval 2s --healthcheck-timeout 3s --healthcheck-retries 30 docker.io/library/postgres:16-alpine
Error: creating container storage: the container name "helix-ota-system_postgres_1" is already in use by 68a8affe13a44126ac72e0fa2f257f1681a1f9531c284f25c91764a86e72cb77. You have to remove that container to be able to reuse that name: that name is already in use, or use --replace to instruct Podman to do so.
exit code: 125
podman start helix-ota-system_postgres_1
exit code: 0
['podman', 'network', 'exists', 'helix-ota-system_default']
podman run --name=helix-ota-system_ota-server_1 -d --requires=helix-ota-system_postgres_1 --label io.podman.compose.config-hash=b6a442c7589ebcb70ea29dedda8e2f6283e1ab011b206e7bf312973f61df3319 --label io.podman.compose.project=helix-ota-system --label io.podman.compose.version=1.0.6 --label PODMAN_SYSTEMD_UNIT=podman-compose@helix-ota-system.service --label com.docker.compose.project=helix-ota-system --label com.docker.compose.project.working_dir=/home/milosvasic/.helix-ota-system-stack/deploy --label com.docker.compose.project.config_files=system.compose.yml --label com.docker.compose.container-number=1 --label com.docker.compose.service=ota-server -e HELIX_PORT=8080 -e HELIX_API_BASE_PATH=/api/v1 -e HELIX_DATABASE_URL=postgres://helix:helix@postgres:5432/helix_ota?sslmode=disable -e HELIX_ADMIN_USERNAME=admin@helix.system -e HELIX_ADMIN_PASSWORD=<redacted-test-admin-pw-§11.4.10> -e HELIX_TOKEN_SECRET=<redacted-test-token-secret-§11.4.10> -e HELIX_ARTIFACT_PUBKEY=eD4goStWyoJvu5cCMKXF8rd7pUBTIwCHae1oQBXAHqY= -e HELIX_ARTIFACT_BASE_URL=http://localhost:18080/artifacts --net helix-ota-system_default --network-alias ota-server -p 18080:8080 -m 256m --healthcheck-command /bin/sh -c 'wget -qO- http://127.0.0.1:8080/readyz >/dev/null 2>&1 || exit 1' --healthcheck-interval 3s --healthcheck-timeout 3s --healthcheck-start-period 3s --healthcheck-retries 20 ota-control-plane:system
1194aab75e3ae8002dfd8ada00906a17b6cc412b761a0f5fafee6ede161d7d57
exit code: 0
[12:03:33Z] READY: waiting up to 90s for /readyz -> 200
[12:03:44Z] READY: /readyz -> 200 {"status":"ready"}
BASE_URL=http://127.0.0.1:18080
[12:03:44Z] UP: complete. Live base URL (on thinker.local): http://127.0.0.1:18080
[12:03:44Z]     higher suites reach it via the remote loopback (ssh) or http://thinker.local:18080 if the port is exposed.
