[11:44:17Z] UP: booting REAL system (ota-server + real PostgreSQL) on milosvasic@thinker.local
[11:44:29Z] remote arch=x86_64 => cross-compiling GOOS=linux GOARCH=amd64
[11:44:29Z] BUILD: cross-compile static ota-server (host — sibling replaces resolve here)
[11:44:37Z] built: 22605986 /Volumes/T7/Projects/helix_ota/server/.docker-bin/ota-server
[11:44:37Z] SYNC: rsync build bundle -> milosvasic@thinker.local:/home/milosvasic/.helix-ota-system-stack
[11:44:56Z] COMPOSE: podman-compose build (project 'helix-ota-system')
podman-compose version: 1.0.6
['podman', '--version', '']
using podman version: 4.9.3
podman build -f ../Dockerfile -t ota-control-plane:system ..
time="2026-06-23T14:45:02+03:00" level=warning msg="can't raise ambient capability CAP_CHOWN: operation not permitted"
time="2026-06-23T14:45:02+03:00" level=warning msg="can't raise ambient capability CAP_DAC_OVERRIDE: operation not permitted"
time="2026-06-23T14:45:02+03:00" level=warning msg="can't raise ambient capability CAP_FOWNER: operation not permitted"
time="2026-06-23T14:45:02+03:00" level=warning msg="can't raise ambient capability CAP_FSETID: operation not permitted"
time="2026-06-23T14:45:02+03:00" level=warning msg="can't raise ambient capability CAP_KILL: operation not permitted"
time="2026-06-23T14:45:02+03:00" level=warning msg="can't raise ambient capability CAP_NET_BIND_SERVICE: operation not permitted"
time="2026-06-23T14:45:02+03:00" level=warning msg="can't raise ambient capability CAP_SETFCAP: operation not permitted"
time="2026-06-23T14:45:02+03:00" level=warning msg="can't raise ambient capability CAP_SETGID: operation not permitted"
time="2026-06-23T14:45:02+03:00" level=warning msg="can't raise ambient capability CAP_SETPCAP: operation not permitted"
time="2026-06-23T14:45:02+03:00" level=warning msg="can't raise ambient capability CAP_SETUID: operation not permitted"
time="2026-06-23T14:45:02+03:00" level=warning msg="can't raise ambient capability CAP_SYS_CHROOT: operation not permitted"
time="2026-06-23T14:45:03+03:00" level=warning msg="can't raise ambient capability CAP_CHOWN: operation not permitted"
time="2026-06-23T14:45:03+03:00" level=warning msg="can't raise ambient capability CAP_DAC_OVERRIDE: operation not permitted"
time="2026-06-23T14:45:03+03:00" level=warning msg="can't raise ambient capability CAP_FOWNER: operation not permitted"
time="2026-06-23T14:45:03+03:00" level=warning msg="can't raise ambient capability CAP_FSETID: operation not permitted"
time="2026-06-23T14:45:03+03:00" level=warning msg="can't raise ambient capability CAP_KILL: operation not permitted"
time="2026-06-23T14:45:03+03:00" level=warning msg="can't raise ambient capability CAP_NET_BIND_SERVICE: operation not permitted"
time="2026-06-23T14:45:03+03:00" level=warning msg="can't raise ambient capability CAP_SETFCAP: operation not permitted"
time="2026-06-23T14:45:03+03:00" level=warning msg="can't raise ambient capability CAP_SETGID: operation not permitted"
time="2026-06-23T14:45:03+03:00" level=warning msg="can't raise ambient capability CAP_SETPCAP: operation not permitted"
time="2026-06-23T14:45:03+03:00" level=warning msg="can't raise ambient capability CAP_SETUID: operation not permitted"
time="2026-06-23T14:45:03+03:00" level=warning msg="can't raise ambient capability CAP_SYS_CHROOT: operation not permitted"
time="2026-06-23T14:45:04+03:00" level=warning msg="HEALTHCHECK is not supported for OCI image format and will be ignored. Must use `docker` format"
time="2026-06-23T14:45:04+03:00" level=warning msg="HEALTHCHECK is not supported for OCI image format and will be ignored. Must use `docker` format"
time="2026-06-23T14:45:04+03:00" level=warning msg="HEALTHCHECK is not supported for OCI image format and will be ignored. Must use `docker` format"
exit code: 0
[11:45:04Z] COMPOSE: up -d postgres (first), then wait for it to accept connections
podman-compose version: 1.0.6
['podman', '--version', '']
using podman version: 4.9.3
** excluding:  {'ota-server'}
['podman', 'ps', '--filter', 'label=io.podman.compose.project=helix-ota-system', '-a', '--format', '{{ index .Labels "io.podman.compose.config-hash"}}']
recreating: ...
** excluding:  {'ota-server'}
podman stop -t 10 helix-ota-system_postgres_1
exit code: 0
podman rm helix-ota-system_postgres_1
exit code: 0
recreating: done


['podman', 'network', 'exists', 'helix-ota-system_default']
podman run --name=helix-ota-system_postgres_1 -d --label io.podman.compose.config-hash=ef72029c0acdd6397a86b3d182675920d13c8d49ebc98b4dc976c032930ce31b --label io.podman.compose.project=helix-ota-system --label io.podman.compose.version=1.0.6 --label PODMAN_SYSTEMD_UNIT=podman-compose@helix-ota-system.service --label com.docker.compose.project=helix-ota-system --label com.docker.compose.project.working_dir=/home/milosvasic/.helix-ota-system-stack/deploy --label com.docker.compose.project.config_files=system.compose.yml --label com.docker.compose.container-number=1 --label com.docker.compose.service=postgres -e POSTGRES_USER=helix -e POSTGRES_PASSWORD=helix -e POSTGRES_DB=helix_ota --net helix-ota-system_default --network-alias postgres -p 55480:5432 -m 512m --healthcheck-command /bin/sh -c 'pg_isready -U helix -d helix_ota' --healthcheck-interval 2s --healthcheck-timeout 3s --healthcheck-retries 30 docker.io/library/postgres:16-alpine
exit code: 0
** skipping:  helix-ota-system_ota-server_1
[11:45:13Z] PG-WAIT: waiting up to 60s for postgres to accept connections
[11:45:19Z] PG-WAIT: postgres accepting connections.
[11:45:19Z] COMPOSE: up -d ota-server (postgres now ready => server connect+Migrate succeeds)
podman-compose version: 1.0.6
['podman', '--version', '']
using podman version: 4.9.3
** excluding:  set()
['podman', 'inspect', '-t', 'image', '-f', '{{.Id}}', 'ota-control-plane:system']
['podman', 'ps', '--filter', 'label=io.podman.compose.project=helix-ota-system', '-a', '--format', '{{ index .Labels "io.podman.compose.config-hash"}}']
['podman', 'network', 'exists', 'helix-ota-system_default']
podman run --name=helix-ota-system_postgres_1 -d --label io.podman.compose.config-hash=ef72029c0acdd6397a86b3d182675920d13c8d49ebc98b4dc976c032930ce31b --label io.podman.compose.project=helix-ota-system --label io.podman.compose.version=1.0.6 --label PODMAN_SYSTEMD_UNIT=podman-compose@helix-ota-system.service --label com.docker.compose.project=helix-ota-system --label com.docker.compose.project.working_dir=/home/milosvasic/.helix-ota-system-stack/deploy --label com.docker.compose.project.config_files=system.compose.yml --label com.docker.compose.container-number=1 --label com.docker.compose.service=postgres -e POSTGRES_USER=helix -e POSTGRES_PASSWORD=helix -e POSTGRES_DB=helix_ota --net helix-ota-system_default --network-alias postgres -p 55480:5432 -m 512m --healthcheck-command /bin/sh -c 'pg_isready -U helix -d helix_ota' --healthcheck-interval 2s --healthcheck-timeout 3s --healthcheck-retries 30 docker.io/library/postgres:16-alpine
Error: creating container storage: the container name "helix-ota-system_postgres_1" is already in use by 16ba53939e5b9de87460c9fc00920023acbf75b316f61d584928afa0ae716a71. You have to remove that container to be able to reuse that name: that name is already in use, or use --replace to instruct Podman to do so.
exit code: 125
podman start helix-ota-system_postgres_1
exit code: 0
['podman', 'network', 'exists', 'helix-ota-system_default']
podman run --name=helix-ota-system_ota-server_1 -d --requires=helix-ota-system_postgres_1 --label io.podman.compose.config-hash=ef72029c0acdd6397a86b3d182675920d13c8d49ebc98b4dc976c032930ce31b --label io.podman.compose.project=helix-ota-system --label io.podman.compose.version=1.0.6 --label PODMAN_SYSTEMD_UNIT=podman-compose@helix-ota-system.service --label com.docker.compose.project=helix-ota-system --label com.docker.compose.project.working_dir=/home/milosvasic/.helix-ota-system-stack/deploy --label com.docker.compose.project.config_files=system.compose.yml --label com.docker.compose.container-number=1 --label com.docker.compose.service=ota-server -e HELIX_PORT=8080 -e HELIX_API_BASE_PATH=/api/v1 -e HELIX_DATABASE_URL=postgres://helix:helix@postgres:5432/helix_ota?sslmode=disable -e HELIX_ADMIN_USERNAME=admin@helix.system -e HELIX_ADMIN_PASSWORD=<redacted-test-admin-pw-§11.4.10> -e HELIX_TOKEN_SECRET=<redacted-test-token-secret-§11.4.10> -e HELIX_ARTIFACT_PUBKEY=jZeZbQMlypVBfbDSwsJE0ihvVnCvOj/i79dGLdbLdVo= -e HELIX_ARTIFACT_BASE_URL=http://localhost:18080/artifacts --net helix-ota-system_default --network-alias ota-server -p 18080:8080 -m 256m --healthcheck-command /bin/sh -c 'wget -qO- http://127.0.0.1:8080/readyz >/dev/null 2>&1 || exit 1' --healthcheck-interval 3s --healthcheck-timeout 3s --healthcheck-start-period 3s --healthcheck-retries 20 ota-control-plane:system
exit code: 0
[11:45:28Z] READY: waiting up to 90s for /readyz -> 200
[11:45:40Z] READY: /readyz -> 200 {"status":"ready"}
[11:45:40Z] UP: complete. Live base URL (on thinker.local): http://127.0.0.1:18080
[11:45:40Z]     higher suites reach it via the remote loopback (ssh) or http://thinker.local:18080 if the port is exposed.
