[2026-07-26T13:16:29+05:00] === Sync run 20260726-131629 ===
[2026-07-26T13:16:29+05:00] No sync marker found — scanning last 50 commits
[2026-07-26T13:16:29+05:00] SKIP   OTA-028 — already closed (Completed (→ Fixed.md))
[2026-07-26T13:16:29+05:00] SKIP   OTA-037 — already closed (Implemented (→ Fixed.md))
[2026-07-26T13:16:29+05:00] SKIP   OTA-039 — already closed (Completed (→ Fixed.md))
[2026-07-26T13:16:29+05:00] SKIP   OTA-039 — already closed (Completed (→ Fixed.md))
[2026-07-26T13:16:29+05:00] SKIP   OTA-067 — already closed (Fixed (→ Fixed.md))
[2026-07-26T13:16:29+05:00] SKIP   OTA-058 — already closed (Completed (→ Fixed.md))
[2026-07-26T13:16:29+05:00] SKIP   OTA-064 — already closed (Completed (→ Fixed.md))
[2026-07-26T13:16:29+05:00] SKIP   OTA-068 — already closed (Fixed (→ Fixed.md))
[2026-07-26T13:16:29+05:00] SKIP   OTA-024 — already closed (Fixed (→ Fixed.md))
[2026-07-26T13:16:29+05:00] SKIP   OTA-036 — already closed (Implemented (→ Fixed.md))
[2026-07-26T13:16:29+05:00] SKIP   OTA-025 — already closed (Fixed (→ Fixed.md))
[2026-07-26T13:16:29+05:00] SKIP   OTA-024 — already closed (Fixed (→ Fixed.md))
[2026-07-26T13:16:29+05:00] SKIP   OTA-066 — already closed (Completed (→ Fixed.md))
[2026-07-26T13:16:29+05:00] SKIP   OTA-032 — already closed (Completed (→ Fixed.md))
[2026-07-26T13:16:29+05:00] SKIP   OTA-032 — already closed (Completed (→ Fixed.md))
[2026-07-26T13:16:29+05:00] SKIP   OTA-034 — already closed (Implemented (→ Fixed.md))
[2026-07-26T13:16:29+05:00] SKIP   OTA-035 — already closed (Implemented (→ Fixed.md))
[2026-07-26T13:16:29+05:00] SKIP   OTA-035 — already closed (Implemented (→ Fixed.md))
[2026-07-26T13:16:29+05:00] SKIP   OTA-035 — already closed (Implemented (→ Fixed.md))
[2026-07-26T13:16:29+05:00] SKIP   OTA-035 — already closed (Implemented (→ Fixed.md))
[2026-07-26T13:16:29+05:00] === Sync complete — 20 item(s) updated ===
