
Running 117 tests using 1 worker

  ✓    1 [chromium] › hostrender/login.hostrender.spec.ts:189:3 › [light] golden-good: /login host-render matches committed baseline (toHaveScreenshot) (815ms)
  ✓    2 [chromium] › hostrender/login.hostrender.spec.ts:201:3 › [light] layout oracle self-validated: PASS on good render, FAIL-detected on mutated render (291ms)
  ✓    3 [chromium] › hostrender/login.hostrender.spec.ts:231:3 › [light] image-diff analyzer self-validated: ~0 diff good↔good, large diff good↔mutated (778ms)
  ✓    4 [chromium] › hostrender/login.hostrender.spec.ts:304:3 › [light] committed golden baseline REJECTS a mutated render (self-validated) (559ms)
  ✓    5 [chromium] › hostrender/login.hostrender.spec.ts:189:3 › [dark] golden-good: /login host-render matches committed baseline (toHaveScreenshot) (608ms)
  ✓    6 [chromium] › hostrender/login.hostrender.spec.ts:201:3 › [dark] layout oracle self-validated: PASS on good render, FAIL-detected on mutated render (305ms)
  ✓    7 [chromium] › hostrender/login.hostrender.spec.ts:231:3 › [dark] image-diff analyzer self-validated: ~0 diff good↔good, large diff good↔mutated (536ms)
  ✓    8 [chromium] › hostrender/login.hostrender.spec.ts:304:3 › [dark] committed golden baseline REJECTS a mutated render (self-validated) (223ms)
  ✓    9 [chromium] › hostrender/login.hostrender.spec.ts:362:1 › dark render is a DISTINCT surface from light (large light↔dark pixel delta) (261ms)
  ✓   10 [chromium] › hostrender/screens.hostrender.spec.ts:353:5 › [audit/light] golden-good: host-render matches committed baseline (361ms)
  ✓   11 [chromium] › hostrender/screens.hostrender.spec.ts:363:5 › [audit/light] layout oracle self-validated: PASS on good, FAIL-detected on mutated (176ms)
  ✓   12 [chromium] › hostrender/screens.hostrender.spec.ts:406:5 › [audit/light] image-diff analyzer self-validated: ~0 good↔good, large good↔mutated (361ms)
  ✓   13 [chromium] › hostrender/screens.hostrender.spec.ts:456:5 › [audit/light] committed golden baseline REJECTS a mutated render (279ms)
  ✓   14 [chromium] › hostrender/screens.hostrender.spec.ts:353:5 › [audit/dark] golden-good: host-render matches committed baseline (350ms)
  ✓   15 [chromium] › hostrender/screens.hostrender.spec.ts:363:5 › [audit/dark] layout oracle self-validated: PASS on good, FAIL-detected on mutated (402ms)
  ✓   16 [chromium] › hostrender/screens.hostrender.spec.ts:406:5 › [audit/dark] image-diff analyzer self-validated: ~0 good↔good, large good↔mutated (580ms)
  ✓   17 [chromium] › hostrender/screens.hostrender.spec.ts:456:5 › [audit/dark] committed golden baseline REJECTS a mutated render (295ms)
  ✓   18 [chromium] › hostrender/screens.hostrender.spec.ts:509:3 › [audit] dark render is a DISTINCT surface from light (284ms)
  ✓   19 [chromium] › hostrender/screens.hostrender.spec.ts:353:5 › [releases/light] golden-good: host-render matches committed baseline (359ms)
  ✓   20 [chromium] › hostrender/screens.hostrender.spec.ts:363:5 › [releases/light] layout oracle self-validated: PASS on good, FAIL-detected on mutated (164ms)
  ✓   21 [chromium] › hostrender/screens.hostrender.spec.ts:406:5 › [releases/light] image-diff analyzer self-validated: ~0 good↔good, large good↔mutated (341ms)
  ✓   22 [chromium] › hostrender/screens.hostrender.spec.ts:456:5 › [releases/light] committed golden baseline REJECTS a mutated render (280ms)
  ✓   23 [chromium] › hostrender/screens.hostrender.spec.ts:353:5 › [releases/dark] golden-good: host-render matches committed baseline (348ms)
  ✓   24 [chromium] › hostrender/screens.hostrender.spec.ts:363:5 › [releases/dark] layout oracle self-validated: PASS on good, FAIL-detected on mutated (144ms)
  ✓   25 [chromium] › hostrender/screens.hostrender.spec.ts:406:5 › [releases/dark] image-diff analyzer self-validated: ~0 good↔good, large good↔mutated (345ms)
  ✓   26 [chromium] › hostrender/screens.hostrender.spec.ts:456:5 › [releases/dark] committed golden baseline REJECTS a mutated render (278ms)
  ✓   27 [chromium] › hostrender/screens.hostrender.spec.ts:509:3 › [releases] dark render is a DISTINCT surface from light (263ms)
  ✓   28 [chromium] › hostrender/screens.hostrender.spec.ts:353:5 › [artifact-upload/light] golden-good: host-render matches committed baseline (381ms)
  ✓   29 [chromium] › hostrender/screens.hostrender.spec.ts:363:5 › [artifact-upload/light] layout oracle self-validated: PASS on good, FAIL-detected on mutated (146ms)
  ✓   30 [chromium] › hostrender/screens.hostrender.spec.ts:406:5 › [artifact-upload/light] image-diff analyzer self-validated: ~0 good↔good, large good↔mutated (342ms)
  ✓   31 [chromium] › hostrender/screens.hostrender.spec.ts:456:5 › [artifact-upload/light] committed golden baseline REJECTS a mutated render (297ms)
  ✓   32 [chromium] › hostrender/screens.hostrender.spec.ts:353:5 › [artifact-upload/dark] golden-good: host-render matches committed baseline (382ms)
  ✓   33 [chromium] › hostrender/screens.hostrender.spec.ts:363:5 › [artifact-upload/dark] layout oracle self-validated: PASS on good, FAIL-detected on mutated (180ms)
  ✓   34 [chromium] › hostrender/screens.hostrender.spec.ts:406:5 › [artifact-upload/dark] image-diff analyzer self-validated: ~0 good↔good, large good↔mutated (356ms)
  ✓   35 [chromium] › hostrender/screens.hostrender.spec.ts:456:5 › [artifact-upload/dark] committed golden baseline REJECTS a mutated render (280ms)
  ✓   36 [chromium] › hostrender/screens.hostrender.spec.ts:509:3 › [artifact-upload] dark render is a DISTINCT surface from light (497ms)
  ✓   37 [chromium] › hostrender/screens.hostrender.spec.ts:353:5 › [appshell/light] golden-good: host-render matches committed baseline (486ms)
  ✓   38 [chromium] › hostrender/screens.hostrender.spec.ts:363:5 › [appshell/light] layout oracle self-validated: PASS on good, FAIL-detected on mutated (388ms)
  ✓   39 [chromium] › hostrender/screens.hostrender.spec.ts:406:5 › [appshell/light] image-diff analyzer self-validated: ~0 good↔good, large good↔mutated (693ms)
  ✓   40 [chromium] › hostrender/screens.hostrender.spec.ts:456:5 › [appshell/light] committed golden baseline REJECTS a mutated render (435ms)
  ✓   41 [chromium] › hostrender/screens.hostrender.spec.ts:353:5 › [appshell/dark] golden-good: host-render matches committed baseline (504ms)
  ✓   42 [chromium] › hostrender/screens.hostrender.spec.ts:363:5 › [appshell/dark] layout oracle self-validated: PASS on good, FAIL-detected on mutated (327ms)
  ✓   43 [chromium] › hostrender/screens.hostrender.spec.ts:406:5 › [appshell/dark] image-diff analyzer self-validated: ~0 good↔good, large good↔mutated (679ms)
  ✓   44 [chromium] › hostrender/screens.hostrender.spec.ts:456:5 › [appshell/dark] committed golden baseline REJECTS a mutated render (708ms)
  ✓   45 [chromium] › hostrender/screens.hostrender.spec.ts:509:3 › [appshell] dark render is a DISTINCT surface from light (299ms)
  ✓   46 [chromium] › hostrender/screens.hostrender.spec.ts:353:5 › [deployments/light] golden-good: host-render matches committed baseline (328ms)
  ✓   47 [chromium] › hostrender/screens.hostrender.spec.ts:363:5 › [deployments/light] layout oracle self-validated: PASS on good, FAIL-detected on mutated (131ms)
  ✓   48 [chromium] › hostrender/screens.hostrender.spec.ts:406:5 › [deployments/light] image-diff analyzer self-validated: ~0 good↔good, large good↔mutated (343ms)
  ✓   49 [chromium] › hostrender/screens.hostrender.spec.ts:456:5 › [deployments/light] committed golden baseline REJECTS a mutated render (278ms)
  ✓   50 [chromium] › hostrender/screens.hostrender.spec.ts:353:5 › [deployments/dark] golden-good: host-render matches committed baseline (346ms)
  ✓   51 [chromium] › hostrender/screens.hostrender.spec.ts:363:5 › [deployments/dark] layout oracle self-validated: PASS on good, FAIL-detected on mutated (149ms)
  ✓   52 [chromium] › hostrender/screens.hostrender.spec.ts:406:5 › [deployments/dark] image-diff analyzer self-validated: ~0 good↔good, large good↔mutated (341ms)
  ✓   53 [chromium] › hostrender/screens.hostrender.spec.ts:456:5 › [deployments/dark] committed golden baseline REJECTS a mutated render (294ms)
  ✓   54 [chromium] › hostrender/screens.hostrender.spec.ts:509:3 › [deployments] dark render is a DISTINCT surface from light (721ms)
  ✓   55 [chromium] › hostrender/screens.hostrender.spec.ts:353:5 › [fleet/light] golden-good: host-render matches committed baseline (709ms)
  ✓   56 [chromium] › hostrender/screens.hostrender.spec.ts:363:5 › [fleet/light] layout oracle self-validated: PASS on good, FAIL-detected on mutated (210ms)
  ✓   57 [chromium] › hostrender/screens.hostrender.spec.ts:406:5 › [fleet/light] image-diff analyzer self-validated: ~0 good↔good, large good↔mutated (343ms)
  ✓   58 [chromium] › hostrender/screens.hostrender.spec.ts:456:5 › [fleet/light] committed golden baseline REJECTS a mutated render (259ms)
  ✓   59 [chromium] › hostrender/screens.hostrender.spec.ts:353:5 › [fleet/dark] golden-good: host-render matches committed baseline (365ms)
  ✓   60 [chromium] › hostrender/screens.hostrender.spec.ts:363:5 › [fleet/dark] layout oracle self-validated: PASS on good, FAIL-detected on mutated (161ms)
  ✓   61 [chromium] › hostrender/screens.hostrender.spec.ts:406:5 › [fleet/dark] image-diff analyzer self-validated: ~0 good↔good, large good↔mutated (346ms)
  ✓   62 [chromium] › hostrender/screens.hostrender.spec.ts:456:5 › [fleet/dark] committed golden baseline REJECTS a mutated render (296ms)
  ✓   63 [chromium] › hostrender/screens.hostrender.spec.ts:509:3 › [fleet] dark render is a DISTINCT surface from light (280ms)
  ✓   64 [chromium] › hostrender/screens.hostrender.spec.ts:353:5 › [groups/light] golden-good: host-render matches committed baseline (361ms)
  ✓   65 [chromium] › hostrender/screens.hostrender.spec.ts:363:5 › [groups/light] layout oracle self-validated: PASS on good, FAIL-detected on mutated (144ms)
  ✓   66 [chromium] › hostrender/screens.hostrender.spec.ts:406:5 › [groups/light] image-diff analyzer self-validated: ~0 good↔good, large good↔mutated (343ms)
  ✓   67 [chromium] › hostrender/screens.hostrender.spec.ts:456:5 › [groups/light] committed golden baseline REJECTS a mutated render (297ms)
  ✓   68 [chromium] › hostrender/screens.hostrender.spec.ts:353:5 › [groups/dark] golden-good: host-render matches committed baseline (332ms)
  ✓   69 [chromium] › hostrender/screens.hostrender.spec.ts:363:5 › [groups/dark] layout oracle self-validated: PASS on good, FAIL-detected on mutated (144ms)
  ✓   70 [chromium] › hostrender/screens.hostrender.spec.ts:406:5 › [groups/dark] image-diff analyzer self-validated: ~0 good↔good, large good↔mutated (328ms)
  ✓   71 [chromium] › hostrender/screens.hostrender.spec.ts:456:5 › [groups/dark] committed golden baseline REJECTS a mutated render (310ms)
  ✓   72 [chromium] › hostrender/screens.hostrender.spec.ts:509:3 › [groups] dark render is a DISTINCT surface from light (414ms)
  ✓   73 [chromium] › hostrender/screens.hostrender.spec.ts:353:5 › [overview/light] golden-good: host-render matches committed baseline (562ms)
  ✓   74 [chromium] › hostrender/screens.hostrender.spec.ts:363:5 › [overview/light] layout oracle self-validated: PASS on good, FAIL-detected on mutated (246ms)
  ✓   75 [chromium] › hostrender/screens.hostrender.spec.ts:406:5 › [overview/light] image-diff analyzer self-validated: ~0 good↔good, large good↔mutated (611ms)
  ✓   76 [chromium] › hostrender/screens.hostrender.spec.ts:456:5 › [overview/light] committed golden baseline REJECTS a mutated render (498ms)
  ✓   77 [chromium] › hostrender/screens.hostrender.spec.ts:353:5 › [overview/dark] golden-good: host-render matches committed baseline (530ms)
  ✓   78 [chromium] › hostrender/screens.hostrender.spec.ts:363:5 › [overview/dark] layout oracle self-validated: PASS on good, FAIL-detected on mutated (249ms)
  ✓   79 [chromium] › hostrender/screens.hostrender.spec.ts:406:5 › [overview/dark] image-diff analyzer self-validated: ~0 good↔good, large good↔mutated (812ms)
  ✓   80 [chromium] › hostrender/screens.hostrender.spec.ts:456:5 › [overview/dark] committed golden baseline REJECTS a mutated render (379ms)
  ✓   81 [chromium] › hostrender/screens.hostrender.spec.ts:509:3 › [overview] dark render is a DISTINCT surface from light (273ms)
  ✓   82 [chromium] › hostrender/screens.hostrender.spec.ts:353:5 › [releases-empty/light] golden-good: host-render matches committed baseline (318ms)
  ✓   83 [chromium] › hostrender/screens.hostrender.spec.ts:363:5 › [releases-empty/light] layout oracle self-validated: PASS on good, FAIL-detected on mutated (145ms)
  ✓   84 [chromium] › hostrender/screens.hostrender.spec.ts:406:5 › [releases-empty/light] image-diff analyzer self-validated: ~0 good↔good, large good↔mutated (312ms)
  ✓   85 [chromium] › hostrender/screens.hostrender.spec.ts:456:5 › [releases-empty/light] committed golden baseline REJECTS a mutated render (262ms)
  ✓   86 [chromium] › hostrender/screens.hostrender.spec.ts:353:5 › [releases-empty/dark] golden-good: host-render matches committed baseline (344ms)
  ✓   87 [chromium] › hostrender/screens.hostrender.spec.ts:363:5 › [releases-empty/dark] layout oracle self-validated: PASS on good, FAIL-detected on mutated (130ms)
  ✓   88 [chromium] › hostrender/screens.hostrender.spec.ts:406:5 › [releases-empty/dark] image-diff analyzer self-validated: ~0 good↔good, large good↔mutated (327ms)
  ✓   89 [chromium] › hostrender/screens.hostrender.spec.ts:456:5 › [releases-empty/dark] committed golden baseline REJECTS a mutated render (279ms)
  ✓   90 [chromium] › hostrender/screens.hostrender.spec.ts:509:3 › [releases-empty] dark render is a DISTINCT surface from light (267ms)
  ✓   91 [chromium] › hostrender/screens.hostrender.spec.ts:353:5 › [releases-error/light] golden-good: host-render matches committed baseline (342ms)
  ✓   92 [chromium] › hostrender/screens.hostrender.spec.ts:363:5 › [releases-error/light] layout oracle self-validated: PASS on good, FAIL-detected on mutated (155ms)
  ✓   93 [chromium] › hostrender/screens.hostrender.spec.ts:406:5 › [releases-error/light] image-diff analyzer self-validated: ~0 good↔good, large good↔mutated (351ms)
  ✓   94 [chromium] › hostrender/screens.hostrender.spec.ts:456:5 › [releases-error/light] committed golden baseline REJECTS a mutated render (648ms)
  ✓   95 [chromium] › hostrender/screens.hostrender.spec.ts:353:5 › [releases-error/dark] golden-good: host-render matches committed baseline (596ms)
  ✓   96 [chromium] › hostrender/screens.hostrender.spec.ts:363:5 › [releases-error/dark] layout oracle self-validated: PASS on good, FAIL-detected on mutated (161ms)
  ✓   97 [chromium] › hostrender/screens.hostrender.spec.ts:406:5 › [releases-error/dark] image-diff analyzer self-validated: ~0 good↔good, large good↔mutated (312ms)
  ✓   98 [chromium] › hostrender/screens.hostrender.spec.ts:456:5 › [releases-error/dark] committed golden baseline REJECTS a mutated render (296ms)
  ✓   99 [chromium] › hostrender/screens.hostrender.spec.ts:509:3 › [releases-error] dark render is a DISTINCT surface from light (237ms)
  ✓  100 [chromium] › hostrender/screens.hostrender.spec.ts:353:5 › [fleet-empty/light] golden-good: host-render matches committed baseline (358ms)
  ✓  101 [chromium] › hostrender/screens.hostrender.spec.ts:363:5 › [fleet-empty/light] layout oracle self-validated: PASS on good, FAIL-detected on mutated (161ms)
  ✓  102 [chromium] › hostrender/screens.hostrender.spec.ts:406:5 › [fleet-empty/light] image-diff analyzer self-validated: ~0 good↔good, large good↔mutated (327ms)
  ✓  103 [chromium] › hostrender/screens.hostrender.spec.ts:456:5 › [fleet-empty/light] committed golden baseline REJECTS a mutated render (281ms)
  ✓  104 [chromium] › hostrender/screens.hostrender.spec.ts:353:5 › [fleet-empty/dark] golden-good: host-render matches committed baseline (363ms)
  ✓  105 [chromium] › hostrender/screens.hostrender.spec.ts:363:5 › [fleet-empty/dark] layout oracle self-validated: PASS on good, FAIL-detected on mutated (177ms)
  ✓  106 [chromium] › hostrender/screens.hostrender.spec.ts:406:5 › [fleet-empty/dark] image-diff analyzer self-validated: ~0 good↔good, large good↔mutated (344ms)
  ✓  107 [chromium] › hostrender/screens.hostrender.spec.ts:456:5 › [fleet-empty/dark] committed golden baseline REJECTS a mutated render (264ms)
  ✓  108 [chromium] › hostrender/screens.hostrender.spec.ts:509:3 › [fleet-empty] dark render is a DISTINCT surface from light (262ms)
  ✓  109 [chromium] › hostrender/screens.hostrender.spec.ts:353:5 › [fleet-error/light] golden-good: host-render matches committed baseline (516ms)
  ✓  110 [chromium] › hostrender/screens.hostrender.spec.ts:363:5 › [fleet-error/light] layout oracle self-validated: PASS on good, FAIL-detected on mutated (176ms)
  ✓  111 [chromium] › hostrender/screens.hostrender.spec.ts:406:5 › [fleet-error/light] image-diff analyzer self-validated: ~0 good↔good, large good↔mutated (727ms)
  ✓  112 [chromium] › hostrender/screens.hostrender.spec.ts:456:5 › [fleet-error/light] committed golden baseline REJECTS a mutated render (380ms)
  ✓  113 [chromium] › hostrender/screens.hostrender.spec.ts:353:5 › [fleet-error/dark] golden-good: host-render matches committed baseline (347ms)
  ✓  114 [chromium] › hostrender/screens.hostrender.spec.ts:363:5 › [fleet-error/dark] layout oracle self-validated: PASS on good, FAIL-detected on mutated (144ms)
  ✓  115 [chromium] › hostrender/screens.hostrender.spec.ts:406:5 › [fleet-error/dark] image-diff analyzer self-validated: ~0 good↔good, large good↔mutated (361ms)
  ✓  116 [chromium] › hostrender/screens.hostrender.spec.ts:456:5 › [fleet-error/dark] committed golden baseline REJECTS a mutated render (280ms)
  ✓  117 [chromium] › hostrender/screens.hostrender.spec.ts:509:3 › [fleet-error] dark render is a DISTINCT surface from light (238ms)

  117 passed (45.1s)
EXIT_CODE=0
