[15:28:49Z] keypairs ready (caller=trusted, attacker=untrusted; both ephemeral, never committed)
[15:28:49Z] BOOT: booting the REAL system in CALLER-PUBKEY MODE (server trusts the caller's pubkey)
[15:28:49Z] UP: booting REAL system (ota-server + real PostgreSQL) on milosvasic@thinker.local
[15:28:54Z] PRE-CLEAN: force-removing any prior 'helix-ota-system' stack
[15:29:21Z] remote arch=x86_64 => cross-compiling GOOS=linux GOARCH=amd64
[15:29:21Z] CALLER-PUBKEY MODE: live server trusts the public key derived from the caller's signing key (private half stays with caller)
[15:29:21Z] BUILD: cross-compile static ota-server (host — sibling replaces resolve here)
[15:29:30Z] built: 22605986 /Volumes/T7/Projects/helix_ota/server/.docker-bin/ota-server
[15:29:30Z] SYNC: rsync build bundle -> milosvasic@thinker.local:/home/milosvasic/.helix-ota-system-stack
[15:29:42Z] COMPOSE: podman-compose build (project 'helix-ota-system')
podman-compose version: 1.0.6
['podman', '--version', '']
using podman version: 4.9.3
podman build -f ../Dockerfile -t ota-control-plane:system ..
time="2026-06-23T18:29:48+03:00" level=warning msg="HEALTHCHECK is not supported for OCI image format and will be ignored. Must use `docker` format"
time="2026-06-23T18:29:48+03:00" level=warning msg="HEALTHCHECK is not supported for OCI image format and will be ignored. Must use `docker` format"
time="2026-06-23T18:29:48+03:00" level=warning msg="HEALTHCHECK is not supported for OCI image format and will be ignored. Must use `docker` format"
exit code: 0
[15:29:48Z] COMPOSE: up -d postgres (first), then wait for it to accept connections
podman-compose version: 1.0.6
['podman', '--version', '']
using podman version: 4.9.3
** excluding:  {'ota-server'}
['podman', 'ps', '--filter', 'label=io.podman.compose.project=helix-ota-system', '-a', '--format', '{{ index .Labels "io.podman.compose.config-hash"}}']
['podman', 'network', 'exists', 'helix-ota-system_default']
podman run --name=helix-ota-system_postgres_1 -d --label io.podman.compose.config-hash=f393cd472a06ebe9177e4162c2e84bd6da725e7e80a4dce597bf390f6465af11 --label io.podman.compose.project=helix-ota-system --label io.podman.compose.version=1.0.6 --label PODMAN_SYSTEMD_UNIT=podman-compose@helix-ota-system.service --label com.docker.compose.project=helix-ota-system --label com.docker.compose.project.working_dir=/home/milosvasic/.helix-ota-system-stack/deploy --label com.docker.compose.project.config_files=system.compose.yml --label com.docker.compose.container-number=1 --label com.docker.compose.service=postgres -e POSTGRES_USER=helix -e POSTGRES_PASSWORD=helix -e POSTGRES_DB=helix_ota --net helix-ota-system_default --network-alias postgres -p 55480:5432 -m 512m --healthcheck-command /bin/sh -c 'pg_isready -U helix -d helix_ota' --healthcheck-interval 2s --healthcheck-timeout 3s --healthcheck-retries 30 docker.io/library/postgres:16-alpine
exit code: 0
** skipping:  helix-ota-system_ota-server_1
[15:29:55Z] PG-WAIT: waiting up to 60s for postgres to accept connections
[15:30:01Z] PG-WAIT: postgres accepting connections.
[15:30:01Z] COMPOSE: up -d ota-server (postgres now ready => server connect+Migrate succeeds)
podman-compose version: 1.0.6
['podman', '--version', '']
using podman version: 4.9.3
** excluding:  set()
['podman', 'inspect', '-t', 'image', '-f', '{{.Id}}', 'ota-control-plane:system']
['podman', 'ps', '--filter', 'label=io.podman.compose.project=helix-ota-system', '-a', '--format', '{{ index .Labels "io.podman.compose.config-hash"}}']
['podman', 'network', 'exists', 'helix-ota-system_default']
podman run --name=helix-ota-system_postgres_1 -d --label io.podman.compose.config-hash=f393cd472a06ebe9177e4162c2e84bd6da725e7e80a4dce597bf390f6465af11 --label io.podman.compose.project=helix-ota-system --label io.podman.compose.version=1.0.6 --label PODMAN_SYSTEMD_UNIT=podman-compose@helix-ota-system.service --label com.docker.compose.project=helix-ota-system --label com.docker.compose.project.working_dir=/home/milosvasic/.helix-ota-system-stack/deploy --label com.docker.compose.project.config_files=system.compose.yml --label com.docker.compose.container-number=1 --label com.docker.compose.service=postgres -e POSTGRES_USER=helix -e POSTGRES_PASSWORD=helix -e POSTGRES_DB=helix_ota --net helix-ota-system_default --network-alias postgres -p 55480:5432 -m 512m --healthcheck-command /bin/sh -c 'pg_isready -U helix -d helix_ota' --healthcheck-interval 2s --healthcheck-timeout 3s --healthcheck-retries 30 docker.io/library/postgres:16-alpine
Error: creating container storage: the container name "helix-ota-system_postgres_1" is already in use by cddbda427c9e5c2c9cff87bb8eb595eda84ce2c20b306f8f92602bb01772ea35. You have to remove that container to be able to reuse that name: that name is already in use, or use --replace to instruct Podman to do so.
exit code: 125
podman start helix-ota-system_postgres_1
exit code: 0
['podman', 'network', 'exists', 'helix-ota-system_default']
podman run --name=helix-ota-system_ota-server_1 -d --requires=helix-ota-system_postgres_1 --label io.podman.compose.config-hash=f393cd472a06ebe9177e4162c2e84bd6da725e7e80a4dce597bf390f6465af11 --label io.podman.compose.project=helix-ota-system --label io.podman.compose.version=1.0.6 --label PODMAN_SYSTEMD_UNIT=podman-compose@helix-ota-system.service --label com.docker.compose.project=helix-ota-system --label com.docker.compose.project.working_dir=/home/milosvasic/.helix-ota-system-stack/deploy --label com.docker.compose.project.config_files=system.compose.yml --label com.docker.compose.container-number=1 --label com.docker.compose.service=ota-server -e HELIX_PORT=8080 -e HELIX_API_BASE_PATH=/api/v1 -e HELIX_DATABASE_URL=postgres://helix:helix@postgres:5432/helix_ota?sslmode=disable -e HELIX_ADMIN_USERNAME=admin@helix.system -e HELIX_ADMIN_PASSWORD=<redacted-§11.4.10> -e HELIX_TOKEN_SECRET=ephemeral-test-stack-token-NOT-A-SECRET -e HELIX_ARTIFACT_PUBKEY=oq6lswf/va8XgDSnMy3PLcOzLYU56F7jP45jGydZLkk= -e HELIX_ARTIFACT_BASE_URL=http://localhost:18080/artifacts --net helix-ota-system_default --network-alias ota-server -p 18080:8080 -m 256m --healthcheck-command /bin/sh -c 'wget -qO- http://127.0.0.1:8080/readyz >/dev/null 2>&1 || exit 1' --healthcheck-interval 3s --healthcheck-timeout 3s --healthcheck-start-period 3s --healthcheck-retries 20 ota-control-plane:system
exit code: 0
[15:30:09Z] READY: waiting up to 90s for /readyz -> 200
[15:30:20Z] READY: /readyz -> 200 {"status":"ready"}
[15:30:20Z] UP: complete. Live base URL (on thinker.local): http://127.0.0.1:18080
[15:30:20Z]     higher suites reach it via the remote loopback (ssh) or http://thinker.local:18080 if the port is exposed.
[15:30:20Z] live base_url=http://127.0.0.1:18080
[15:30:25Z] live /readyz -> 200
[15:30:31Z] obtained live admin token (redacted in evidence)
[15:30:43Z] CASE (a) positive: HTTP 201 verified=true
[15:30:54Z] CASE (b) bad-sig: HTTP 422 error.code=SIGNATURE_INVALID
[15:31:05Z] CASE (c) key-pin: HTTP 422 error.code=SIGNATURE_INVALID (attacker pubkey supplied via X-Helix-Artifact-Pubkey header)
[15:31:16Z] CASE (c2) metadata-key-field: HTTP 400 issue=json: unknown field "public_key"
[15:31:16Z] finished: 2026-06-23T15:31:16Z
[15:31:16Z] TEARDOWN: tearing down the live system stack (project-scoped; pg of the integration suite untouched)
[15:31:16Z] DOWN: tearing down project 'helix-ota-system' on milosvasic@thinker.local
[15:31:38Z] DOWN: complete (project 'helix-ota-system' removed; integration suite untouched).
