> Task :core:checkKotlinGradlePluginConfigurationErrors SKIPPED
> Task :core:processResources NO-SOURCE
> Task :core:processTestResources NO-SOURCE
> Task :core:compileKotlin
> Task :core:compileJava NO-SOURCE
> Task :core:classes UP-TO-DATE
> Task :core:jar
> Task :core:compileTestKotlin
> Task :core:compileTestJava NO-SOURCE
> Task :core:testClasses UP-TO-DATE

> Task :core:test

ApplyRequestTest > https_url_is_streaming_not_local() PASSED

ApplyRequestTest > rejects_non_positive_size() PASSED

ApplyRequestTest > rejects_blank_url() PASSED

ApplyRequestTest > local_file_url_is_local_not_streaming() PASSED

ApplyRequestTest > rejects_negative_offset() PASSED

ApplyRequestTest > headersArray_delegates_to_payload_properties_in_order() PASSED

ApplyRequestTest > offset_and_size_describe_payload_entry() PASSED

EngineErrorTest > maps_every_known_error_code() PASSED

EngineErrorTest > unknown_codes_outside_known_set_map_to_unknown() PASSED

EngineErrorTest > constants_match_spec_table_section_5() PASSED

EngineErrorTest > unverified_13_to_50_range_maps_to_unknown() PASSED

EngineErrorTest > isSuccess_only_true_for_success() PASSED

EngineStatusTest > negative_and_large_unknown_codes_map_to_unknown() PASSED

EngineStatusTest > maps_every_known_status_code_0_through_9() PASSED

EngineStatusTest > constants_match_spec_table_section_4() PASSED

EngineStatusTest > isNeedReboot_only_true_for_status_6() PASSED

EngineStatusTest > unknown_code_is_preserved_not_dropped() PASSED

PayloadPropertiesTest > parse_rejects_missing_key() PASSED

PayloadPropertiesTest > constructor_rejects_negative_sizes() PASSED

PayloadPropertiesTest > parse_rejects_malformed_line_without_equals() PASSED

PayloadPropertiesTest > parse_then_headersArray_round_trips() PASSED

PayloadPropertiesTest > parse_rejects_non_numeric_size() PASSED

PayloadPropertiesTest > headers_keys_appear_in_canonical_position_order() PASSED

PayloadPropertiesTest > parse_rejects_duplicate_key() PASSED

PayloadPropertiesTest > headersArray_has_exact_order_FILE_HASH_FILE_SIZE_METADATA_HASH_METADATA_SIZE() PASSED

PayloadPropertiesTest > parse_rejects_unexpected_key() PASSED

PayloadPropertiesTest > parse_tolerates_reordered_lines_blank_lines_and_whitespace() PASSED

> Task :core:jacocoTestReport

[Incubating] Problems report is available at: file:///Volumes/T7/Projects/helix_ota/submodules/ota-update-engine-bridge/build/reports/problems/problems-report.html

Deprecated Gradle features were used in this build, making it incompatible with Gradle 10.

You can use '--warning-mode all' to show the individual deprecation warnings and determine if they come from your own scripts or plugins.

For more on this, please refer to https://docs.gradle.org/9.5.0/userguide/command_line_interface.html#sec:command_line_warnings in the Gradle documentation.

BUILD SUCCESSFUL in 1m 25s
5 actionable tasks: 5 executed
Consider enabling configuration cache to speed up this build: https://docs.gradle.org/9.5.0/userguide/configuration_cache_enabling.html
