=== SPECIFY phase ===
Screen: LoginScreen (/login) -> [Helix OTA, operator login, Sign in]
Screen: OverviewScreen (/) -> [Overview, Recent releases, server:]
Screen: FleetScreen (/fleet) -> [Fleet, update failure rate, 0.0%]
Screen: GroupsScreen (/groups) -> [Device groups, production, staging]
Screen: DeploymentsScreen (/deployments) -> [Deployments]
Screen: ReleasesScreen (/releases) -> [Releases]
Screen: ArtifactUploadScreen (/artifacts/upload) -> [Upload artifact]
Screen: AuditScreen (/audit) -> [Audit log, Apply filter]

Running 23 tests using 1 worker

  ✓   1 [chromium] › e2e/a11y.spec.ts:12:1 › Login screen has no critical/serious accessibility violations (492ms)
  ✓   2 [chromium] › e2e/a11y.spec.ts:27:1 › Overview panel has no critical/serious accessibility violations (485ms)
  ✓   3 [chromium] › e2e/deployments.spec.ts:25:1 › Deployment list renders the lookup-by-id form (238ms)
  ✓   4 [chromium] › e2e/deployments.spec.ts:38:1 › Deployment create form renders and gates submit on release_id (274ms)
  ✓   5 [chromium] › e2e/deployments.spec.ts:54:1 › Deployment detail renders the rollout + recall panels with graceful empty states (294ms)
  ✓   6 [chromium] › e2e/deployments.spec.ts:79:1 › Deployment detail error panel surfaces the live 404 for the unknown deployment (275ms)
  ✓   7 [chromium] › e2e/fleet-detail.spec.ts:17:1 › Fleet device-detail renders a populated status card + newest-first telemetry history (323ms)
  ✓   8 [chromium] › e2e/fleet-detail.spec.ts:101:1 › seeded device + telemetry is retrievable + populated via the real device-detail API path (13ms)
  ✓   9 [chromium] › e2e/groups-detail.spec.ts:21:1 › Group list renders a group seeded through the live API (255ms)
  ✓  10 [chromium] › e2e/groups-detail.spec.ts:35:1 › Group detail shows the empty-members state for a fresh group (313ms)
  ✓  11 [chromium] › e2e/groups-detail.spec.ts:47:1 › Group detail lists members seeded through the live batch endpoint (312ms)
  ✓  12 [chromium] › e2e/groups-detail.spec.ts:71:1 › Group detail batch add-members reports a disposition in the UI (378ms)
  ✓  13 [chromium] › e2e/populated-detail.spec.ts:23:1 › Release detail renders a populated release seeded from a real signed artifact (324ms)
  ✓  14 [chromium] › e2e/populated-detail.spec.ts:57:1 › Deployment detail renders a populated deployment with a real staged-rollout panel (314ms)
  ✓  15 [chromium] › e2e/populated-detail.spec.ts:95:1 › seeded signed artifact is retrievable + verified via the real artifact detail API path (8ms)
=== SPECIFY phase ===
Screen: LoginScreen (/login) -> [Helix OTA, operator login, Sign in]
Screen: OverviewScreen (/) -> [Overview, Recent releases, server:]
Screen: FleetScreen (/fleet) -> [Fleet, update failure rate, 0.0%]
Screen: GroupsScreen (/groups) -> [Device groups, production, staging]
Screen: DeploymentsScreen (/deployments) -> [Deployments]
Screen: ReleasesScreen (/releases) -> [Releases]
Screen: ArtifactUploadScreen (/artifacts/upload) -> [Upload artifact]
Screen: AuditScreen (/audit) -> [Audit log, Apply filter]

=== RECORDING: LoginScreen ===

=== RECORDING: OverviewScreen (/) ===
  ✘  16 [chromium] › e2e/record-all-screens.spec.ts:116:3 › Dashboard all-screens recording › record and verify all dashboard screens (11.2s)
  ✓  17 [chromium] › e2e/releases.spec.ts:14:1 › Releases list renders against the live API (empty-state or populated list) (400ms)
  ✓  18 [chromium] › e2e/releases.spec.ts:32:1 › Release create form renders and gates submit until required fields are set (273ms)
  ✓  19 [chromium] › e2e/smoke.spec.ts:21:1 › login screen renders (137ms)
  ✓  20 [chromium] › e2e/smoke.spec.ts:27:1 › operator logs in and the Overview screen renders against the live API (213ms)
  ✓  21 [chromium] › e2e/smoke.spec.ts:44:1 › Fleet overview consumes the live telemetry overview endpoint (293ms)
  ✓  22 [chromium] › e2e/smoke.spec.ts:53:1 › Groups screen renders and lists from the live groups endpoint (263ms)
  ✓  23 [chromium] › e2e/smoke.spec.ts:67:1 › Audit screen renders and consumes the live admin-only audit endpoint (280ms)


  1) [chromium] › e2e/record-all-screens.spec.ts:116:3 › Dashboard all-screens recording › record and verify all dashboard screens 

    Error: [2mexpect([22m[31mlocator[39m[2m).[22mtoBeVisible[2m([22m[2m)[22m failed

    Locator: getByRole('heading', { name: 'Overview', level: 1 })
    Expected: visible
    Timeout: 5000ms
    Error: element(s) not found

    Call log:
    [2m  - Expect "toBeVisible" with timeout 5000ms[22m
    [2m  - waiting for getByRole('heading', { name: 'Overview', level: 1 })[22m


      44 |     expectedPatterns: ["Overview", "Recent releases", "server:"],
      45 |     action: async (page) => {
    > 46 |       await expect(page.getByRole("heading", { name: "Overview", level: 1 })).toBeVisible();
         |                                                                               ^
      47 |     },
      48 |   },
      49 |   {
        at Object.action (/home/milos/Factory/projects/tools_and_research/helix_ota/dashboard/e2e/record-all-screens.spec.ts:46:79)
        at /home/milos/Factory/projects/tools_and_research/helix_ota/dashboard/e2e/record-all-screens.spec.ts:159:15

    attachment #1: screenshot (image/png) ──────────────────────────────────────────────────────────
    test-results/record-all-screens-Dashboa-2b62a-erify-all-dashboard-screens-chromium/test-failed-1.png
    ────────────────────────────────────────────────────────────────────────────────────────────────

    Error Context: test-results/record-all-screens-Dashboa-2b62a-erify-all-dashboard-screens-chromium/error-context.md

  1 failed
    [chromium] › e2e/record-all-screens.spec.ts:116:3 › Dashboard all-screens recording › record and verify all dashboard screens 
  22 passed (19.8s)
