
> ota-manager@0.1.0 hostrender /home/milos/Factory/projects/tools_and_research/helix_ota/clients/ota-manager
> pnpm hostrender:build && node visual/run-all.mjs


> ota-manager@0.1.0 hostrender:build /home/milos/Factory/projects/tools_and_research/helix_ota/clients/ota-manager
> vite build --config visual/vite.harness.config.ts

vite v6.4.3 building for production...
transforming...
✓ 245 modules transformed.
rendering chunks...
computing gzip size...
.out/harness.html                   0.50 kB │ gzip:   0.32 kB
.out/assets/harness-Bg6n5gK3.css   34.23 kB │ gzip:   6.86 kB
.out/assets/harness-hkv3o4it.js   473.58 kB │ gzip: 149.01 kB
✓ built in 1.29s

==== §11.4.170 HOST-RENDER DUAL-ORACLE SUMMARY ====

[light]
  image-diff  golden-good : ratio=0.0000%  -> PASS (matches baseline)
  image-diff  golden-bad  : ratio=0.7136%  -> FLAGGED (regression caught)
  ocr labels             : ALL PRESENT
  layout (baseline)      : OK (no collapse/clip/offscreen/overlap)
  layout (golden-bad)    : FLAGGED collapsed submit  ["submit: COLLAPSED (398.0x0.0)"]

[dark]
  image-diff  golden-good : ratio=0.0000%  -> PASS (matches baseline)
  image-diff  golden-bad  : ratio=1.4653%  -> FLAGGED (regression caught)
  ocr labels             : ALL PRESENT
  layout (baseline)      : OK (no collapse/clip/offscreen/overlap)
  layout (golden-bad)    : FLAGGED collapsed submit  ["submit: COLLAPSED (398.0x0.0)"]

---- analyzer self-validation ----
  image-diff analyzer sound : true
  layout   analyzer sound   : true

OVERALL: PASS
