===== INVOCATION 1 =====
=== RUN   TestMemory_SustainedAPILoadNoGrowth
    memory_test.go:213: memory_sustained_api_load: evidence=../../../qa-results/memory/memory_sustained_api_load-20260709T201410Z.txt
    memory_test.go:215: memory_sustained_api_load: retainedSmall=5344 retainedLarge=1856 leak=false reason="retainedLarge=1856 <= noiseFloor=524288 (flat/below floor — retention did not scale)" goroutine_delta=0 evidence=../../../qa-results/memory/memory_sustained_api_load-20260709T201410Z.txt
--- PASS: TestMemory_SustainedAPILoadNoGrowth (0.11s)
=== RUN   TestMemoryGrowthClassifier
--- PASS: TestMemoryGrowthClassifier (0.00s)
=== RUN   TestMemoryGrowthClassifier_DetectsInjectedSteadyLeak
    memory_test.go:328: injected steady leak (4096 B/iter): retainedSmall=8153696 retainedLarge=65497696 → leak=true (retainedLarge=65497696 > ref=8153696 * 3/1 (retention scaled with request count → leak))
--- PASS: TestMemoryGrowthClassifier_DetectsInjectedSteadyLeak (0.06s)
PASS
ok  	github.com/HelixDevelopment/helix_ota/server/internal/api	0.185s
===== INVOCATION 2 =====
=== RUN   TestMemory_SustainedAPILoadNoGrowth
    memory_test.go:213: memory_sustained_api_load: evidence=../../../qa-results/memory/memory_sustained_api_load-20260709T201410Z.txt
    memory_test.go:215: memory_sustained_api_load: retainedSmall=-1200 retainedLarge=4512 leak=false reason="retainedLarge=4512 <= noiseFloor=524288 (flat/below floor — retention did not scale)" goroutine_delta=0 evidence=../../../qa-results/memory/memory_sustained_api_load-20260709T201410Z.txt
--- PASS: TestMemory_SustainedAPILoadNoGrowth (0.11s)
=== RUN   TestMemoryGrowthClassifier
--- PASS: TestMemoryGrowthClassifier (0.00s)
=== RUN   TestMemoryGrowthClassifier_DetectsInjectedSteadyLeak
    memory_test.go:328: injected steady leak (4096 B/iter): retainedSmall=8153696 retainedLarge=65497696 → leak=true (retainedLarge=65497696 > ref=8153696 * 3/1 (retention scaled with request count → leak))
--- PASS: TestMemoryGrowthClassifier_DetectsInjectedSteadyLeak (0.06s)
PASS
ok  	github.com/HelixDevelopment/helix_ota/server/internal/api	0.176s
===== INVOCATION 3 =====
=== RUN   TestMemory_SustainedAPILoadNoGrowth
    memory_test.go:213: memory_sustained_api_load: evidence=../../../qa-results/memory/memory_sustained_api_load-20260709T201411Z.txt
    memory_test.go:215: memory_sustained_api_load: retainedSmall=336 retainedLarge=-4192 leak=false reason="retainedLarge=-4192 <= noiseFloor=524288 (flat/below floor — retention did not scale)" goroutine_delta=0 evidence=../../../qa-results/memory/memory_sustained_api_load-20260709T201411Z.txt
--- PASS: TestMemory_SustainedAPILoadNoGrowth (0.12s)
=== RUN   TestMemoryGrowthClassifier
--- PASS: TestMemoryGrowthClassifier (0.00s)
=== RUN   TestMemoryGrowthClassifier_DetectsInjectedSteadyLeak
    memory_test.go:328: injected steady leak (4096 B/iter): retainedSmall=8153696 retainedLarge=65497696 → leak=true (retainedLarge=65497696 > ref=8153696 * 3/1 (retention scaled with request count → leak))
--- PASS: TestMemoryGrowthClassifier_DetectsInjectedSteadyLeak (0.05s)
PASS
ok  	github.com/HelixDevelopment/helix_ota/server/internal/api	0.184s
