=== CLEANUP (§11.4.14) 2026-06-22T18:19:44Z ===
['podman', '--version', '']
using podman version: 4.9.3
** excluding:  set()
podman stop -t 10 helixtrack-postgres
helixtrack-postgres
exit code: 0
podman stop -t 10 helixtrack-core
Error: no container with name or ID "helixtrack-core" found: no such container
exit code: 125
podman rm helixtrack-postgres
helixtrack-postgres
exit code: 0
podman rm helixtrack-core
Error: no container with ID or name "helixtrack-core" found: no such container
exit code: 1
--- remove dangling postgres if still present ---
helixtrack-network
containers_helixtrack-pg-data
--- remove bundle dir ---
helix-dist removed
--- final state ---
(none above = clean)
error getting current working directory: No such file or directory
ls: cannot access '/home/milosvasic/helix-dist': No such file or directory
helix-dist gone
