=== Drive the REAL build+up via working podman-compose (the tool the script SHOULD have picked) 2026-06-22T18:18:37Z ===
podman-compose version: 1.0.6
['podman', '--version', '']
using podman version: 4.9.3
** excluding:  set()
['podman', 'inspect', '-t', 'image', '-f', '{{.Id}}', 'containers_helixtrack-core']
Error: containers_helixtrack-core: image not known
podman build -f ../helix_track/core/Application/Dockerfile -t containers_helixtrack-core ../helix_track/core/Application
[1/2] STEP 1/7: FROM golang:1.22-alpine AS builder
Resolving "golang" using unqualified-search registries (/home/milosvasic/.config/containers/registries.conf)
Trying to pull docker.io/library/golang:1.22-alpine...
Getting image source signatures
Copying blob sha256:4f4fb700ef54461cfa02571ae0db9a0dc1e0cdb5577484a6d75e68dc38e8acc1
Copying blob sha256:1f3e46996e2966e4faa5846e56e76e3748b7315e2ded61476c24403d592134f0
Copying blob sha256:afa154b433c7f72db064d19e1bcfa84ee196ad29120328f6bdb2c5fbd7b8eeac
Copying blob sha256:4d75fd4b73869ed224045c010cdec78756eefb6752a5a8e4804294009eac11e9
Copying blob sha256:5f837c998576dcb54bc285997f33fcc2166dff6aa48fe3a374da92474efd5fe8
Copying config sha256:4129f51f28c9ae5de799b958ba2aaa8f92f26cc7bf47c107891673fe4b516c03
Writing manifest to image destination
[1/2] STEP 2/7: RUN apk add --no-cache gcc musl-dev sqlite-dev
time="2026-06-22T21:18:45+03:00" level=warning msg="can't raise ambient capability CAP_CHOWN: operation not permitted"
time="2026-06-22T21:18:45+03:00" level=warning msg="can't raise ambient capability CAP_DAC_OVERRIDE: operation not permitted"
time="2026-06-22T21:18:45+03:00" level=warning msg="can't raise ambient capability CAP_FOWNER: operation not permitted"
time="2026-06-22T21:18:45+03:00" level=warning msg="can't raise ambient capability CAP_FSETID: operation not permitted"
time="2026-06-22T21:18:45+03:00" level=warning msg="can't raise ambient capability CAP_KILL: operation not permitted"
time="2026-06-22T21:18:45+03:00" level=warning msg="can't raise ambient capability CAP_NET_BIND_SERVICE: operation not permitted"
time="2026-06-22T21:18:45+03:00" level=warning msg="can't raise ambient capability CAP_SETFCAP: operation not permitted"
time="2026-06-22T21:18:45+03:00" level=warning msg="can't raise ambient capability CAP_SETGID: operation not permitted"
time="2026-06-22T21:18:45+03:00" level=warning msg="can't raise ambient capability CAP_SETPCAP: operation not permitted"
time="2026-06-22T21:18:45+03:00" level=warning msg="can't raise ambient capability CAP_SETUID: operation not permitted"
time="2026-06-22T21:18:45+03:00" level=warning msg="can't raise ambient capability CAP_SYS_CHROOT: operation not permitted"
fetch https://dl-cdn.alpinelinux.org/alpine/v3.21/main/x86_64/APKINDEX.tar.gz
fetch https://dl-cdn.alpinelinux.org/alpine/v3.21/community/x86_64/APKINDEX.tar.gz
(1/21) Upgrading musl (1.2.5-r8 -> 1.2.5-r11)
(2/21) Installing libgcc (14.2.0-r4)
(3/21) Installing jansson (2.14-r4)
(4/21) Installing libstdc++ (14.2.0-r4)
(5/21) Installing zstd-libs (1.5.6-r2)
(6/21) Installing binutils (2.43.1-r3)
(7/21) Installing libgomp (14.2.0-r4)
(8/21) Installing libatomic (14.2.0-r4)
(9/21) Installing gmp (6.3.0-r2)
(10/21) Installing isl26 (0.26-r1)
(11/21) Installing mpfr4 (4.2.1-r0)
(12/21) Installing mpc1 (1.3.1-r1)
(13/21) Installing gcc (14.2.0-r4)
(14/21) Installing musl-dev (1.2.5-r11)
(15/21) Installing ncurses-terminfo-base (6.5_p20241006-r3)
(16/21) Installing libncursesw (6.5_p20241006-r3)
(17/21) Installing readline (8.2.13-r0)
(18/21) Installing sqlite (3.48.0-r4)
(19/21) Installing pkgconf (2.3.0-r0)
(20/21) Installing sqlite-libs (3.48.0-r4)
(21/21) Installing sqlite-dev (3.48.0-r4)
Executing busybox-1.37.0-r9.trigger
OK: 176 MiB in 36 packages
--> 55294e0e0fe7
[1/2] STEP 3/7: WORKDIR /app
--> 8dd33bf42db7
[1/2] STEP 4/7: COPY go.mod ./
--> 1e1554ebbbde
[1/2] STEP 5/7: COPY . .
--> a8fafc6b3df8
[1/2] STEP 6/7: RUN go mod tidy && go mod download
time="2026-06-22T21:18:58+03:00" level=warning msg="can't raise ambient capability CAP_CHOWN: operation not permitted"
time="2026-06-22T21:18:58+03:00" level=warning msg="can't raise ambient capability CAP_DAC_OVERRIDE: operation not permitted"
time="2026-06-22T21:18:58+03:00" level=warning msg="can't raise ambient capability CAP_FOWNER: operation not permitted"
time="2026-06-22T21:18:58+03:00" level=warning msg="can't raise ambient capability CAP_FSETID: operation not permitted"
time="2026-06-22T21:18:58+03:00" level=warning msg="can't raise ambient capability CAP_KILL: operation not permitted"
time="2026-06-22T21:18:58+03:00" level=warning msg="can't raise ambient capability CAP_NET_BIND_SERVICE: operation not permitted"
time="2026-06-22T21:18:58+03:00" level=warning msg="can't raise ambient capability CAP_SETFCAP: operation not permitted"
time="2026-06-22T21:18:58+03:00" level=warning msg="can't raise ambient capability CAP_SETGID: operation not permitted"
time="2026-06-22T21:18:58+03:00" level=warning msg="can't raise ambient capability CAP_SETPCAP: operation not permitted"
time="2026-06-22T21:18:58+03:00" level=warning msg="can't raise ambient capability CAP_SETUID: operation not permitted"
time="2026-06-22T21:18:58+03:00" level=warning msg="can't raise ambient capability CAP_SYS_CHROOT: operation not permitted"
go: go.mod requires go >= 1.24 (running go 1.22.12; GOTOOLCHAIN=local)
Error: building at STEP "RUN go mod tidy && go mod download": while running runtime: exit status 1
exit code: 1
['podman', 'ps', '--filter', 'label=io.podman.compose.project=containers', '-a', '--format', '{{ index .Labels "io.podman.compose.config-hash"}}']
['podman', 'network', 'exists', 'helixtrack-network']
['podman', 'network', 'create', '--label', 'io.podman.compose.project=containers', '--label', 'com.docker.compose.project=containers', '--driver', 'bridge', 'helixtrack-network']
['podman', 'network', 'exists', 'helixtrack-network']
podman run --name=helixtrack-core -d --label io.podman.compose.config-hash=30634a6e5a887292e3a81515d1fb50639a48ec5f267d16cd903a2ed273d88558 --label io.podman.compose.project=containers --label io.podman.compose.version=1.0.6 --label PODMAN_SYSTEMD_UNIT=podman-compose@containers.service --label com.docker.compose.project=containers --label com.docker.compose.project.working_dir=/home/milosvasic/helix-dist/containers --label com.docker.compose.project.config_files=compose.helixtrack.yml --label com.docker.compose.container-number=1 --label com.docker.compose.service=helixtrack-core -e HT_CONFIG=/config/default.json -e HT_SPACE_ROOT=/data/spaces/_default -e HT_DB_TYPE=sqlite -v /home/milosvasic/helix-dist/helix_track/spaces:/data/spaces -v /home/milosvasic/helix-dist/helix_track/core/Application/Configurations:/config --net helixtrack-network --network-alias helixtrack-core -p 8080:8080 --restart unless-stopped --healthcheck-command /bin/sh -c curl' '-f' 'http://localhost:8080 --healthcheck-interval 10s --healthcheck-timeout 5s --healthcheck-start-period 15s --healthcheck-retries 5 containers_helixtrack-core ./htCore --space-root=/data/spaces/_default
Resolving "containers_helixtrack-core" using unqualified-search registries (/home/milosvasic/.config/containers/registries.conf)
Trying to pull docker.io/library/containers_helixtrack-core:latest...
Error: initializing source docker://containers_helixtrack-core:latest: reading manifest latest in docker.io/library/containers_helixtrack-core: requested access to the resource is denied
exit code: 125
podman start helixtrack-core
Error: no container with name or ID "helixtrack-core" found: no such container
exit code: 125
podman volume inspect containers_helixtrack-pg-data || podman volume create containers_helixtrack-pg-data
['podman', 'volume', 'inspect', 'containers_helixtrack-pg-data']
Error: no such volume containers_helixtrack-pg-data
['podman', 'volume', 'create', '--label', 'io.podman.compose.project=containers', '--label', 'com.docker.compose.project=containers', 'containers_helixtrack-pg-data']
['podman', 'volume', 'inspect', 'containers_helixtrack-pg-data']
['podman', 'network', 'exists', 'helixtrack-network']
podman run --name=helixtrack-postgres -d --label io.podman.compose.config-hash=30634a6e5a887292e3a81515d1fb50639a48ec5f267d16cd903a2ed273d88558 --label io.podman.compose.project=containers --label io.podman.compose.version=1.0.6 --label PODMAN_SYSTEMD_UNIT=podman-compose@containers.service --label com.docker.compose.project=containers --label com.docker.compose.project.working_dir=/home/milosvasic/helix-dist/containers --label com.docker.compose.project.config_files=compose.helixtrack.yml --label com.docker.compose.container-number=1 --label com.docker.compose.service=helixtrack-postgres -e POSTGRES_DB=helixtrack -e POSTGRES_USER=helixtrack -e POSTGRES_PASSWORD=helixtrack_dev -e POSTGRES_INITDB_ARGS=--encoding=UTF-8 -v containers_helixtrack-pg-data:/var/lib/postgresql/data --net helixtrack-network --network-alias helixtrack-postgres -p 5432:5432 --restart unless-stopped --healthcheck-command /bin/sh -c 'pg_isready -U helixtrack -d helixtrack' --healthcheck-interval 5s --healthcheck-timeout 3s --healthcheck-start-period 10s --healthcheck-retries 10 postgres:16-alpine
0b2410c55a31d592b636a673c0c04988743962e01aba000cd90590656ce73640
exit code: 0
=== podman-compose up exit: 0 ===
