[DIST] Probing milosvasic@thinker.local ...
[DIST]   reachable + rootless podman (podman-compose) — selected thinker.local
[DIST] Deploying to milosvasic@thinker.local (rootless podman-compose)...
[DIST] Running remote rootless compose...
podman-compose version: 1.0.6
['podman', '--version', '']
using podman version: 4.9.3
podman build -f ../helix_track/core/Application/Dockerfile -t containers_helixtrack-core ../helix_track/core/Application
[1/2] STEP 1/7: FROM golang:1.24-alpine AS builder
[1/2] STEP 2/7: RUN apk add --no-cache gcc musl-dev sqlite-dev
--> Using cache 272ec8859f556ff76ea270a10586f6285346a3825f3c4ee960c94b3f6cffda9b
--> 272ec8859f55
[1/2] STEP 3/7: WORKDIR /app
--> Using cache 61972e310746c9f1e75b48c3c3bc1b0534c06b94f597b2d76adaff74a8882ff7
--> 61972e310746
[1/2] STEP 4/7: COPY go.mod ./
--> Using cache b949f8de4a0f697995785d24c1acfd4c1be1856c679b67df47bf7d96d2cccd5e
--> b949f8de4a0f
[1/2] STEP 5/7: COPY . .
--> 4871e84c9049
[1/2] STEP 6/7: RUN go mod tidy && go mod download
time="2026-06-22T22:27:09+03:00" level=warning msg="can't raise ambient capability CAP_CHOWN: operation not permitted"
time="2026-06-22T22:27:09+03:00" level=warning msg="can't raise ambient capability CAP_DAC_OVERRIDE: operation not permitted"
time="2026-06-22T22:27:09+03:00" level=warning msg="can't raise ambient capability CAP_FOWNER: operation not permitted"
time="2026-06-22T22:27:09+03:00" level=warning msg="can't raise ambient capability CAP_FSETID: operation not permitted"
time="2026-06-22T22:27:09+03:00" level=warning msg="can't raise ambient capability CAP_KILL: operation not permitted"
time="2026-06-22T22:27:09+03:00" level=warning msg="can't raise ambient capability CAP_NET_BIND_SERVICE: operation not permitted"
time="2026-06-22T22:27:09+03:00" level=warning msg="can't raise ambient capability CAP_SETFCAP: operation not permitted"
time="2026-06-22T22:27:09+03:00" level=warning msg="can't raise ambient capability CAP_SETGID: operation not permitted"
time="2026-06-22T22:27:09+03:00" level=warning msg="can't raise ambient capability CAP_SETPCAP: operation not permitted"
time="2026-06-22T22:27:09+03:00" level=warning msg="can't raise ambient capability CAP_SETUID: operation not permitted"
time="2026-06-22T22:27:09+03:00" level=warning msg="can't raise ambient capability CAP_SYS_CHROOT: operation not permitted"
go: downloading github.com/gin-gonic/gin v1.10.0
go: downloading github.com/stretchr/testify v1.9.0
go: downloading github.com/quic-go/quic-go v0.55.0
go: downloading go.uber.org/zap v1.26.0
go: downloading github.com/google/uuid v1.6.0
go: downloading github.com/golang-jwt/jwt/v5 v5.2.0
go: downloading github.com/gorilla/websocket v1.5.3
go: downloading gopkg.in/natefinch/lumberjack.v2 v2.2.1
go: downloading github.com/lib/pq v1.10.9
go: downloading github.com/mattn/go-sqlite3 v1.14.22
go: downloading golang.org/x/crypto v0.41.0
go: downloading go.uber.org/multierr v1.11.0
go: downloading gopkg.in/yaml.v3 v3.0.1
go: downloading github.com/pmezard/go-difflib v1.0.0
go: downloading github.com/stretchr/objx v0.5.2
go: downloading github.com/davecgh/go-spew v1.1.1
go: downloading golang.org/x/net v0.43.0
go: downloading github.com/gin-contrib/sse v0.1.0
go: downloading github.com/mattn/go-isatty v0.0.20
go: downloading google.golang.org/protobuf v1.34.1
go: downloading github.com/bytedance/sonic v1.11.6
go: downloading github.com/goccy/go-json v0.10.2
go: downloading github.com/json-iterator/go v1.1.12
go: downloading github.com/pelletier/go-toml/v2 v2.2.2
go: downloading github.com/ugorji/go/codec v1.2.12
go: downloading github.com/go-playground/validator/v10 v10.20.0
go: downloading golang.org/x/sys v0.35.0
go: downloading github.com/quic-go/qpack v0.5.1
go: downloading golang.org/x/tools v0.36.0
go: downloading golang.org/x/text v0.28.0
go: downloading github.com/modern-go/concurrent v0.0.0-20180306012644-bacd9c7ef1dd
go: downloading github.com/modern-go/reflect2 v1.0.2
go: downloading github.com/gabriel-vasile/mimetype v1.4.3
go: downloading github.com/go-playground/universal-translator v0.18.1
go: downloading github.com/leodido/go-urn v1.4.0
go: downloading github.com/go-playground/locales v0.14.1
go: downloading go.uber.org/goleak v1.2.0
go: downloading go.uber.org/mock v0.5.2
go: downloading gopkg.in/check.v1 v0.0.0-20161208181325-20d25e280405
go: downloading github.com/google/go-cmp v0.6.0
go: downloading github.com/go-playground/assert/v2 v2.2.0
go: downloading github.com/cloudwego/base64x v0.1.4
go: downloading golang.org/x/arch v0.8.0
go: downloading github.com/bytedance/sonic/loader v0.1.1
go: downloading github.com/twitchyliquid64/golang-asm v0.15.1
go: downloading github.com/klauspost/cpuid/v2 v2.2.7
go: downloading golang.org/x/mod v0.27.0
go: downloading golang.org/x/sync v0.16.0
go: downloading github.com/cloudwego/iasm v0.2.0
--> 5f7406d0b44c
[1/2] STEP 7/7: RUN CGO_ENABLED=1 go build -o /app/htCore main.go
time="2026-06-22T22:27:23+03:00" level=warning msg="can't raise ambient capability CAP_CHOWN: operation not permitted"
time="2026-06-22T22:27:23+03:00" level=warning msg="can't raise ambient capability CAP_DAC_OVERRIDE: operation not permitted"
time="2026-06-22T22:27:23+03:00" level=warning msg="can't raise ambient capability CAP_FOWNER: operation not permitted"
time="2026-06-22T22:27:23+03:00" level=warning msg="can't raise ambient capability CAP_FSETID: operation not permitted"
time="2026-06-22T22:27:23+03:00" level=warning msg="can't raise ambient capability CAP_KILL: operation not permitted"
time="2026-06-22T22:27:23+03:00" level=warning msg="can't raise ambient capability CAP_NET_BIND_SERVICE: operation not permitted"
time="2026-06-22T22:27:23+03:00" level=warning msg="can't raise ambient capability CAP_SETFCAP: operation not permitted"
time="2026-06-22T22:27:23+03:00" level=warning msg="can't raise ambient capability CAP_SETGID: operation not permitted"
time="2026-06-22T22:27:23+03:00" level=warning msg="can't raise ambient capability CAP_SETPCAP: operation not permitted"
time="2026-06-22T22:27:23+03:00" level=warning msg="can't raise ambient capability CAP_SETUID: operation not permitted"
time="2026-06-22T22:27:23+03:00" level=warning msg="can't raise ambient capability CAP_SYS_CHROOT: operation not permitted"
--> cf7dd7f759ce
[2/2] STEP 1/9: FROM golang:1.24-alpine
[2/2] STEP 2/9: WORKDIR /app
--> Using cache c32e0256600760d5cdbd48ff773d278ae524ba41a226cda9aa07b74c65d47fca
--> c32e02566007
[2/2] STEP 3/9: RUN apk add --no-cache sqlite-libs curl
time="2026-06-22T22:28:18+03:00" level=warning msg="can't raise ambient capability CAP_CHOWN: operation not permitted"
time="2026-06-22T22:28:18+03:00" level=warning msg="can't raise ambient capability CAP_DAC_OVERRIDE: operation not permitted"
time="2026-06-22T22:28:18+03:00" level=warning msg="can't raise ambient capability CAP_FOWNER: operation not permitted"
time="2026-06-22T22:28:18+03:00" level=warning msg="can't raise ambient capability CAP_FSETID: operation not permitted"
time="2026-06-22T22:28:18+03:00" level=warning msg="can't raise ambient capability CAP_KILL: operation not permitted"
time="2026-06-22T22:28:18+03:00" level=warning msg="can't raise ambient capability CAP_NET_BIND_SERVICE: operation not permitted"
time="2026-06-22T22:28:18+03:00" level=warning msg="can't raise ambient capability CAP_SETFCAP: operation not permitted"
time="2026-06-22T22:28:18+03:00" level=warning msg="can't raise ambient capability CAP_SETGID: operation not permitted"
time="2026-06-22T22:28:18+03:00" level=warning msg="can't raise ambient capability CAP_SETPCAP: operation not permitted"
time="2026-06-22T22:28:18+03:00" level=warning msg="can't raise ambient capability CAP_SETUID: operation not permitted"
time="2026-06-22T22:28:18+03:00" level=warning msg="can't raise ambient capability CAP_SYS_CHROOT: operation not permitted"
( 1/10) Installing brotli-libs (1.2.0-r0)
( 2/10) Installing c-ares (1.34.6-r0)
( 3/10) Installing libunistring (1.4.1-r0)
( 4/10) Installing libidn2 (2.3.8-r0)
( 5/10) Installing nghttp2-libs (1.69.0-r0)
( 6/10) Installing libpsl (0.21.5-r3)
( 7/10) Installing zstd-libs (1.5.7-r2)
( 8/10) Installing libcurl (8.19.0-r0)
( 9/10) Installing curl (8.19.0-r0)
(10/10) Installing sqlite-libs (3.51.2-r0)
Executing busybox-1.37.0-r30.trigger
OK: 14.8 MiB in 27 packages
--> Using cache afa27417e615ce203bb0f3bfdc4b74559cea8d6ca33e0b79a0ad9a043269e5c0
--> afa27417e615
[2/2] STEP 4/9: COPY --from=builder /app/htCore .
--> Using cache 359e4f9f66e93407af965f64b86b402526ed25ba9c1668cee9be1f2d09c0fee4
--> 359e4f9f66e9
[2/2] STEP 5/9: COPY Configurations/ ./Configurations/
--> Using cache 67c1dd57f0171d60b51848361d3ceb2cd06f1c1ea59fa3c2a9ea614bb28ea982
--> 67c1dd57f017
[2/2] STEP 6/9: RUN mkdir -p Database
--> Using cache 7b703d8002f9c2c667670b03fef81853126b3a1d8359bebc258f7a36a116594d
--> 7b703d8002f9
[2/2] STEP 7/9: EXPOSE 8080
--> Using cache 680be1d2449a52e8cca2027db1a06cf00d152fd5b3e1cf91d0ceaf74b6065c1e
--> 680be1d2449a
[2/2] STEP 8/9: COPY Database/ ./Database/
--> Using cache aea6a70d9c0e42762f948e53d728c26ee8f5b574bfcc1ab857d3104e77948d31
--> aea6a70d9c0e
[2/2] STEP 9/9: CMD ["./htCore", "-config", "Configurations/default.json"]
--> Using cache d206343991c8699c98d8986560bd55a7d26bc65296c5439b415c07bc6e3a4980
[2/2] COMMIT containers_helixtrack-core
--> d206343991c8
Successfully tagged localhost/containers_helixtrack-core:latest
d206343991c8699c98d8986560bd55a7d26bc65296c5439b415c07bc6e3a4980
exit code: 0
podman-compose version: 1.0.6
['podman', '--version', '']
using podman version: 4.9.3
** excluding:  set()
['podman', 'inspect', '-t', 'image', '-f', '{{.Id}}', 'containers_helixtrack-core']
['podman', 'ps', '--filter', 'label=io.podman.compose.project=containers', '-a', '--format', '{{ index .Labels "io.podman.compose.config-hash"}}']
['podman', 'network', 'exists', 'helixtrack-network']
podman run --name=helixtrack-core -d --label io.podman.compose.config-hash=163b156ddeafc46edcf0193f93f599e80f085583169bae8d6781f4b4f0eb6282 --label io.podman.compose.project=containers --label io.podman.compose.version=1.0.6 --label PODMAN_SYSTEMD_UNIT=podman-compose@containers.service --label com.docker.compose.project=containers --label com.docker.compose.project.working_dir=/home/milosvasic/helix-dist/containers --label com.docker.compose.project.config_files=compose.helixtrack.yml --label com.docker.compose.container-number=1 --label com.docker.compose.service=helixtrack-core -e HT_CONFIG=/config/default.json -e HT_SPACE_ROOT=/data/spaces/_default -e HT_DB_TYPE=sqlite -v /home/milosvasic/helix-dist/helix_track/spaces:/data/spaces -v /home/milosvasic/helix-dist/helix_track/core/Application/Configurations:/config --net helixtrack-network --network-alias helixtrack-core -p 8080:8080 --restart unless-stopped --healthcheck-command /bin/sh -c curl' '-f' 'http://localhost:8080/health --healthcheck-interval 10s --healthcheck-timeout 5s --healthcheck-start-period 15s --healthcheck-retries 5 containers_helixtrack-core ./htCore --space-root=/data/spaces/_default
Error: creating container storage: the container name "helixtrack-core" is already in use by 94204da3ef0a0b1624daa64dc8f273b057d1b6dabfde9c86dae6d32e841b61dc. You have to remove that container to be able to reuse that name: that name is already in use, or use --replace to instruct Podman to do so.
exit code: 125
podman start helixtrack-core
exit code: 0
podman volume inspect containers_helixtrack-pg-data || podman volume create containers_helixtrack-pg-data
['podman', 'volume', 'inspect', 'containers_helixtrack-pg-data']
['podman', 'network', 'exists', 'helixtrack-network']
podman run --name=helixtrack-postgres -d --label io.podman.compose.config-hash=163b156ddeafc46edcf0193f93f599e80f085583169bae8d6781f4b4f0eb6282 --label io.podman.compose.project=containers --label io.podman.compose.version=1.0.6 --label PODMAN_SYSTEMD_UNIT=podman-compose@containers.service --label com.docker.compose.project=containers --label com.docker.compose.project.working_dir=/home/milosvasic/helix-dist/containers --label com.docker.compose.project.config_files=compose.helixtrack.yml --label com.docker.compose.container-number=1 --label com.docker.compose.service=helixtrack-postgres -e POSTGRES_DB=helixtrack -e POSTGRES_USER=helixtrack -e POSTGRES_PASSWORD=helixtrack_dev -e POSTGRES_INITDB_ARGS=--encoding=UTF-8 -v containers_helixtrack-pg-data:/var/lib/postgresql/data --net helixtrack-network --network-alias helixtrack-postgres -p 5432:5432 --restart unless-stopped --healthcheck-command /bin/sh -c 'pg_isready -U helixtrack -d helixtrack' --healthcheck-interval 5s --healthcheck-timeout 3s --healthcheck-start-period 10s --healthcheck-retries 10 postgres:16-alpine
Error: creating container storage: the container name "helixtrack-postgres" is already in use by 591c4fc493ffd00b5cda51a8349767d0db3557e8cb71915f2dbaf2c511f408cd. You have to remove that container to be able to reuse that name: that name is already in use, or use --replace to instruct Podman to do so.
exit code: 125
podman start helixtrack-postgres
exit code: 0
[DIST] Remote health-check (up to 60s)...
CONTAINER ID  IMAGE                                        COMMAND               CREATED             STATUS                       PORTS                   NAMES
94204da3ef0a  localhost/containers_helixtrack-core:latest  ./htCore --space-...  About a minute ago  Up About a minute (healthy)  0.0.0.0:8080->8080/tcp  helixtrack-core
591c4fc493ff  docker.io/library/postgres:16-alpine         postgres              About a minute ago  Up About a minute (healthy)  0.0.0.0:5432->5432/tcp  helixtrack-postgres
[DIST] Stack deployed but health-check did NOT pass in 60s on thinker.local (genuine failure, not skipped).
