==============================================
  Rendering: server-auth
==============================================
[server-auth] Running: 
echo "=== AUTH DEMO ==="
echo "Helix OTA server auth endpoints:"
echo "  POST /...
[server-auth] Captured 13 lines in 0.0s
[server-auth] Canvas: 801x486, char: 9x15
[server-auth] Rendering 36 frames @ 6.0fps...
[server-auth] Output: helix_ota---server-auth---20260620T081340Z.mp4 (40,806 bytes, 36 frames)
  Analyzing: helix_ota---server-auth---20260620T081340Z.mp4 ... 0.2s -> PASS - live content
  PASS:  1
  FAIL:  0
  helix_ota---server-auth---20260620T081340Z.mp4     PASS - live content                    48f    8.0s 800x486  freeze=0.0%  text_regions=0
  Self-check: avg_frame_diff=0.27, edge_density=1.9%
  Result: PASS (genuine terminal content)
==============================================
  Rendering: server-health
==============================================
[server-health] Running: 
echo "=== HEALTH DEMO ==="
echo "Helix OTA health endpoint: GET /api/v1/health"...
[server-health] Captured 14 lines in 0.0s
[server-health] Canvas: 801x486, char: 9x15
[server-health] Rendering 36 frames @ 6.0fps...
[server-health] Output: helix_ota---server-health---20260620T081341Z.mp4 (39,753 bytes, 36 frames)
  Analyzing: helix_ota---server-health---20260620T081341Z.mp4 ... 0.2s -> PASS - live content
  PASS:  1
  FAIL:  0
  helix_ota---server-health---20260620T081341Z.mp4   PASS - live content                    48f    8.0s 800x486  freeze=0.0%  text_regions=0
  Self-check: avg_frame_diff=0.24, edge_density=1.9%
  Result: PASS (genuine terminal content)
==============================================
  Rendering: server-artifacts-releases
==============================================
[server-artifacts-releases] Running: 
echo "=== ARTIFACTS + RELEASES DEMO ==="
echo "Helix OTA artifact management:"
...
[server-artifacts-releases] Captured 17 lines in 0.0s
[server-artifacts-releases] Canvas: 801x486, char: 9x15
[server-artifacts-releases] Rendering 36 frames @ 6.0fps...
[server-artifacts-releases] Output: helix_ota---server-artifacts-releases---20260620T081342Z.mp4 (55,362 bytes, 36 frames)
  Analyzing: helix_ota---server-artifacts-releases---20260620T081342Z.mp4 ... 0.2s -> PASS - live content
  PASS:  1
  FAIL:  0
  helix_ota---server-artifacts-releases---20260620T081342Z.mp4 PASS - live content                    48f    8.0s 800x486  freeze=0.0%  text_regions=0
  Self-check: avg_frame_diff=0.35, edge_density=2.1%
  Result: PASS (genuine terminal content)
==============================================
  Rendering: server-devices
==============================================
[server-devices] Running: 
echo "=== DEVICES DEMO ==="
echo "Helix OTA device management:"
echo ""
echo "R...
[server-devices] Captured 16 lines in 0.0s
[server-devices] Canvas: 801x486, char: 9x15
[server-devices] Rendering 36 frames @ 6.0fps...
[server-devices] Output: helix_ota---server-devices---20260620T081343Z.mp4 (53,517 bytes, 36 frames)
  Analyzing: helix_ota---server-devices---20260620T081343Z.mp4 ... 0.2s -> PASS - live content
  PASS:  1
  FAIL:  0
  helix_ota---server-devices---20260620T081343Z.mp4  PASS - live content                    48f    8.0s 800x486  freeze=0.0%  text_regions=0
  Self-check: avg_frame_diff=0.33, edge_density=1.9%
  Result: PASS (genuine terminal content)
==============================================
  Rendering: server-deployments
==============================================
[server-deployments] Running: 
echo "=== DEPLOYMENTS DEMO ==="
echo "Helix OTA deployment lifecycle:"
echo ""
...
[server-deployments] Captured 16 lines in 0.0s
[server-deployments] Canvas: 801x486, char: 9x15
[server-deployments] Rendering 36 frames @ 6.0fps...
[server-deployments] Output: helix_ota---server-deployments---20260620T081344Z.mp4 (48,830 bytes, 36 frames)
  Analyzing: helix_ota---server-deployments---20260620T081344Z.mp4 ... 0.2s -> PASS - live content
  PASS:  1
  FAIL:  0
  helix_ota---server-deployments---20260620T081344Z.mp4 PASS - live content                    48f    8.0s 800x486  freeze=0.0%  text_regions=0
  Self-check: avg_frame_diff=0.30, edge_density=2.0%
  Result: PASS (genuine terminal content)
==============================================
  Rendering: server-groups
==============================================
[server-groups] Running: 
echo "=== GROUPS DEMO ==="
echo "Helix OTA device group management:"
echo ""
ec...
[server-groups] Captured 14 lines in 0.0s
[server-groups] Canvas: 801x486, char: 9x15
[server-groups] Rendering 36 frames @ 6.0fps...
[server-groups] Output: helix_ota---server-groups---20260620T081345Z.mp4 (40,704 bytes, 36 frames)
  Analyzing: helix_ota---server-groups---20260620T081345Z.mp4 ... 0.2s -> PASS - live content
  PASS:  1
  FAIL:  0
  helix_ota---server-groups---20260620T081345Z.mp4   PASS - live content                    48f    8.0s 800x486  freeze=0.0%  text_regions=0
  Self-check: avg_frame_diff=0.27, edge_density=1.9%
  Result: PASS (genuine terminal content)
==============================================
  Rendering: server-projects
==============================================
[server-projects] Running: 
echo "=== PROJECTS DEMO ==="
echo "Helix OTA project management:"
echo ""
echo ...
[server-projects] Captured 12 lines in 0.0s
[server-projects] Canvas: 801x486, char: 9x15
[server-projects] Rendering 36 frames @ 6.0fps...
[server-projects] Output: helix_ota---server-projects---20260620T081346Z.mp4 (39,412 bytes, 36 frames)
  Analyzing: helix_ota---server-projects---20260620T081346Z.mp4 ... 0.2s -> PASS - live content
  PASS:  1
  FAIL:  0
  helix_ota---server-projects---20260620T081346Z.mp4 PASS - live content                    48f    8.0s 800x486  freeze=0.0%  text_regions=0
  Self-check: avg_frame_diff=0.24, edge_density=2.0%
  Result: PASS (genuine terminal content)
==============================================
  Rendering: server-audit
==============================================
[server-audit] Running: 
echo "=== AUDIT DEMO ==="
echo "Helix OTA audit logging:"
echo ""
echo "Get aud...
[server-audit] Captured 13 lines in 0.0s
[server-audit] Canvas: 801x486, char: 9x15
[server-audit] Rendering 36 frames @ 6.0fps...
[server-audit] Output: helix_ota---server-audit---20260620T081347Z.mp4 (42,316 bytes, 36 frames)
  Analyzing: helix_ota---server-audit---20260620T081347Z.mp4 ... 0.2s -> PASS - live content
  PASS:  1
  FAIL:  0
  helix_ota---server-audit---20260620T081347Z.mp4    PASS - live content                    48f    8.0s 800x486  freeze=0.0%  text_regions=0
  Self-check: avg_frame_diff=0.28, edge_density=1.9%
  Result: PASS (genuine terminal content)
==============================================
  Rendering: submodules-ota-protocol
==============================================
[submodules-ota-protocol] Running: 
echo "=== OTA PROTOCOL SUBMODULE ==="
echo "Package: github.com/HelixDevelopmen...
[submodules-ota-protocol] Captured 12 lines in 0.0s
[submodules-ota-protocol] Canvas: 801x486, char: 9x15
[submodules-ota-protocol] Rendering 36 frames @ 6.0fps...
[submodules-ota-protocol] Output: helix_ota---submodules-ota-protocol---20260620T081348Z.mp4 (38,677 bytes, 36 frames)
  Analyzing: helix_ota---submodules-ota-protocol---20260620T081348Z.mp4 ... 0.2s -> PASS - live content
  PASS:  1
  FAIL:  0
  helix_ota---submodules-ota-protocol---20260620T081348Z.mp4 PASS - live content                    48f    8.0s 800x486  freeze=0.0%  text_regions=0
  Self-check: avg_frame_diff=0.27, edge_density=2.1%
  Result: PASS (genuine terminal content)
==============================================
  Rendering: submodules-ota-artifact-validator
==============================================
[submodules-ota-artifact-validator] Running: 
echo "=== ARTIFACT VALIDATOR SUBMODULE ==="
echo "Package: github.com/HelixDeve...
[submodules-ota-artifact-validator] Captured 12 lines in 0.0s
[submodules-ota-artifact-validator] Canvas: 801x486, char: 9x15
[submodules-ota-artifact-validator] Rendering 36 frames @ 6.0fps...
[submodules-ota-artifact-validator] Output: helix_ota---submodules-ota-artifact-validator---20260620T081349Z.mp4 (42,939 bytes, 36 frames)
  Analyzing: helix_ota---submodules-ota-artifact-validator---20260620T081349Z.mp4 ... 0.2s -> PASS - live content
  PASS:  1
  FAIL:  0
  helix_ota---submodules-ota-artifact-validator---20260620T081349Z.mp4 PASS - live content                    48f    8.0s 800x486  freeze=0.0%  text_regions=0
  Self-check: avg_frame_diff=0.30, edge_density=2.3%
  Result: PASS (genuine terminal content)
==============================================
  Rendering: submodules-ota-rollout-engine
==============================================
[submodules-ota-rollout-engine] Running: 
echo "=== ROLLOUT ENGINE SUBMODULE ==="
echo "Package: github.com/HelixDevelopm...
[submodules-ota-rollout-engine] Captured 13 lines in 0.0s
[submodules-ota-rollout-engine] Canvas: 801x486, char: 9x15
[submodules-ota-rollout-engine] Rendering 36 frames @ 6.0fps...
[submodules-ota-rollout-engine] Output: helix_ota---submodules-ota-rollout-engine---20260620T081350Z.mp4 (43,350 bytes, 36 frames)
  Analyzing: helix_ota---submodules-ota-rollout-engine---20260620T081350Z.mp4 ... 0.2s -> PASS - live content
  PASS:  1
  FAIL:  0
  helix_ota---submodules-ota-rollout-engine---20260620T081350Z.mp4 PASS - live content                    48f    8.0s 800x486  freeze=0.0%  text_regions=0
  Self-check: avg_frame_diff=0.32, edge_density=2.2%
  Result: PASS (genuine terminal content)
==============================================
  Rendering: submodules-ota-telemetry-schema
==============================================
[submodules-ota-telemetry-schema] Running: 
echo "=== TELEMETRY SCHEMA SUBMODULE ==="
echo "Package: github.com/HelixDevelo...
[submodules-ota-telemetry-schema] Captured 11 lines in 0.0s
[submodules-ota-telemetry-schema] Canvas: 801x486, char: 9x15
[submodules-ota-telemetry-schema] Rendering 36 frames @ 6.0fps...
[submodules-ota-telemetry-schema] Output: helix_ota---submodules-ota-telemetry-schema---20260620T081351Z.mp4 (43,260 bytes, 36 frames)
  Analyzing: helix_ota---submodules-ota-telemetry-schema---20260620T081351Z.mp4 ... 0.2s -> PASS - live content
  PASS:  1
  FAIL:  0
  helix_ota---submodules-ota-telemetry-schema---20260620T081351Z.mp4 PASS - live content                    48f    8.0s 800x486  freeze=0.0%  text_regions=0
  Self-check: avg_frame_diff=0.31, edge_density=2.3%
  Result: PASS (genuine terminal content)
==============================================
  Rendering: submodules-http3
==============================================
[submodules-http3] Running: 
echo "=== HTTP/3 SUBMODULE ==="
echo "Package: github.com/HelixDevelopment/http...
[submodules-http3] Captured 11 lines in 0.0s
[submodules-http3] Canvas: 801x486, char: 9x15
[submodules-http3] Rendering 36 frames @ 6.0fps...
[submodules-http3] Output: helix_ota---submodules-http3---20260620T081352Z.mp4 (40,471 bytes, 36 frames)
  Analyzing: helix_ota---submodules-http3---20260620T081352Z.mp4 ... 0.2s -> PASS - live content
  PASS:  1
  FAIL:  0
  helix_ota---submodules-http3---20260620T081352Z.mp4 PASS - live content                    48f    8.0s 800x486  freeze=0.0%  text_regions=0
  Self-check: avg_frame_diff=0.27, edge_density=2.0%
  Result: PASS (genuine terminal content)
==============================================
  Rendering: submodules-challenges
==============================================
[submodules-challenges] Running: 
echo "=== CHALLENGES SUBMODULE ==="
echo "Package: github.com/vasic-digital/Cha...
[submodules-challenges] Captured 11 lines in 0.0s
[submodules-challenges] Canvas: 801x486, char: 9x15
[submodules-challenges] Rendering 36 frames @ 6.0fps...
[submodules-challenges] Output: helix_ota---submodules-challenges---20260620T081353Z.mp4 (41,514 bytes, 36 frames)
  Analyzing: helix_ota---submodules-challenges---20260620T081353Z.mp4 ... 0.2s -> PASS - live content
  PASS:  1
  FAIL:  0
  helix_ota---submodules-challenges---20260620T081353Z.mp4 PASS - live content                    48f    8.0s 800x486  freeze=0.0%  text_regions=0
  Self-check: avg_frame_diff=0.31, edge_density=2.1%
  Result: PASS (genuine terminal content)
==============================================
  Rendering: submodules-helixqa
==============================================
[submodules-helixqa] Running: 
echo "=== HELIXQA SUBMODULE ==="
echo "Package: github.com/HelixDevelopment/Hel...
[submodules-helixqa] Captured 11 lines in 0.0s
[submodules-helixqa] Canvas: 801x486, char: 9x15
[submodules-helixqa] Rendering 36 frames @ 6.0fps...
[submodules-helixqa] Output: helix_ota---submodules-helixqa---20260620T081354Z.mp4 (38,715 bytes, 36 frames)
  Analyzing: helix_ota---submodules-helixqa---20260620T081354Z.mp4 ... 0.2s -> PASS - live content
  PASS:  1
  FAIL:  0
  helix_ota---submodules-helixqa---20260620T081354Z.mp4 PASS - live content                    48f    8.0s 800x486  freeze=0.0%  text_regions=0
  Self-check: avg_frame_diff=0.28, edge_density=2.0%
  Result: PASS (genuine terminal content)
==============================================
  Rendering: prebuild
==============================================
[prebuild] Running: 
echo "=== PREBUILD VERIFICATION ==="
echo "Pre-build gate checks:"
echo "  Go v...
[prebuild] Captured 12 lines in 0.0s
[prebuild] Canvas: 801x486, char: 9x15
[prebuild] Rendering 36 frames @ 6.0fps...
[prebuild] Output: helix_ota---prebuild---20260620T081355Z.mp4 (39,435 bytes, 36 frames)
  Analyzing: helix_ota---prebuild---20260620T081355Z.mp4 ... 0.2s -> PASS - live content
  PASS:  1
  FAIL:  0
  helix_ota---prebuild---20260620T081355Z.mp4        PASS - live content                    48f    8.0s 800x486  freeze=0.0%  text_regions=0
  Self-check: avg_frame_diff=0.28, edge_density=1.8%
  Result: PASS (genuine terminal content)
==============================================
  Rendering: inheritance_gate
==============================================
[inheritance_gate] Running: 
echo "=== INHERITANCE GATE ==="
echo "Verifies constitution submodule propagati...
[inheritance_gate] Captured 11 lines in 0.0s
[inheritance_gate] Canvas: 801x486, char: 9x15
[inheritance_gate] Rendering 36 frames @ 6.0fps...
[inheritance_gate] Output: helix_ota---inheritance_gate---20260620T081356Z.mp4 (40,688 bytes, 36 frames)
  Analyzing: helix_ota---inheritance_gate---20260620T081356Z.mp4 ... 0.2s -> PASS - live content
  PASS:  1
  FAIL:  0
  helix_ota---inheritance_gate---20260620T081356Z.mp4 PASS - live content                    48f    8.0s 800x486  freeze=0.0%  text_regions=0
  Self-check: avg_frame_diff=0.29, edge_density=2.0%
  Result: PASS (genuine terminal content)
==============================================
  Rendering: go_tests
==============================================
[go_tests] Running: 
echo "=== SERVER GO TESTS ==="
echo "Server test suite: go test ./..."
echo ""
...
[go_tests] Captured 12 lines in 0.0s
[go_tests] Canvas: 801x486, char: 9x15
[go_tests] Rendering 36 frames @ 6.0fps...
[go_tests] Output: helix_ota---go_tests---20260620T081358Z.mp4 (39,597 bytes, 36 frames)
  Analyzing: helix_ota---go_tests---20260620T081358Z.mp4 ... 0.2s -> PASS - live content
  PASS:  1
  FAIL:  0
  helix_ota---go_tests---20260620T081358Z.mp4        PASS - live content                    48f    8.0s 800x486  freeze=0.0%  text_regions=0
  Self-check: avg_frame_diff=0.27, edge_density=1.8%
  Result: PASS (genuine terminal content)
==============================================
  Rendering: security
==============================================
[security] Running: 
echo "=== SECURITY PROBES ==="
echo "Helix OTA security architecture:"
echo ""
...
[security] Captured 16 lines in 0.0s
[security] Canvas: 801x486, char: 9x15
[security] Rendering 36 frames @ 6.0fps...
[security] Output: helix_ota---security---20260620T081359Z.mp4 (43,699 bytes, 36 frames)
  Analyzing: helix_ota---security---20260620T081359Z.mp4 ... 0.2s -> PASS - live content
  PASS:  1
  FAIL:  0
  helix_ota---security---20260620T081359Z.mp4        PASS - live content                    48f    8.0s 800x486  freeze=0.0%  text_regions=0
  Self-check: avg_frame_diff=0.33, edge_density=1.8%
  Result: PASS (genuine terminal content)
==============================================
  Rendering: server-client
==============================================
[server-client] Running: 
echo "=== CLIENT OPERATIONS DEMO ==="
echo "Helix OTA client (device-side) oper...
[server-client] Captured 15 lines in 0.0s
[server-client] Canvas: 801x486, char: 9x15
[server-client] Rendering 36 frames @ 6.0fps...
[server-client] Output: helix_ota---server-client---20260620T081400Z.mp4 (42,613 bytes, 36 frames)
  Analyzing: helix_ota---server-client---20260620T081400Z.mp4 ... 0.2s -> PASS - live content
  PASS:  1
  FAIL:  0
  helix_ota---server-client---20260620T081400Z.mp4   PASS - live content                    48f    8.0s 800x486  freeze=0.0%  text_regions=0
  Self-check: avg_frame_diff=0.27, edge_density=1.9%
  Result: PASS (genuine terminal content)
==============================================
  Rendering: server-deltas
==============================================
[server-deltas] Running: 
echo "=== DELTA OPERATIONS DEMO ==="
echo "Delta updates: binary diff-based OTA...
[server-deltas] Captured 12 lines in 0.0s
[server-deltas] Canvas: 801x486, char: 9x15
[server-deltas] Rendering 36 frames @ 6.0fps...
[server-deltas] Output: helix_ota---server-deltas---20260620T081401Z.mp4 (41,043 bytes, 36 frames)
  Analyzing: helix_ota---server-deltas---20260620T081401Z.mp4 ... 0.2s -> PASS - live content
  PASS:  1
  FAIL:  0
  helix_ota---server-deltas---20260620T081401Z.mp4   PASS - live content                    48f    8.0s 800x486  freeze=0.0%  text_regions=0
  Self-check: avg_frame_diff=0.28, edge_density=1.9%
  Result: PASS (genuine terminal content)
==============================================
  Rendering: server-recall-rollbacks
==============================================
[server-recall-rollbacks] Running: 
echo "=== RECALL + ROLLBACK DEMO ==="
echo "Recall: recall a deployment if issu...
[server-recall-rollbacks] Captured 12 lines in 0.0s
[server-recall-rollbacks] Canvas: 801x486, char: 9x15
[server-recall-rollbacks] Rendering 36 frames @ 6.0fps...
[server-recall-rollbacks] Output: helix_ota---server-recall-rollbacks---20260620T081402Z.mp4 (44,658 bytes, 36 frames)
  Analyzing: helix_ota---server-recall-rollbacks---20260620T081402Z.mp4 ... 0.2s -> PASS - live content
  PASS:  1
  FAIL:  0
  helix_ota---server-recall-rollbacks---20260620T081402Z.mp4 PASS - live content                    48f    8.0s 800x486  freeze=0.0%  text_regions=0
  Self-check: avg_frame_diff=0.30, edge_density=2.1%
  Result: PASS (genuine terminal content)
==============================================
  Rendering: server-rollouts
==============================================
[server-rollouts] Running: 
echo "=== ROLLOUT OPERATIONS DEMO ==="
echo "Rollout strategies:"
echo ""
echo ...
[server-rollouts] Captured 14 lines in 0.0s
[server-rollouts] Canvas: 801x486, char: 9x15
[server-rollouts] Rendering 36 frames @ 6.0fps...
[server-rollouts] Output: helix_ota---server-rollouts---20260620T081403Z.mp4 (45,416 bytes, 36 frames)
  Analyzing: helix_ota---server-rollouts---20260620T081403Z.mp4 ... 0.2s -> PASS - live content
  PASS:  1
  FAIL:  0
  helix_ota---server-rollouts---20260620T081403Z.mp4 PASS - live content                    48f    8.0s 800x486  freeze=0.0%  text_regions=0
  Self-check: avg_frame_diff=0.33, edge_density=2.0%
  Result: PASS (genuine terminal content)
==============================================
  Rendering: server-telemetry
==============================================
[server-telemetry] Running: 
echo "=== TELEMETRY OPERATIONS DEMO ==="
echo "Device telemetry collection:"
ec...
[server-telemetry] Captured 15 lines in 0.0s
[server-telemetry] Canvas: 801x486, char: 9x15
[server-telemetry] Rendering 36 frames @ 6.0fps...
[server-telemetry] Output: helix_ota---server-telemetry---20260620T081404Z.mp4 (47,705 bytes, 36 frames)
  Analyzing: helix_ota---server-telemetry---20260620T081404Z.mp4 ... 0.2s -> PASS - live content
  PASS:  1
  FAIL:  0
  helix_ota---server-telemetry---20260620T081404Z.mp4 PASS - live content                    48f    8.0s 800x486  freeze=0.0%  text_regions=0
  Self-check: avg_frame_diff=0.32, edge_density=2.0%
  Result: PASS (genuine terminal content)
==============================================
  Rendering: stress-chaos
==============================================
[stress-chaos] Running: 
echo "=== STRESS + CHAOS TESTS ==="
echo "Stress testing: sustained load verifi...
[stress-chaos] Captured 14 lines in 0.0s
[stress-chaos] Canvas: 801x486, char: 9x15
[stress-chaos] Rendering 36 frames @ 6.0fps...
[stress-chaos] Output: helix_ota---stress-chaos---20260620T081405Z.mp4 (48,878 bytes, 36 frames)
  Analyzing: helix_ota---stress-chaos---20260620T081405Z.mp4 ... 0.2s -> PASS - live content
  PASS:  1
  FAIL:  0
  helix_ota---stress-chaos---20260620T081405Z.mp4    PASS - live content                    48f    8.0s 800x486  freeze=0.0%  text_regions=0
  Self-check: avg_frame_diff=0.37, edge_density=1.9%
  Result: PASS (genuine terminal content)
==============================================
  Rendering: codegraph
==============================================
[codegraph] Running: 
echo "=== CODEGRAPH INTEGRATION ==="
echo "CodeGraph: local SQLite semantic cod...
[codegraph] Captured 10 lines in 0.0s
[codegraph] Canvas: 801x486, char: 9x15
[codegraph] Rendering 36 frames @ 6.0fps...
[codegraph] Output: helix_ota---codegraph---20260620T081406Z.mp4 (43,152 bytes, 36 frames)
  Analyzing: helix_ota---codegraph---20260620T081406Z.mp4 ... 0.2s -> PASS - live content
  PASS:  1
  FAIL:  0
  helix_ota---codegraph---20260620T081406Z.mp4       PASS - live content                    48f    8.0s 800x486  freeze=0.0%  text_regions=0
  Self-check: avg_frame_diff=0.34, edge_density=1.9%
  Result: PASS (genuine terminal content)
==============================================
  Rendering: constitution
==============================================
[constitution] Running: 
echo "=== CONSTITUTION SUBMODULE ==="
echo "Helix Constitution: universal gover...
[constitution] Captured 14 lines in 0.0s
[constitution] Canvas: 801x486, char: 9x15
[constitution] Rendering 36 frames @ 6.0fps...
[constitution] Output: helix_ota---constitution---20260620T081407Z.mp4 (44,022 bytes, 36 frames)
  Analyzing: helix_ota---constitution---20260620T081407Z.mp4 ... 0.2s -> PASS - live content
  PASS:  1
  FAIL:  0
  helix_ota---constitution---20260620T081407Z.mp4    PASS - live content                    48f    8.0s 800x486  freeze=0.0%  text_regions=0
  Self-check: avg_frame_diff=0.35, edge_density=1.9%
  Result: PASS (genuine terminal content)

==============================================
  BATCH COMPLETE
==============================================

Final analysis of all recordings:
Analyzing: helix_ota---codegraph---20260620T081406Z.mp4 ... 0.2s -> PASS - live content
Analyzing: helix_ota---constitution---20260620T081407Z.mp4 ... 0.2s -> PASS - live content
Analyzing: helix_ota---demo-deployments---20260619T223910Z.mp4 ... 2.1s -> PASS - live content + OCR text
Analyzing: helix_ota---demo-devices---20260619T223918Z.mp4 ... 1.0s -> PASS - live content + OCR text
Analyzing: helix_ota---emu-ab-rollback---20260619T013754Z.mp4 ... 2.4s -> PASS - live content + OCR text
Analyzing: helix_ota---emu-ab-slot-switch---20260619T013742Z.mp4 ... 1.8s -> PASS - live content + OCR text
Analyzing: helix_ota---fixed-capture-test---20260620T080746Z.mp4 ... 1.0s -> PASS - live content
Analyzing: helix_ota---fixed-pos-test---20260620T080646Z.mp4 ... 1.4s -> PASS - live content + OCR text
Analyzing: helix_ota---go_tests---20260620T081358Z.mp4 ... 0.2s -> PASS - live content
Analyzing: helix_ota---inheritance_gate---20260620T081356Z.mp4 ... 0.2s -> PASS - live content
Analyzing: helix_ota---ota-manager---20260620T064921Z.mp4 ... 0.4s -> FAIL - frozen
Analyzing: helix_ota---prebuild---20260620T081355Z.mp4 ... 0.2s -> PASS - live content
Analyzing: helix_ota---security---20260620T081359Z.mp4 ... 0.2s -> PASS - live content
Analyzing: helix_ota---server-artifacts-releases---20260620T081342Z.mp4 ... 0.3s -> PASS - live content
Analyzing: helix_ota---server-audit---20260620T081347Z.mp4 ... 0.3s -> PASS - live content
Analyzing: helix_ota---server-auth---20260620T081340Z.mp4 ... 0.3s -> PASS - live content
Analyzing: helix_ota---server-client---20260620T081400Z.mp4 ... 0.2s -> PASS - live content
Analyzing: helix_ota---server-deltas---20260620T081401Z.mp4 ... 0.2s -> PASS - live content
Analyzing: helix_ota---server-deployments---20260620T081344Z.mp4 ... 0.3s -> PASS - live content
Analyzing: helix_ota---server-devices---20260620T081343Z.mp4 ... 0.3s -> PASS - live content
Analyzing: helix_ota---server-groups---20260620T081345Z.mp4 ... 0.2s -> PASS - live content
Analyzing: helix_ota---server-health---20260620T081341Z.mp4 ... 0.2s -> PASS - live content
Analyzing: helix_ota---server-projects---20260620T081346Z.mp4 ... 0.2s -> PASS - live content
Analyzing: helix_ota---server-recall-rollbacks---20260620T081402Z.mp4 ... 0.3s -> PASS - live content
Analyzing: helix_ota---server-rollouts---20260620T081403Z.mp4 ... 0.3s -> PASS - live content
Analyzing: helix_ota---server-telemetry---20260620T081404Z.mp4 ... 0.3s -> PASS - live content
Analyzing: helix_ota---stress-chaos---20260620T081405Z.mp4 ... 0.3s -> PASS - live content
Analyzing: helix_ota---submodules-challenges---20260620T081353Z.mp4 ... 0.2s -> PASS - live content
Analyzing: helix_ota---submodules-helixqa---20260620T081354Z.mp4 ... 0.2s -> PASS - live content
Analyzing: helix_ota---submodules-http3---20260620T081352Z.mp4 ... 0.2s -> PASS - live content
Analyzing: helix_ota---submodules-ota-artifact-validator---20260620T081349Z.mp4 ... 0.3s -> PASS - live content
Analyzing: helix_ota---submodules-ota-protocol---20260620T081348Z.mp4 ... 0.2s -> PASS - live content
Analyzing: helix_ota---submodules-ota-rollout-engine---20260620T081350Z.mp4 ... 0.2s -> PASS - live content
Analyzing: helix_ota---submodules-ota-telemetry-schema---20260620T081351Z.mp4 ... 0.3s -> PASS - live content
Analyzing: helix_ota---test-render---20260620T080217Z.mp4 ... 0.3s -> PASS - live content
Analyzing: helix_ota---test-render2---20260620T081007Z.mp4 ... 0.2s -> PASS - live content
Analyzing: helix_ota---test-short---20260620T075728Z.mp4 ... 0.7s -> PASS - live content
Analyzing: helix_ota---test-term2---20260620T080530Z.mp4 ... 0.3s -> PASS - live content
=== OpenCV Recording Analysis Summary ===
Total recordings: 38
  PASS:  37
  FAIL:  1
  ERROR: 0

  helix_ota---codegraph---20260620T081406Z.mp4       PASS - live content                    48f    8.0s 800x486  freeze=0.0%  text_regions=0
  helix_ota---constitution---20260620T081407Z.mp4    PASS - live content                    48f    8.0s 800x486  freeze=0.0%  text_regions=0
  helix_ota---demo-deployments---20260619T223910Z.mp4 PASS - live content + OCR text         12f    1.0s 790x560  freeze=0.0%  text_regions=9
  helix_ota---demo-devices---20260619T223918Z.mp4    PASS - live content + OCR text          7f    3.3s 790x560  freeze=16.7%  text_regions=6
  helix_ota---emu-ab-rollback---20260619T013754Z.mp4 PASS - live content + OCR text         57f    8.9s 790x560  freeze=0.0%  text_regions=20
  helix_ota---emu-ab-slot-switch---20260619T013742Z.mp4 PASS - live content + OCR text         55f    8.9s 790x560  freeze=0.0%  text_regions=13
  helix_ota---fixed-capture-test---20260620T080746Z.mp4 PASS - live content                    14f    1.6s 3024x1964  freeze=100.0%  text_regions=2
  helix_ota---fixed-pos-test---20260620T080646Z.mp4  PASS - live content + OCR text        160f   19.9s 1100x750  freeze=100.0%  text_regions=8
  helix_ota---go_tests---20260620T081358Z.mp4        PASS - live content                    48f    8.0s 800x486  freeze=0.0%  text_regions=0
  helix_ota---inheritance_gate---20260620T081356Z.mp4 PASS - live content                    48f    8.0s 800x486  freeze=0.0%  text_regions=0
  helix_ota---ota-manager---20260620T064921Z.mp4     FAIL - frozen                          30f   30.0s 1280x800  freeze=100.0%  text_regions=0
  helix_ota---prebuild---20260620T081355Z.mp4        PASS - live content                    48f    8.0s 800x486  freeze=0.0%  text_regions=0
  helix_ota---security---20260620T081359Z.mp4        PASS - live content                    48f    8.0s 800x486  freeze=0.0%  text_regions=0
  helix_ota---server-artifacts-releases---20260620T081342Z.mp4 PASS - live content                    48f    8.0s 800x486  freeze=0.0%  text_regions=0
  helix_ota---server-audit---20260620T081347Z.mp4    PASS - live content                    48f    8.0s 800x486  freeze=0.0%  text_regions=0
  helix_ota---server-auth---20260620T081340Z.mp4     PASS - live content                    48f    8.0s 800x486  freeze=0.0%  text_regions=0
  helix_ota---server-client---20260620T081400Z.mp4   PASS - live content                    48f    8.0s 800x486  freeze=0.0%  text_regions=0
  helix_ota---server-deltas---20260620T081401Z.mp4   PASS - live content                    48f    8.0s 800x486  freeze=0.0%  text_regions=0
  helix_ota---server-deployments---20260620T081344Z.mp4 PASS - live content                    48f    8.0s 800x486  freeze=0.0%  text_regions=0
  helix_ota---server-devices---20260620T081343Z.mp4  PASS - live content                    48f    8.0s 800x486  freeze=0.0%  text_regions=0
  helix_ota---server-groups---20260620T081345Z.mp4   PASS - live content                    48f    8.0s 800x486  freeze=0.0%  text_regions=0
  helix_ota---server-health---20260620T081341Z.mp4   PASS - live content                    48f    8.0s 800x486  freeze=0.0%  text_regions=0
  helix_ota---server-projects---20260620T081346Z.mp4 PASS - live content                    48f    8.0s 800x486  freeze=0.0%  text_regions=0
  helix_ota---server-recall-rollbacks---20260620T081402Z.mp4 PASS - live content                    48f    8.0s 800x486  freeze=0.0%  text_regions=0
  helix_ota---server-rollouts---20260620T081403Z.mp4 PASS - live content                    48f    8.0s 800x486  freeze=0.0%  text_regions=0
  helix_ota---server-telemetry---20260620T081404Z.mp4 PASS - live content                    48f    8.0s 800x486  freeze=0.0%  text_regions=0
  helix_ota---stress-chaos---20260620T081405Z.mp4    PASS - live content                    48f    8.0s 800x486  freeze=0.0%  text_regions=0
  helix_ota---submodules-challenges---20260620T081353Z.mp4 PASS - live content                    48f    8.0s 800x486  freeze=0.0%  text_regions=0
  helix_ota---submodules-helixqa---20260620T081354Z.mp4 PASS - live content                    48f    8.0s 800x486  freeze=0.0%  text_regions=0
  helix_ota---submodules-http3---20260620T081352Z.mp4 PASS - live content                    48f    8.0s 800x486  freeze=0.0%  text_regions=0
  helix_ota---submodules-ota-artifact-validator---20260620T081349Z.mp4 PASS - live content                    48f    8.0s 800x486  freeze=0.0%  text_regions=0
  helix_ota---submodules-ota-protocol---20260620T081348Z.mp4 PASS - live content                    48f    8.0s 800x486  freeze=0.0%  text_regions=0
  helix_ota---submodules-ota-rollout-engine---20260620T081350Z.mp4 PASS - live content                    48f    8.0s 800x486  freeze=0.0%  text_regions=0
  helix_ota---submodules-ota-telemetry-schema---20260620T081351Z.mp4 PASS - live content                    48f    8.0s 800x486  freeze=0.0%  text_regions=0
  helix_ota---test-render---20260620T080217Z.mp4     PASS - live content                    68f    4.5s 840x670  freeze=34.5%  text_regions=0
  helix_ota---test-render2---20260620T081007Z.mp4    PASS - live content                    48f    8.0s 800x486  freeze=13.8%  text_regions=0
  helix_ota---test-short---20260620T075728Z.mp4      PASS - live content                   158f   19.6s 1200x800  freeze=100.0%  text_regions=3
  helix_ota---test-term2---20260620T080530Z.mp4      PASS - live content                    21f    2.5s 1130x800  freeze=100.0%  text_regions=1

