[14:20:04Z] caller ed25519 keypair ready (ephemeral, never committed; server will trust the public half)
[14:20:04Z] BOOT: booting the REAL system in CALLER-PUBKEY MODE (server trusts the caller's pubkey, real Postgres)
[14:20:04Z] UP: booting REAL system (ota-server + real PostgreSQL) on milosvasic@thinker.local
[14:20:09Z] PRE-CLEAN: force-removing any prior 'helix-ota-system' stack
[14:20:36Z] remote arch=x86_64 => cross-compiling GOOS=linux GOARCH=amd64
[14:20:36Z] CALLER-PUBKEY MODE: live server trusts the public key derived from the caller's signing key (private half stays with caller)
[14:20:36Z] BUILD: cross-compile static ota-server (host — sibling replaces resolve here)
[14:20:40Z] built: 22605986 /Volumes/T7/Projects/helix_ota/server/.docker-bin/ota-server
[14:20:40Z] SYNC: rsync build bundle -> milosvasic@thinker.local:/home/milosvasic/.helix-ota-system-stack
[14:20:51Z] COMPOSE: podman-compose build (project 'helix-ota-system')
podman-compose version: 1.0.6
['podman', '--version', '']
using podman version: 4.9.3
podman build -f ../Dockerfile -t ota-control-plane:system ..
time="2026-06-23T17:20:57+03:00" level=warning msg="HEALTHCHECK is not supported for OCI image format and will be ignored. Must use `docker` format"
time="2026-06-23T17:20:58+03:00" level=warning msg="HEALTHCHECK is not supported for OCI image format and will be ignored. Must use `docker` format"
time="2026-06-23T17:20:58+03:00" level=warning msg="HEALTHCHECK is not supported for OCI image format and will be ignored. Must use `docker` format"
exit code: 0
[14:20:58Z] COMPOSE: up -d postgres (first), then wait for it to accept connections
podman-compose version: 1.0.6
['podman', '--version', '']
using podman version: 4.9.3
** excluding:  {'ota-server'}
['podman', 'ps', '--filter', 'label=io.podman.compose.project=helix-ota-system', '-a', '--format', '{{ index .Labels "io.podman.compose.config-hash"}}']
['podman', 'network', 'exists', 'helix-ota-system_default']
podman run --name=helix-ota-system_postgres_1 -d --label io.podman.compose.config-hash=3e02b4c8cd1b12cd9306891b12477d5f58a71423bbde67e265d2afecf885a589 --label io.podman.compose.project=helix-ota-system --label io.podman.compose.version=1.0.6 --label PODMAN_SYSTEMD_UNIT=podman-compose@helix-ota-system.service --label com.docker.compose.project=helix-ota-system --label com.docker.compose.project.working_dir=/home/milosvasic/.helix-ota-system-stack/deploy --label com.docker.compose.project.config_files=system.compose.yml --label com.docker.compose.container-number=1 --label com.docker.compose.service=postgres -e POSTGRES_USER=helix -e POSTGRES_PASSWORD=helix -e POSTGRES_DB=helix_ota --net helix-ota-system_default --network-alias postgres -p 55480:5432 -m 512m --healthcheck-command /bin/sh -c 'pg_isready -U helix -d helix_ota' --healthcheck-interval 2s --healthcheck-timeout 3s --healthcheck-retries 30 docker.io/library/postgres:16-alpine
exit code: 0
** skipping:  helix-ota-system_ota-server_1
[14:21:04Z] PG-WAIT: waiting up to 60s for postgres to accept connections
[14:21:10Z] PG-WAIT: postgres accepting connections.
[14:21:10Z] COMPOSE: up -d ota-server (postgres now ready => server connect+Migrate succeeds)
podman-compose version: 1.0.6
['podman', '--version', '']
using podman version: 4.9.3
** excluding:  set()
['podman', 'inspect', '-t', 'image', '-f', '{{.Id}}', 'ota-control-plane:system']
['podman', 'ps', '--filter', 'label=io.podman.compose.project=helix-ota-system', '-a', '--format', '{{ index .Labels "io.podman.compose.config-hash"}}']
['podman', 'network', 'exists', 'helix-ota-system_default']
podman run --name=helix-ota-system_postgres_1 -d --label io.podman.compose.config-hash=3e02b4c8cd1b12cd9306891b12477d5f58a71423bbde67e265d2afecf885a589 --label io.podman.compose.project=helix-ota-system --label io.podman.compose.version=1.0.6 --label PODMAN_SYSTEMD_UNIT=podman-compose@helix-ota-system.service --label com.docker.compose.project=helix-ota-system --label com.docker.compose.project.working_dir=/home/milosvasic/.helix-ota-system-stack/deploy --label com.docker.compose.project.config_files=system.compose.yml --label com.docker.compose.container-number=1 --label com.docker.compose.service=postgres -e POSTGRES_USER=helix -e POSTGRES_PASSWORD=helix -e POSTGRES_DB=helix_ota --net helix-ota-system_default --network-alias postgres -p 55480:5432 -m 512m --healthcheck-command /bin/sh -c 'pg_isready -U helix -d helix_ota' --healthcheck-interval 2s --healthcheck-timeout 3s --healthcheck-retries 30 docker.io/library/postgres:16-alpine
Error: creating container storage: the container name "helix-ota-system_postgres_1" is already in use by b7998011e92fee2f6eb74a60c951a7834f89d8a1db23d3e2c4e3df2221846d87. You have to remove that container to be able to reuse that name: that name is already in use, or use --replace to instruct Podman to do so.
exit code: 125
podman start helix-ota-system_postgres_1
exit code: 0
['podman', 'network', 'exists', 'helix-ota-system_default']
podman run --name=helix-ota-system_ota-server_1 -d --requires=helix-ota-system_postgres_1 --label io.podman.compose.config-hash=3e02b4c8cd1b12cd9306891b12477d5f58a71423bbde67e265d2afecf885a589 --label io.podman.compose.project=helix-ota-system --label io.podman.compose.version=1.0.6 --label PODMAN_SYSTEMD_UNIT=podman-compose@helix-ota-system.service --label com.docker.compose.project=helix-ota-system --label com.docker.compose.project.working_dir=/home/milosvasic/.helix-ota-system-stack/deploy --label com.docker.compose.project.config_files=system.compose.yml --label com.docker.compose.container-number=1 --label com.docker.compose.service=ota-server -e HELIX_PORT=8080 -e HELIX_API_BASE_PATH=/api/v1 -e HELIX_DATABASE_URL=postgres://helix:helix@postgres:5432/helix_ota?sslmode=disable -e HELIX_ADMIN_USERNAME=admin@helix.system -e HELIX_ADMIN_PASSWORD=<redacted-§11.4.10> -e HELIX_TOKEN_SECRET=ephemeral-test-stack-token-NOT-A-SECRET -e HELIX_ARTIFACT_PUBKEY=SyU508OnS5NSAilrKwel7Sl6gjKrnfB5uls4VrkqiBA= -e HELIX_ARTIFACT_BASE_URL=http://localhost:18080/artifacts --net helix-ota-system_default --network-alias ota-server -p 18080:8080 -m 256m --healthcheck-command /bin/sh -c 'wget -qO- http://127.0.0.1:8080/readyz >/dev/null 2>&1 || exit 1' --healthcheck-interval 3s --healthcheck-timeout 3s --healthcheck-start-period 3s --healthcheck-retries 20 ota-control-plane:system
exit code: 0
[14:21:19Z] READY: waiting up to 90s for /readyz -> 200
[14:21:29Z] READY: /readyz -> 200 {"status":"ready"}
[14:21:29Z] UP: complete. Live base URL (on thinker.local): http://127.0.0.1:18080
[14:21:29Z]     higher suites reach it via the remote loopback (ssh) or http://thinker.local:18080 if the port is exposed.
[14:21:29Z] live base_url=http://127.0.0.1:18080
[14:21:35Z] live /readyz -> 200
[14:21:51Z] step 02 anti-bluff bogus-sig: HTTP 422 error.code=SIGNATURE_INVALID
[14:22:02Z] step 03 BASE upload: HTTP 201 verified=true artifact_id=ba580ca1a0c83398de45b4331f1898f3
[14:22:13Z] step 04 TARGET upload: HTTP 201 verified=true artifact_id=39e0b81dcbff16e289631dd53bd99257
[14:22:19Z] step 05 GET artifact: HTTP 200 artifact_id=39e0b81dcbff16e289631dd53bd99257
[14:22:24Z] step 06 BASE release: HTTP 201 release_id=0b8ea8326277729640e9181e6b9682a9
[14:22:29Z] step 07 TARGET release: HTTP 201 release_id=564255cd6862a394076ef540e2ee7977
[14:22:34Z] step 08 register device (on 1.0.0): HTTP 201 device_id=5182088dddd51df690e86925e118d52a
[14:22:40Z] step 09 deploy TARGET release: HTTP 201 deployment_id=35d0d33034959a60abc9d5f4303e9657 target_count=0
[14:22:45Z] step 10 rollout create: HTTP 201 deployment_id=35d0d33034959a60abc9d5f4303e9657
[14:22:50Z] step 11 rollout get: HTTP 200
[14:22:56Z] step 12 rollout evaluate: HTTP 200 action=advance
[14:23:01Z] step 13 register delta: HTTP 201 delta_id=1aaa869919c41b149e465e3be7e6e35f
[14:23:06Z] step 14 device poll: HTTP 200 version=1.1.0 release_id=564255cd6862a394076ef540e2ee7977 sha=9abe0ecd7b43… sig?=yes delta?=yes
[14:23:17Z] step 15 device-on-1.1.0 poll: HTTP 204
[14:23:17Z] finished: 2026-06-23T14:23:17Z
[14:23:17Z] TEARDOWN: tearing down the live system stack (project-scoped; integration suite pg untouched) — §11.4.14
[14:23:17Z] DOWN: tearing down project 'helix-ota-system' on milosvasic@thinker.local
