== Helix OTA SIGNED artifact-pipeline E2E ==
base_url=http://127.0.0.1:57037 run=pipe-1782226972-75966 evidence=/Volumes/T7/Projects/helix_ota/tests/e2e/PIPELINE_EVIDENCE.txt
started: 2026-06-23T15:02:52Z

openssl: OpenSSL 3.6.2 7 Apr 2026 (Library: OpenSSL 3.6.2 7 Apr 2026)
[PASS] generated ephemeral ed25519 keypair (raw pubkey 32 bytes, base64 configured)
building ota-server (go build ./cmd/ota-server) ...
[PASS] go build ./cmd/ota-server succeeded
server pid=76062 (port 57037), waiting for readiness ...
[PASS] ota-server healthy on http://127.0.0.1:57037/healthz (HELIX_ARTIFACT_PUBKEY configured)
[PASS] POST /auth/login (HTTP 200)
[PASS] obtained admin access token
[PASS] anti-bluff: a bogus signature is rejected 422 SIGNATURE_INVALID (server really verifies)
[PASS] POST /artifacts/upload (signed BASE v1.0.0) (HTTP 201)
[PASS] BASE artifact .verified == true
      base_artifact_id=72126b18bac9f1c854e364d44387a1c2 sha256=53b42ce79a7adeee339cccf7d6b531d6281fefff6183cd6a3b0d00bed37383eb
[PASS] POST /artifacts/upload (signed TARGET v1.1.0) (HTTP 201)
[PASS] TARGET artifact .verified == true
      target_artifact_id=dd2469f6682e6645416d93511e3e134a sha256=7074b134a74ef70abb1c6a35c6318d86be496260088f6aa5f8117c4361a0925a
[PASS] GET /artifacts/{id} (target) (HTTP 200)
[PASS] GET artifact echoes target artifact_id
[PASS] POST /releases (BASE v1.0.0) (HTTP 201)
      base_release_id=54682f8ba24b78ed4260cfe61db5bc4c
[PASS] POST /releases (TARGET v1.1.0) (HTTP 201)
      target_release_id=badfc9cb1350dd22758f3fba98b03078
[PASS] POST /devices/register (device on 1.0.0) (HTTP 201)
      device_id=62dce046d937db0a530cae519fdf5769
[PASS] POST /deployments (target release) (HTTP 201)
      deployment_id=16508da0790fda1950d04dd5c9af985c target_count=1
[PASS] POST /deployments/{id}/rollout (create) (HTTP 201)
[PASS] rollout state echoes deployment_id
[PASS] GET /deployments/{id}/rollout (HTTP 200)
[PASS] POST /deployments/{id}/rollout/evaluate (HTTP 200)
[PASS] rollout evaluate returned decision action: advance
[PASS] POST /deltas (register base->target delta) (HTTP 201)
[PASS] delta echoes base_artifact_id
      delta_id=140152d34aa2d162d55bc2a3f436dadf
[PASS] GET /client/update (device on 1.0.0 -> sees 1.1.0) (HTTP 200)
[PASS] update-check offers version 1.1.0
[PASS] update-check release_id matches target release
[PASS] update-check carries the artifact sha256
[PASS] update-check carries the artifact signature
[PASS] update-check INCLUDES a .delta block (delta-bearing update reached)
[PASS] delta.base_version == 1.0.0 (the device's current)
[PASS] delta.sha256 matches the registered delta
      DELTA-BEARING UPDATE BODY: {"version":"1.1.0","release_id":"badfc9cb1350dd22758f3fba98b03078","sha256":"7074b134a74ef70abb1c6a35c6318d86be496260088f6aa5f8117c4361a0925a","delta":{"base_version":"1.0.0","url":"https://artifacts.helix.example/140152d34aa2d162d55bc2a3f436dadf.zip","size":4096,"sha256":"138f27a92d6e56deae40d47a6ead137df4351c785032593eb4c1e8f28bf0733a"}}
[PASS] GET /client/update (device already on 1.1.0 -> 204 no-content) (HTTP 204)

finished: 2026-06-23T15:02:56Z
== summary: 32 passed, 0 failed, 0 skipped ==
RESULT: PASS
