[12:14:07Z] UP: booting REAL system (ota-server + real PostgreSQL) on milosvasic@thinker.local
[12:14:12Z] PRE-CLEAN: force-removing any prior 'helix-ota-system' stack
[12:14:38Z] remote arch=x86_64 => cross-compiling GOOS=linux GOARCH=amd64
[12:14:39Z] BUILD: cross-compile static ota-server (host — sibling replaces resolve here)
[12:14:44Z] built: 22605986 /Volumes/T7/Projects/helix_ota/server/.docker-bin/ota-server
[12:14:44Z] SYNC: rsync build bundle -> milosvasic@thinker.local:/home/milosvasic/.helix-ota-system-stack
[12:14:55Z] COMPOSE: podman-compose build (project 'helix-ota-system')
podman-compose version: 1.0.6
['podman', '--version', '']
using podman version: 4.9.3
podman build -f ../Dockerfile -t ota-control-plane:system ..
exit code: 0
[12:15:01Z] COMPOSE: up -d postgres (first), then wait for it to accept connections
podman-compose version: 1.0.6
['podman', '--version', '']
using podman version: 4.9.3
** excluding:  {'ota-server'}
['podman', 'ps', '--filter', 'label=io.podman.compose.project=helix-ota-system', '-a', '--format', '{{ index .Labels "io.podman.compose.config-hash"}}']
recreating: ...
** excluding:  {'ota-server'}
podman stop -t 10 helix-ota-system_postgres_1
exit code: 0
podman rm helix-ota-system_postgres_1
Error: container 5930e5b5ff8545c4c0fd7829541b9dfa4543f2ebb667abaf4ccf68d7c56d7553 has dependent containers which must be removed before it: 81dae082622422b0fbfc145df50008ad9d6da0de07adb64c9b4014abf2168a66: container already exists
exit code: 125
recreating: done


['podman', 'network', 'exists', 'helix-ota-system_default']
podman run --name=helix-ota-system_postgres_1 -d --label io.podman.compose.config-hash=251ef3188aa091183b22caa8228b6d15ed084335c8fa3ddb6b32b09ab9a95090 --label io.podman.compose.project=helix-ota-system --label io.podman.compose.version=1.0.6 --label PODMAN_SYSTEMD_UNIT=podman-compose@helix-ota-system.service --label com.docker.compose.project=helix-ota-system --label com.docker.compose.project.working_dir=/home/milosvasic/.helix-ota-system-stack/deploy --label com.docker.compose.project.config_files=system.compose.yml --label com.docker.compose.container-number=1 --label com.docker.compose.service=postgres -e POSTGRES_USER=helix -e POSTGRES_PASSWORD=helix -e POSTGRES_DB=helix_ota --net helix-ota-system_default --network-alias postgres -p 55480:5432 -m 512m --healthcheck-command /bin/sh -c 'pg_isready -U helix -d helix_ota' --healthcheck-interval 2s --healthcheck-timeout 3s --healthcheck-retries 30 docker.io/library/postgres:16-alpine
Error: creating container storage: the container name "helix-ota-system_postgres_1" is already in use by 5930e5b5ff8545c4c0fd7829541b9dfa4543f2ebb667abaf4ccf68d7c56d7553. You have to remove that container to be able to reuse that name: that name is already in use, or use --replace to instruct Podman to do so.
exit code: 125
podman start helix-ota-system_postgres_1
exit code: 0
** skipping:  helix-ota-system_ota-server_1
[12:15:09Z] PG-WAIT: waiting up to 60s for postgres to accept connections
[12:15:15Z] PG-WAIT: postgres accepting connections.
[12:15:15Z] COMPOSE: up -d ota-server (postgres now ready => server connect+Migrate succeeds)
podman-compose version: 1.0.6
['podman', '--version', '']
using podman version: 4.9.3
** excluding:  set()
['podman', 'inspect', '-t', 'image', '-f', '{{.Id}}', 'ota-control-plane:system']
['podman', 'ps', '--filter', 'label=io.podman.compose.project=helix-ota-system', '-a', '--format', '{{ index .Labels "io.podman.compose.config-hash"}}']
recreating: ...
** excluding:  set()
podman stop -t 10 helix-ota-system_ota-server_1
exit code: 0
podman stop -t 10 helix-ota-system_postgres_1
exit code: 0
podman rm helix-ota-system_ota-server_1
exit code: 0
podman rm helix-ota-system_postgres_1
exit code: 0
recreating: done


['podman', 'network', 'exists', 'helix-ota-system_default']
podman run --name=helix-ota-system_postgres_1 -d --label io.podman.compose.config-hash=251ef3188aa091183b22caa8228b6d15ed084335c8fa3ddb6b32b09ab9a95090 --label io.podman.compose.project=helix-ota-system --label io.podman.compose.version=1.0.6 --label PODMAN_SYSTEMD_UNIT=podman-compose@helix-ota-system.service --label com.docker.compose.project=helix-ota-system --label com.docker.compose.project.working_dir=/home/milosvasic/.helix-ota-system-stack/deploy --label com.docker.compose.project.config_files=system.compose.yml --label com.docker.compose.container-number=1 --label com.docker.compose.service=postgres -e POSTGRES_USER=helix -e POSTGRES_PASSWORD=helix -e POSTGRES_DB=helix_ota --net helix-ota-system_default --network-alias postgres -p 55480:5432 -m 512m --healthcheck-command /bin/sh -c 'pg_isready -U helix -d helix_ota' --healthcheck-interval 2s --healthcheck-timeout 3s --healthcheck-retries 30 docker.io/library/postgres:16-alpine
exit code: 0
['podman', 'network', 'exists', 'helix-ota-system_default']
podman run --name=helix-ota-system_ota-server_1 -d --requires=helix-ota-system_postgres_1 --label io.podman.compose.config-hash=251ef3188aa091183b22caa8228b6d15ed084335c8fa3ddb6b32b09ab9a95090 --label io.podman.compose.project=helix-ota-system --label io.podman.compose.version=1.0.6 --label PODMAN_SYSTEMD_UNIT=podman-compose@helix-ota-system.service --label com.docker.compose.project=helix-ota-system --label com.docker.compose.project.working_dir=/home/milosvasic/.helix-ota-system-stack/deploy --label com.docker.compose.project.config_files=system.compose.yml --label com.docker.compose.container-number=1 --label com.docker.compose.service=ota-server -e HELIX_PORT=8080 -e HELIX_API_BASE_PATH=/api/v1 -e HELIX_DATABASE_URL=postgres://helix:helix@postgres:5432/helix_ota?sslmode=disable -e HELIX_ADMIN_USERNAME=admin@helix.system -e HELIX_ADMIN_PASSWORD=<redacted-§11.4.10> -e HELIX_TOKEN_SECRET=<redacted-§11.4.10> -e HELIX_ARTIFACT_PUBKEY=<redacted-§11.4.10> -e HELIX_ARTIFACT_BASE_URL=http://localhost:18080/artifacts --net helix-ota-system_default --network-alias ota-server -p 18080:8080 -m 256m --healthcheck-command /bin/sh -c 'wget -qO- http://127.0.0.1:8080/readyz >/dev/null 2>&1 || exit 1' --healthcheck-interval 3s --healthcheck-timeout 3s --healthcheck-start-period 3s --healthcheck-retries 20 ota-control-plane:system
exit code: 0
[12:15:24Z] READY: waiting up to 90s for /readyz -> 200
[12:15:34Z] READY: /readyz -> 200 {"status":"ready"}
[12:15:34Z] UP: complete. Live base URL (on thinker.local): http://127.0.0.1:18080
[12:15:34Z]     higher suites reach it via the remote loopback (ssh) or http://thinker.local:18080 if the port is exposed.
