=== podman-compose build helixtrack-core ===
podman-compose version: 1.0.6
['podman', '--version', '']
using podman version: 4.9.3
podman build -f ../helix_track/core/Application/Dockerfile -t containers_helixtrack-core ../helix_track/core/Application
[1/2] STEP 1/7: FROM golang:1.24-alpine AS builder
[1/2] STEP 2/7: RUN apk add --no-cache gcc musl-dev sqlite-dev
--> Using cache 272ec8859f556ff76ea270a10586f6285346a3825f3c4ee960c94b3f6cffda9b
--> 272ec8859f55
[1/2] STEP 3/7: WORKDIR /app
--> Using cache 61972e310746c9f1e75b48c3c3bc1b0534c06b94f597b2d76adaff74a8882ff7
--> 61972e310746
[1/2] STEP 4/7: COPY go.mod ./
--> Using cache b949f8de4a0f697995785d24c1acfd4c1be1856c679b67df47bf7d96d2cccd5e
--> b949f8de4a0f
[1/2] STEP 5/7: COPY . .
--> Using cache b5843af14273d2d0ebe62b8ad69202230ebcb9f51a0dad0341325202625d2962
--> b5843af14273
[1/2] STEP 6/7: RUN go mod tidy && go mod download
--> Using cache 56f43c29adad2dc4f0b1c8cd9579f58e4e174be00c50d3896f1a3113b8b5177b
--> 56f43c29adad
[1/2] STEP 7/7: RUN CGO_ENABLED=1 go build -o /app/htCore main.go
time="2026-06-22T21:40:36+03:00" level=warning msg="can't raise ambient capability CAP_CHOWN: operation not permitted"
time="2026-06-22T21:40:36+03:00" level=warning msg="can't raise ambient capability CAP_DAC_OVERRIDE: operation not permitted"
time="2026-06-22T21:40:36+03:00" level=warning msg="can't raise ambient capability CAP_FOWNER: operation not permitted"
time="2026-06-22T21:40:36+03:00" level=warning msg="can't raise ambient capability CAP_FSETID: operation not permitted"
time="2026-06-22T21:40:36+03:00" level=warning msg="can't raise ambient capability CAP_KILL: operation not permitted"
time="2026-06-22T21:40:36+03:00" level=warning msg="can't raise ambient capability CAP_NET_BIND_SERVICE: operation not permitted"
time="2026-06-22T21:40:36+03:00" level=warning msg="can't raise ambient capability CAP_SETFCAP: operation not permitted"
time="2026-06-22T21:40:36+03:00" level=warning msg="can't raise ambient capability CAP_SETGID: operation not permitted"
time="2026-06-22T21:40:36+03:00" level=warning msg="can't raise ambient capability CAP_SETPCAP: operation not permitted"
time="2026-06-22T21:40:36+03:00" level=warning msg="can't raise ambient capability CAP_SETUID: operation not permitted"
time="2026-06-22T21:40:36+03:00" level=warning msg="can't raise ambient capability CAP_SYS_CHROOT: operation not permitted"
internal/models/workflow_step.go:1:1: expected 'package', found 'EOF'
Error: building at STEP "RUN CGO_ENABLED=1 go build -o /app/htCore main.go": while running runtime: exit status 1
exit code: 1
=== build-exit=0 ===
=== resulting images ===
NO IMAGE BUILT
