[DIST] Probing milosvasic@thinker.local ...
[DIST]   reachable + rootless podman (podman-compose) — selected thinker.local
[DIST] Deploying to milosvasic@thinker.local (rootless podman-compose)...
[DIST] Running remote rootless compose...
podman-compose version: 1.0.6
['podman', '--version', '']
using podman version: 4.9.3
** excluding:  set()
['podman', 'inspect', '-t', 'image', '-f', '{{.Id}}', 'containers_helixtrack-core']
Error: containers_helixtrack-core: image not known
podman build -f ../helix_track/core/Application/Dockerfile -t containers_helixtrack-core ../helix_track/core/Application
[1/2] STEP 1/7: FROM golang:1.24-alpine AS builder
[1/2] STEP 2/7: RUN apk add --no-cache gcc musl-dev sqlite-dev
time="2026-06-22T21:39:07+03:00" level=warning msg="can't raise ambient capability CAP_CHOWN: operation not permitted"
time="2026-06-22T21:39:07+03:00" level=warning msg="can't raise ambient capability CAP_DAC_OVERRIDE: operation not permitted"
time="2026-06-22T21:39:07+03:00" level=warning msg="can't raise ambient capability CAP_FOWNER: operation not permitted"
time="2026-06-22T21:39:07+03:00" level=warning msg="can't raise ambient capability CAP_FSETID: operation not permitted"
time="2026-06-22T21:39:07+03:00" level=warning msg="can't raise ambient capability CAP_KILL: operation not permitted"
time="2026-06-22T21:39:07+03:00" level=warning msg="can't raise ambient capability CAP_NET_BIND_SERVICE: operation not permitted"
time="2026-06-22T21:39:07+03:00" level=warning msg="can't raise ambient capability CAP_SETFCAP: operation not permitted"
time="2026-06-22T21:39:07+03:00" level=warning msg="can't raise ambient capability CAP_SETGID: operation not permitted"
time="2026-06-22T21:39:07+03:00" level=warning msg="can't raise ambient capability CAP_SETPCAP: operation not permitted"
time="2026-06-22T21:39:07+03:00" level=warning msg="can't raise ambient capability CAP_SETUID: operation not permitted"
time="2026-06-22T21:39:07+03:00" level=warning msg="can't raise ambient capability CAP_SYS_CHROOT: operation not permitted"
( 1/21) Upgrading musl (1.2.5-r21 -> 1.2.5-r23)
( 2/21) Installing libgcc (15.2.0-r2)
( 3/21) Installing jansson (2.14.1-r0)
( 4/21) Installing libstdc++ (15.2.0-r2)
( 5/21) Installing zstd-libs (1.5.7-r2)
( 6/21) Installing binutils (2.45.1-r0)
( 7/21) Installing libgomp (15.2.0-r2)
( 8/21) Installing libatomic (15.2.0-r2)
( 9/21) Installing gmp (6.3.0-r4)
(10/21) Installing isl26 (0.26-r1)
(11/21) Installing mpfr4 (4.2.2-r0)
(12/21) Installing mpc1 (1.3.1-r1)
(13/21) Installing gcc (15.2.0-r2)
(14/21) Installing musl-dev (1.2.5-r23)
(15/21) Installing ncurses-terminfo-base (6.5_p20251123-r0)
(16/21) Installing libncursesw (6.5_p20251123-r0)
(17/21) Installing readline (8.3.1-r0)
(18/21) Installing sqlite (3.51.2-r0)
(19/21) Installing sqlite-libs (3.51.2-r0)
(20/21) Installing pkgconf (2.5.1-r0)
(21/21) Installing sqlite-dev (3.51.2-r0)
Executing busybox-1.37.0-r30.trigger
OK: 203.0 MiB in 37 packages
--> 272ec8859f55
[1/2] STEP 3/7: WORKDIR /app
--> 61972e310746
[1/2] STEP 4/7: COPY go.mod ./
--> b949f8de4a0f
[1/2] STEP 5/7: COPY . .
--> b5843af14273
[1/2] STEP 6/7: RUN go mod tidy && go mod download
time="2026-06-22T21:39:19+03:00" level=warning msg="can't raise ambient capability CAP_CHOWN: operation not permitted"
time="2026-06-22T21:39:19+03:00" level=warning msg="can't raise ambient capability CAP_DAC_OVERRIDE: operation not permitted"
time="2026-06-22T21:39:19+03:00" level=warning msg="can't raise ambient capability CAP_FOWNER: operation not permitted"
time="2026-06-22T21:39:19+03:00" level=warning msg="can't raise ambient capability CAP_FSETID: operation not permitted"
time="2026-06-22T21:39:19+03:00" level=warning msg="can't raise ambient capability CAP_KILL: operation not permitted"
time="2026-06-22T21:39:19+03:00" level=warning msg="can't raise ambient capability CAP_NET_BIND_SERVICE: operation not permitted"
time="2026-06-22T21:39:19+03:00" level=warning msg="can't raise ambient capability CAP_SETFCAP: operation not permitted"
time="2026-06-22T21:39:19+03:00" level=warning msg="can't raise ambient capability CAP_SETGID: operation not permitted"
time="2026-06-22T21:39:19+03:00" level=warning msg="can't raise ambient capability CAP_SETPCAP: operation not permitted"
time="2026-06-22T21:39:19+03:00" level=warning msg="can't raise ambient capability CAP_SETUID: operation not permitted"
time="2026-06-22T21:39:19+03:00" level=warning msg="can't raise ambient capability CAP_SYS_CHROOT: operation not permitted"
go: downloading github.com/stretchr/testify v1.9.0
go: downloading github.com/gin-gonic/gin v1.10.0
go: downloading github.com/quic-go/quic-go v0.55.0
go: downloading go.uber.org/zap v1.26.0
go: downloading github.com/google/uuid v1.6.0
go: downloading github.com/lib/pq v1.10.9
go: downloading github.com/mattn/go-sqlite3 v1.14.22
go: downloading gopkg.in/natefinch/lumberjack.v2 v2.2.1
go: downloading github.com/golang-jwt/jwt/v5 v5.2.0
go: downloading golang.org/x/crypto v0.41.0
go: downloading github.com/gorilla/websocket v1.5.3
go: downloading github.com/davecgh/go-spew v1.1.1
go: downloading github.com/pmezard/go-difflib v1.0.0
go: downloading gopkg.in/yaml.v3 v3.0.1
go: downloading github.com/stretchr/objx v0.5.2
go: downloading go.uber.org/multierr v1.11.0
go: downloading github.com/gin-contrib/sse v0.1.0
go: downloading google.golang.org/protobuf v1.34.1
go: downloading github.com/mattn/go-isatty v0.0.20
go: downloading golang.org/x/net v0.43.0
go: downloading github.com/bytedance/sonic v1.11.6
go: downloading github.com/goccy/go-json v0.10.2
go: downloading github.com/json-iterator/go v1.1.12
go: downloading github.com/go-playground/validator/v10 v10.20.0
go: downloading github.com/pelletier/go-toml/v2 v2.2.2
go: downloading github.com/ugorji/go/codec v1.2.12
go: downloading github.com/quic-go/qpack v0.5.1
go: downloading gopkg.in/check.v1 v0.0.0-20161208181325-20d25e280405
go: downloading go.uber.org/goleak v1.2.0
go: downloading go.uber.org/mock v0.5.2
go: downloading golang.org/x/sys v0.35.0
go: downloading github.com/modern-go/concurrent v0.0.0-20180306012644-bacd9c7ef1dd
go: downloading github.com/modern-go/reflect2 v1.0.2
go: downloading github.com/gabriel-vasile/mimetype v1.4.3
go: downloading github.com/go-playground/universal-translator v0.18.1
go: downloading github.com/leodido/go-urn v1.4.0
go: downloading golang.org/x/text v0.28.0
go: downloading github.com/go-playground/assert/v2 v2.2.0
go: downloading github.com/go-playground/locales v0.14.1
go: downloading golang.org/x/tools v0.36.0
go: downloading github.com/google/go-cmp v0.6.0
go: downloading github.com/cloudwego/base64x v0.1.4
go: downloading golang.org/x/arch v0.8.0
go: downloading github.com/bytedance/sonic/loader v0.1.1
go: downloading github.com/twitchyliquid64/golang-asm v0.15.1
go: downloading github.com/klauspost/cpuid/v2 v2.2.7
go: downloading github.com/cloudwego/iasm v0.2.0
go: downloading golang.org/x/mod v0.27.0
go: downloading golang.org/x/sync v0.16.0
--> 6e0a4517e222
[1/2] STEP 7/7: RUN CGO_ENABLED=1 go build -o /app/htCore main.go
time="2026-06-22T21:39:36+03:00" level=warning msg="can't raise ambient capability CAP_CHOWN: operation not permitted"
time="2026-06-22T21:39:36+03:00" level=warning msg="can't raise ambient capability CAP_DAC_OVERRIDE: operation not permitted"
time="2026-06-22T21:39:36+03:00" level=warning msg="can't raise ambient capability CAP_FOWNER: operation not permitted"
time="2026-06-22T21:39:36+03:00" level=warning msg="can't raise ambient capability CAP_FSETID: operation not permitted"
time="2026-06-22T21:39:36+03:00" level=warning msg="can't raise ambient capability CAP_KILL: operation not permitted"
time="2026-06-22T21:39:36+03:00" level=warning msg="can't raise ambient capability CAP_NET_BIND_SERVICE: operation not permitted"
time="2026-06-22T21:39:36+03:00" level=warning msg="can't raise ambient capability CAP_SETFCAP: operation not permitted"
time="2026-06-22T21:39:36+03:00" level=warning msg="can't raise ambient capability CAP_SETGID: operation not permitted"
time="2026-06-22T21:39:36+03:00" level=warning msg="can't raise ambient capability CAP_SETPCAP: operation not permitted"
time="2026-06-22T21:39:36+03:00" level=warning msg="can't raise ambient capability CAP_SETUID: operation not permitted"
time="2026-06-22T21:39:36+03:00" level=warning msg="can't raise ambient capability CAP_SYS_CHROOT: operation not permitted"
internal/models/workflow_step.go:1:1: expected 'package', found 'EOF'
Error: building at STEP "RUN CGO_ENABLED=1 go build -o /app/htCore main.go": while running runtime: exit status 1
exit code: 1
['podman', 'ps', '--filter', 'label=io.podman.compose.project=containers', '-a', '--format', '{{ index .Labels "io.podman.compose.config-hash"}}']
['podman', 'network', 'exists', 'helixtrack-network']
['podman', 'network', 'create', '--label', 'io.podman.compose.project=containers', '--label', 'com.docker.compose.project=containers', '--driver', 'bridge', 'helixtrack-network']
['podman', 'network', 'exists', 'helixtrack-network']
podman run --name=helixtrack-core -d --label io.podman.compose.config-hash=30634a6e5a887292e3a81515d1fb50639a48ec5f267d16cd903a2ed273d88558 --label io.podman.compose.project=containers --label io.podman.compose.version=1.0.6 --label PODMAN_SYSTEMD_UNIT=podman-compose@containers.service --label com.docker.compose.project=containers --label com.docker.compose.project.working_dir=/home/milosvasic/helix-dist/containers --label com.docker.compose.project.config_files=compose.helixtrack.yml --label com.docker.compose.container-number=1 --label com.docker.compose.service=helixtrack-core -e HT_CONFIG=/config/default.json -e HT_SPACE_ROOT=/data/spaces/_default -e HT_DB_TYPE=sqlite -v /home/milosvasic/helix-dist/helix_track/spaces:/data/spaces -v /home/milosvasic/helix-dist/helix_track/core/Application/Configurations:/config --net helixtrack-network --network-alias helixtrack-core -p 8080:8080 --restart unless-stopped --healthcheck-command /bin/sh -c curl' '-f' 'http://localhost:8080 --healthcheck-interval 10s --healthcheck-timeout 5s --healthcheck-start-period 15s --healthcheck-retries 5 containers_helixtrack-core ./htCore --space-root=/data/spaces/_default
Resolving "containers_helixtrack-core" using unqualified-search registries (/home/milosvasic/.config/containers/registries.conf)
Trying to pull docker.io/library/containers_helixtrack-core:latest...
Error: initializing source docker://containers_helixtrack-core:latest: reading manifest latest in docker.io/library/containers_helixtrack-core: requested access to the resource is denied
exit code: 125
podman start helixtrack-core
Error: no container with name or ID "helixtrack-core" found: no such container
exit code: 125
podman volume inspect containers_helixtrack-pg-data || podman volume create containers_helixtrack-pg-data
['podman', 'volume', 'inspect', 'containers_helixtrack-pg-data']
Error: no such volume containers_helixtrack-pg-data
['podman', 'volume', 'create', '--label', 'io.podman.compose.project=containers', '--label', 'com.docker.compose.project=containers', 'containers_helixtrack-pg-data']
Error: volume with name containers_helixtrack-pg-data already exists: volume already exists
Traceback (most recent call last):
  File "/usr/lib/python3/dist-packages/podman_compose.py", line 385, in assert_volume
    _ = compose.podman.output([], "volume", ["inspect", vol_name]).decode("utf-8")
        ^^^^^^^^^^^^^^^^^^^^^^^^^^^^^^^^^^^^^^^^^^^^^^^^^^^^^^^^^^
  File "/usr/lib/python3/dist-packages/podman_compose.py", line 1098, in output
    return subprocess.check_output(cmd_ls)
           ^^^^^^^^^^^^^^^^^^^^^^^^^^^^^^^
  File "/usr/lib/python3.12/subprocess.py", line 466, in check_output
    return run(*popenargs, stdout=PIPE, timeout=timeout, check=True,
           ^^^^^^^^^^^^^^^^^^^^^^^^^^^^^^^^^^^^^^^^^^^^^^^^^^^^^^^^^
  File "/usr/lib/python3.12/subprocess.py", line 571, in run
    raise CalledProcessError(retcode, process.args,
subprocess.CalledProcessError: Command '['podman', 'volume', 'inspect', 'containers_helixtrack-pg-data']' returned non-zero exit status 125.

During handling of the above exception, another exception occurred:

Traceback (most recent call last):
  File "/usr/bin/podman-compose", line 33, in <module>
    sys.exit(load_entry_point('podman-compose==1.0.6', 'console_scripts', 'podman-compose')())
             ^^^^^^^^^^^^^^^^^^^^^^^^^^^^^^^^^^^^^^^^^^^^^^^^^^^^^^^^^^^^^^^^^^^^^^^^^^^^^^^^
  File "/usr/lib/python3/dist-packages/podman_compose.py", line 2941, in main
    podman_compose.run()
  File "/usr/lib/python3/dist-packages/podman_compose.py", line 1423, in run
    cmd(self, args)
  File "/usr/lib/python3/dist-packages/podman_compose.py", line 1754, in wrapped
    return func(*args, **kw)
           ^^^^^^^^^^^^^^^^^
  File "/usr/lib/python3/dist-packages/podman_compose.py", line 2067, in compose_up
    podman_args = container_to_args(compose, cnt, detached=args.detach)
                  ^^^^^^^^^^^^^^^^^^^^^^^^^^^^^^^^^^^^^^^^^^^^^^^^^^^^^
  File "/usr/lib/python3/dist-packages/podman_compose.py", line 901, in container_to_args
    podman_args.extend(get_mount_args(compose, cnt, volume))
                       ^^^^^^^^^^^^^^^^^^^^^^^^^^^^^^^^^^^^
  File "/usr/lib/python3/dist-packages/podman_compose.py", line 514, in get_mount_args
    assert_volume(compose, volume)
  File "/usr/lib/python3/dist-packages/podman_compose.py", line 406, in assert_volume
    compose.podman.output([], "volume", args)
  File "/usr/lib/python3/dist-packages/podman_compose.py", line 1098, in output
    return subprocess.check_output(cmd_ls)
           ^^^^^^^^^^^^^^^^^^^^^^^^^^^^^^^
  File "/usr/lib/python3.12/subprocess.py", line 466, in check_output
    return run(*popenargs, stdout=PIPE, timeout=timeout, check=True,
           ^^^^^^^^^^^^^^^^^^^^^^^^^^^^^^^^^^^^^^^^^^^^^^^^^^^^^^^^^
  File "/usr/lib/python3.12/subprocess.py", line 571, in run
    raise CalledProcessError(retcode, process.args,
subprocess.CalledProcessError: Command '['podman', 'volume', 'create', '--label', 'io.podman.compose.project=containers', '--label', 'com.docker.compose.project=containers', 'containers_helixtrack-pg-data']' returned non-zero exit status 125.
