goos: linux
goarch: amd64
pkg: github.com/HelixDevelopment/helix_ota/server/internal/api
cpu: AMD Ryzen Threadripper 7970X 32-Cores          
BenchmarkHealthz-2                    	  415881	      2779 ns/op	    7034 B/op	      32 allocs/op
BenchmarkHealthz-2                    	  576331	      2108 ns/op	    7034 B/op	      32 allocs/op
BenchmarkHealthz-2                    	  570045	      2183 ns/op	    7034 B/op	      32 allocs/op
BenchmarkGroupCreate-2                	  147873	      8231 ns/op	   11464 B/op	      80 allocs/op
BenchmarkGroupCreate-2                	  153226	      8229 ns/op	   11415 B/op	      80 allocs/op
BenchmarkGroupCreate-2                	  129522	      8565 ns/op	   11640 B/op	      80 allocs/op
BenchmarkGroupList-2                  	   87460	     13294 ns/op	   19263 B/op	      79 allocs/op
BenchmarkGroupList-2                  	   94257	     12974 ns/op	   19263 B/op	      79 allocs/op
BenchmarkGroupList-2                  	   95242	     14656 ns/op	   19263 B/op	      79 allocs/op
BenchmarkClientUpdateNoDeployment-2   	  264889	      5519 ns/op	    8322 B/op	      49 allocs/op
BenchmarkClientUpdateNoDeployment-2   	  296857	      4243 ns/op	    8322 B/op	      49 allocs/op
BenchmarkClientUpdateNoDeployment-2   	  280557	      4073 ns/op	    8322 B/op	      49 allocs/op
PASS
ok  	github.com/HelixDevelopment/helix_ota/server/internal/api	15.765s
goos: linux
goarch: amd64
pkg: github.com/HelixDevelopment/helix_ota/server/internal/store
cpu: AMD Ryzen Threadripper 7970X 32-Cores          
BenchmarkMemoryCreateGroup-2   	 1000000	      1161 ns/op	     690 B/op	       4 allocs/op
BenchmarkMemoryCreateGroup-2   	 1398684	       822.6 ns/op	     543 B/op	       4 allocs/op
BenchmarkMemoryCreateGroup-2   	 1000000	      1030 ns/op	     689 B/op	       4 allocs/op
BenchmarkMemoryFindDelta-2     	 8281086	       141.7 ns/op	       0 B/op	       0 allocs/op
BenchmarkMemoryFindDelta-2     	 7891635	       143.8 ns/op	       0 B/op	       0 allocs/op
BenchmarkMemoryFindDelta-2     	 8432857	       148.0 ns/op	       0 B/op	       0 allocs/op
BenchmarkMemoryListAudit-2     	  168151	      9286 ns/op	   92451 B/op	      10 allocs/op
BenchmarkMemoryListAudit-2     	  161426	      9940 ns/op	   92451 B/op	      10 allocs/op
BenchmarkMemoryListAudit-2     	  158659	      7601 ns/op	   92451 B/op	      10 allocs/op
PASS
ok  	github.com/HelixDevelopment/helix_ota/server/internal/store	13.578s
