=== RUN   TestChaosAuthBadPayload
=== PAUSE TestChaosAuthBadPayload
=== RUN   TestChaosAuthHugePayload
=== PAUSE TestChaosAuthHugePayload
=== RUN   TestBearerTokenEdgeCases
=== RUN   TestBearerTokenEdgeCases/no_header
=== RUN   TestBearerTokenEdgeCases/not_bearer
=== RUN   TestBearerTokenEdgeCases/bearer_no_value
=== RUN   TestBearerTokenEdgeCases/bearer_value_present
=== RUN   TestBearerTokenEdgeCases/bearer_case_insensitive
=== RUN   TestBearerTokenEdgeCases/bearer_with_whitespace
--- PASS: TestBearerTokenEdgeCases (0.00s)
    --- PASS: TestBearerTokenEdgeCases/no_header (0.00s)
    --- PASS: TestBearerTokenEdgeCases/not_bearer (0.00s)
    --- PASS: TestBearerTokenEdgeCases/bearer_no_value (0.00s)
    --- PASS: TestBearerTokenEdgeCases/bearer_value_present (0.00s)
    --- PASS: TestBearerTokenEdgeCases/bearer_case_insensitive (0.00s)
    --- PASS: TestBearerTokenEdgeCases/bearer_with_whitespace (0.00s)
=== RUN   TestTokenVerifyEdgeCases
=== RUN   TestTokenVerifyEdgeCases/malformed_no_dot
=== RUN   TestTokenVerifyEdgeCases/too_many_parts
=== RUN   TestTokenVerifyEdgeCases/bad_hmac
=== RUN   TestTokenVerifyEdgeCases/bad_base64_payload
--- PASS: TestTokenVerifyEdgeCases (0.00s)
    --- PASS: TestTokenVerifyEdgeCases/malformed_no_dot (0.00s)
    --- PASS: TestTokenVerifyEdgeCases/too_many_parts (0.00s)
    --- PASS: TestTokenVerifyEdgeCases/bad_hmac (0.00s)
    --- PASS: TestTokenVerifyEdgeCases/bad_base64_payload (0.00s)
=== RUN   TestTokenVerifyExpired
--- PASS: TestTokenVerifyExpired (0.00s)
=== RUN   TestResolveSignatureAllBranches
--- PASS: TestResolveSignatureAllBranches (0.00s)
=== RUN   TestRequireProjectAccessUnauthenticated
--- PASS: TestRequireProjectAccessUnauthenticated (0.00s)
=== RUN   TestLogin
=== RUN   TestLogin/valid_admin
=== RUN   TestLogin/bad_password
=== RUN   TestLogin/unknown_user
=== RUN   TestLogin/missing_fields
--- PASS: TestLogin (0.00s)
    --- PASS: TestLogin/valid_admin (0.00s)
    --- PASS: TestLogin/bad_password (0.00s)
    --- PASS: TestLogin/unknown_user (0.00s)
    --- PASS: TestLogin/missing_fields (0.00s)
=== RUN   TestRefreshRotation
--- PASS: TestRefreshRotation (0.00s)
=== RUN   TestProtectedRouteRequiresAuth
=== RUN   TestProtectedRouteRequiresAuth/no_token
=== RUN   TestProtectedRouteRequiresAuth/garbage_token
--- PASS: TestProtectedRouteRequiresAuth (0.00s)
    --- PASS: TestProtectedRouteRequiresAuth/no_token (0.00s)
    --- PASS: TestProtectedRouteRequiresAuth/garbage_token (0.00s)
=== RUN   TestRBACForbidsWrongRole
--- PASS: TestRBACForbidsWrongRole (0.00s)
=== RUN   TestUploadSignatureNotBase64
--- PASS: TestUploadSignatureNotBase64 (0.00s)
=== RUN   TestDeploymentListForbidsDeviceToken
--- PASS: TestDeploymentListForbidsDeviceToken (0.00s)
=== RUN   TestReleaseUnverifiedArtifact
--- PASS: TestReleaseUnverifiedArtifact (0.00s)
=== RUN   TestAuthBadBodies
--- PASS: TestAuthBadBodies (0.00s)
=== RUN   TestRefreshUnknownToken
--- PASS: TestRefreshUnknownToken (0.00s)
=== RUN   TestMaxInflightShedsUnderFlood
    rate_limit_test.go:79: max-inflight cap=1: served=248 shed(429)=52 of 300; responsive post-flood
--- PASS: TestMaxInflightShedsUnderFlood (0.02s)
=== RUN   TestMaxInflightDisabledByDefault
--- PASS: TestMaxInflightDisabledByDefault (0.00s)
=== RUN   TestStressConcurrentAuth
=== PAUSE TestStressConcurrentAuth
=== CONT  TestChaosAuthBadPayload
=== CONT  TestStressConcurrentAuth
=== RUN   TestChaosAuthBadPayload/garbage_json
=== RUN   TestChaosAuthBadPayload/truncated_json
=== RUN   TestChaosAuthBadPayload/array_instead_of_object
=== RUN   TestChaosAuthBadPayload/empty_object
--- PASS: TestChaosAuthBadPayload (0.00s)
    --- PASS: TestChaosAuthBadPayload/garbage_json (0.00s)
    --- PASS: TestChaosAuthBadPayload/truncated_json (0.00s)
    --- PASS: TestChaosAuthBadPayload/array_instead_of_object (0.00s)
    --- PASS: TestChaosAuthBadPayload/empty_object (0.00s)
=== CONT  TestChaosAuthHugePayload
=== NAME  TestStressConcurrentAuth
    stress_test.go:146: stress TestStressConcurrentAuth: total=10 2xx=10 errors=0 evidence=../../../qa-results/stress/TestStressConcurrentAuth-20260709T195143Z.jsonl
    stress_test.go:149: concurrent_auth: total=10 ok=10 errors=0 p50=66.912µs p95=69.084µs p99=69.084µs
--- PASS: TestStressConcurrentAuth (0.00s)
=== NAME  TestChaosAuthHugePayload
    chaos_test.go:105: chaos_huge_payload: status=400 (graceful degradation — not 200, not crash)
--- PASS: TestChaosAuthHugePayload (0.05s)
PASS
ok  	github.com/HelixDevelopment/helix_ota/server/internal/api	1.240s
