=== seed corpus (FuzzTokenSignerVerify as -run) ===
=== RUN   FuzzTokenSignerVerify
=== RUN   FuzzTokenSignerVerify/seed#0
=== RUN   FuzzTokenSignerVerify/seed#1
=== RUN   FuzzTokenSignerVerify/seed#2
=== RUN   FuzzTokenSignerVerify/seed#3
=== RUN   FuzzTokenSignerVerify/seed#4
=== RUN   FuzzTokenSignerVerify/seed#5
=== RUN   FuzzTokenSignerVerify/seed#6
=== RUN   FuzzTokenSignerVerify/seed#7
=== RUN   FuzzTokenSignerVerify/seed#8
=== RUN   FuzzTokenSignerVerify/seed#9
=== RUN   FuzzTokenSignerVerify/seed#10
=== RUN   FuzzTokenSignerVerify/seed#11
=== RUN   FuzzTokenSignerVerify/seed#12
=== RUN   FuzzTokenSignerVerify/seed#13
=== RUN   FuzzTokenSignerVerify/seed#14
--- PASS: FuzzTokenSignerVerify (0.00s)
    --- PASS: FuzzTokenSignerVerify/seed#0 (0.00s)
    --- PASS: FuzzTokenSignerVerify/seed#1 (0.00s)
    --- PASS: FuzzTokenSignerVerify/seed#2 (0.00s)
    --- PASS: FuzzTokenSignerVerify/seed#3 (0.00s)
    --- PASS: FuzzTokenSignerVerify/seed#4 (0.00s)
    --- PASS: FuzzTokenSignerVerify/seed#5 (0.00s)
    --- PASS: FuzzTokenSignerVerify/seed#6 (0.00s)
    --- PASS: FuzzTokenSignerVerify/seed#7 (0.00s)
    --- PASS: FuzzTokenSignerVerify/seed#8 (0.00s)
    --- PASS: FuzzTokenSignerVerify/seed#9 (0.00s)
    --- PASS: FuzzTokenSignerVerify/seed#10 (0.00s)
    --- PASS: FuzzTokenSignerVerify/seed#11 (0.00s)
    --- PASS: FuzzTokenSignerVerify/seed#12 (0.00s)
    --- PASS: FuzzTokenSignerVerify/seed#13 (0.00s)
    --- PASS: FuzzTokenSignerVerify/seed#14 (0.00s)
PASS
ok  	github.com/HelixDevelopment/helix_ota/server/internal/api	0.005s
SEED_EXIT=0

=== bounded fuzz 20s ===
fuzz: elapsed: 0s, gathering baseline coverage: 0/21 completed
fuzz: elapsed: 0s, gathering baseline coverage: 21/21 completed, now fuzzing with 2 workers
fuzz: elapsed: 3s, execs: 10068 (3355/sec), new interesting: 0 (total: 21)
fuzz: elapsed: 6s, execs: 33072 (7670/sec), new interesting: 0 (total: 21)
fuzz: elapsed: 9s, execs: 58666 (8529/sec), new interesting: 0 (total: 21)
fuzz: elapsed: 12s, execs: 63933 (1756/sec), new interesting: 0 (total: 21)
fuzz: elapsed: 15s, execs: 89901 (8655/sec), new interesting: 0 (total: 21)
fuzz: elapsed: 18s, execs: 102034 (4045/sec), new interesting: 0 (total: 21)
fuzz: elapsed: 20s, execs: 115328 (6354/sec), new interesting: 0 (total: 21)
PASS
ok  	github.com/HelixDevelopment/helix_ota/server/internal/api	20.112s
FUZZ_EXIT=0
