[DIST] Probing milosvasic@thinker.local ...
[DIST]   reachable + rootless podman (podman-compose) — selected thinker.local
[DIST] Deploying to milosvasic@thinker.local (rootless podman-compose)...
[DIST] Running remote rootless compose...
podman-compose version: 1.0.6
['podman', '--version', '']
using podman version: 4.9.3
podman build -f ../helix_track/core/Application/Dockerfile -t containers_helixtrack-core ../helix_track/core/Application
[1/2] STEP 1/7: FROM golang:1.24-alpine AS builder
[1/2] STEP 2/7: RUN apk add --no-cache gcc musl-dev sqlite-dev
--> Using cache 272ec8859f556ff76ea270a10586f6285346a3825f3c4ee960c94b3f6cffda9b
--> 272ec8859f55
[1/2] STEP 3/7: WORKDIR /app
--> Using cache 61972e310746c9f1e75b48c3c3bc1b0534c06b94f597b2d76adaff74a8882ff7
--> 61972e310746
[1/2] STEP 4/7: COPY go.mod ./
--> Using cache b949f8de4a0f697995785d24c1acfd4c1be1856c679b67df47bf7d96d2cccd5e
--> b949f8de4a0f
[1/2] STEP 5/7: COPY . .
--> Using cache 4871e84c90498183111057f939148e840060a41619dc569f2d5a00a8f6003ce0
--> 4871e84c9049
[1/2] STEP 6/7: RUN go mod tidy && go mod download
--> Using cache c865fb2acc473b42fd879620de14f12d049bd05384180d0d3d8a173256f46b33
--> c865fb2acc47
[1/2] STEP 7/7: RUN CGO_ENABLED=1 go build -o /app/htCore main.go
--> Using cache dace55ff2f383ac0e079741c53a5356ad32eebe454f9a27d05fb73164474c4f8
--> dace55ff2f38
[2/2] STEP 1/9: FROM golang:1.24-alpine
[2/2] STEP 2/9: WORKDIR /app
--> 465aecebf4a2
[2/2] STEP 3/9: RUN apk add --no-cache sqlite-libs curl
time="2026-06-22T22:38:51+03:00" level=warning msg="can't raise ambient capability CAP_CHOWN: operation not permitted"
time="2026-06-22T22:38:51+03:00" level=warning msg="can't raise ambient capability CAP_DAC_OVERRIDE: operation not permitted"
time="2026-06-22T22:38:51+03:00" level=warning msg="can't raise ambient capability CAP_FOWNER: operation not permitted"
time="2026-06-22T22:38:51+03:00" level=warning msg="can't raise ambient capability CAP_FSETID: operation not permitted"
time="2026-06-22T22:38:51+03:00" level=warning msg="can't raise ambient capability CAP_KILL: operation not permitted"
time="2026-06-22T22:38:51+03:00" level=warning msg="can't raise ambient capability CAP_NET_BIND_SERVICE: operation not permitted"
time="2026-06-22T22:38:51+03:00" level=warning msg="can't raise ambient capability CAP_SETFCAP: operation not permitted"
time="2026-06-22T22:38:51+03:00" level=warning msg="can't raise ambient capability CAP_SETGID: operation not permitted"
time="2026-06-22T22:38:51+03:00" level=warning msg="can't raise ambient capability CAP_SETPCAP: operation not permitted"
time="2026-06-22T22:38:51+03:00" level=warning msg="can't raise ambient capability CAP_SETUID: operation not permitted"
time="2026-06-22T22:38:51+03:00" level=warning msg="can't raise ambient capability CAP_SYS_CHROOT: operation not permitted"
( 1/10) Installing brotli-libs (1.2.0-r0)
( 2/10) Installing c-ares (1.34.6-r0)
( 3/10) Installing libunistring (1.4.1-r0)
( 4/10) Installing libidn2 (2.3.8-r0)
( 5/10) Installing nghttp2-libs (1.69.0-r0)
( 6/10) Installing libpsl (0.21.5-r3)
( 7/10) Installing zstd-libs (1.5.7-r2)
( 8/10) Installing libcurl (8.19.0-r0)
( 9/10) Installing curl (8.19.0-r0)
(10/10) Installing sqlite-libs (3.51.2-r0)
Executing busybox-1.37.0-r30.trigger
OK: 14.8 MiB in 27 packages
--> e22a3b4600a4
[2/2] STEP 4/9: COPY --from=builder /app/htCore .
--> 0d344685815f
[2/2] STEP 5/9: COPY Configurations/ ./Configurations/
--> cd37670398f7
[2/2] STEP 6/9: RUN mkdir -p Database
time="2026-06-22T22:38:53+03:00" level=warning msg="can't raise ambient capability CAP_CHOWN: operation not permitted"
time="2026-06-22T22:38:53+03:00" level=warning msg="can't raise ambient capability CAP_DAC_OVERRIDE: operation not permitted"
time="2026-06-22T22:38:53+03:00" level=warning msg="can't raise ambient capability CAP_FOWNER: operation not permitted"
time="2026-06-22T22:38:53+03:00" level=warning msg="can't raise ambient capability CAP_FSETID: operation not permitted"
time="2026-06-22T22:38:53+03:00" level=warning msg="can't raise ambient capability CAP_KILL: operation not permitted"
time="2026-06-22T22:38:53+03:00" level=warning msg="can't raise ambient capability CAP_NET_BIND_SERVICE: operation not permitted"
time="2026-06-22T22:38:53+03:00" level=warning msg="can't raise ambient capability CAP_SETFCAP: operation not permitted"
time="2026-06-22T22:38:53+03:00" level=warning msg="can't raise ambient capability CAP_SETGID: operation not permitted"
time="2026-06-22T22:38:53+03:00" level=warning msg="can't raise ambient capability CAP_SETPCAP: operation not permitted"
time="2026-06-22T22:38:53+03:00" level=warning msg="can't raise ambient capability CAP_SETUID: operation not permitted"
time="2026-06-22T22:38:53+03:00" level=warning msg="can't raise ambient capability CAP_SYS_CHROOT: operation not permitted"
--> 4ca0bbad5a39
[2/2] STEP 7/9: EXPOSE 8080
--> 4b5073fcf652
[2/2] STEP 8/9: COPY Database/ ./Database/
--> 4a243d6bb8fc
[2/2] STEP 9/9: CMD ["./htCore", "-config", "Configurations/default.json"]
[2/2] COMMIT containers_helixtrack-core
--> 7d938b342523
Successfully tagged localhost/containers_helixtrack-core:latest
7d938b3425232ff7669e4e45a5944de9cf30a44304d0ef2fa67bd492f418f348
exit code: 0
podman-compose version: 1.0.6
['podman', '--version', '']
using podman version: 4.9.3
** excluding:  set()
['podman', 'inspect', '-t', 'image', '-f', '{{.Id}}', 'containers_helixtrack-core']
['podman', 'ps', '--filter', 'label=io.podman.compose.project=containers', '-a', '--format', '{{ index .Labels "io.podman.compose.config-hash"}}']
['podman', 'network', 'exists', 'helixtrack-network']
['podman', 'network', 'create', '--label', 'io.podman.compose.project=containers', '--label', 'com.docker.compose.project=containers', '--driver', 'bridge', 'helixtrack-network']
['podman', 'network', 'exists', 'helixtrack-network']
podman run --name=helixtrack-core -d --label io.podman.compose.config-hash=163b156ddeafc46edcf0193f93f599e80f085583169bae8d6781f4b4f0eb6282 --label io.podman.compose.project=containers --label io.podman.compose.version=1.0.6 --label PODMAN_SYSTEMD_UNIT=podman-compose@containers.service --label com.docker.compose.project=containers --label com.docker.compose.project.working_dir=/home/milosvasic/helix-dist/containers --label com.docker.compose.project.config_files=compose.helixtrack.yml --label com.docker.compose.container-number=1 --label com.docker.compose.service=helixtrack-core -e HT_CONFIG=/config/default.json -e HT_SPACE_ROOT=/data/spaces/_default -e HT_DB_TYPE=sqlite -v /home/milosvasic/helix-dist/helix_track/spaces:/data/spaces -v /home/milosvasic/helix-dist/helix_track/core/Application/Configurations:/config --net helixtrack-network --network-alias helixtrack-core -p 8080:8080 --restart unless-stopped --healthcheck-command /bin/sh -c curl' '-f' 'http://localhost:8080/health --healthcheck-interval 10s --healthcheck-timeout 5s --healthcheck-start-period 15s --healthcheck-retries 5 containers_helixtrack-core ./htCore --space-root=/data/spaces/_default
a976858a7f8ae64d7e96c6caaddb95b28db1342d249fa84830c45e748e630321
exit code: 0
podman volume inspect containers_helixtrack-pg-data || podman volume create containers_helixtrack-pg-data
['podman', 'volume', 'inspect', 'containers_helixtrack-pg-data']
Error: no such volume containers_helixtrack-pg-data
['podman', 'volume', 'create', '--label', 'io.podman.compose.project=containers', '--label', 'com.docker.compose.project=containers', 'containers_helixtrack-pg-data']
['podman', 'volume', 'inspect', 'containers_helixtrack-pg-data']
['podman', 'network', 'exists', 'helixtrack-network']
podman run --name=helixtrack-postgres -d --label io.podman.compose.config-hash=163b156ddeafc46edcf0193f93f599e80f085583169bae8d6781f4b4f0eb6282 --label io.podman.compose.project=containers --label io.podman.compose.version=1.0.6 --label PODMAN_SYSTEMD_UNIT=podman-compose@containers.service --label com.docker.compose.project=containers --label com.docker.compose.project.working_dir=/home/milosvasic/helix-dist/containers --label com.docker.compose.project.config_files=compose.helixtrack.yml --label com.docker.compose.container-number=1 --label com.docker.compose.service=helixtrack-postgres -e POSTGRES_DB=helixtrack -e POSTGRES_USER=helixtrack -e POSTGRES_PASSWORD=helixtrack_dev -e POSTGRES_INITDB_ARGS=--encoding=UTF-8 -v containers_helixtrack-pg-data:/var/lib/postgresql/data --net helixtrack-network --network-alias helixtrack-postgres -p 5432:5432 --restart unless-stopped --healthcheck-command /bin/sh -c 'pg_isready -U helixtrack -d helixtrack' --healthcheck-interval 5s --healthcheck-timeout 3s --healthcheck-start-period 10s --healthcheck-retries 10 postgres:16-alpine
23a76e7b51e80623418f435031b74a044d77d0664ca5f98a1dba978421a4f3c8
exit code: 0
[DIST] Remote health-check (up to 60s)...
CONTAINER ID  IMAGE                                        COMMAND               CREATED             STATUS                       PORTS                   NAMES
a976858a7f8a  localhost/containers_helixtrack-core:latest  ./htCore --space-...  About a minute ago  Up About a minute (healthy)  0.0.0.0:8080->8080/tcp  helixtrack-core
23a76e7b51e8  docker.io/library/postgres:16-alpine         postgres              About a minute ago  Up About a minute (healthy)  0.0.0.0:5432->5432/tcp  helixtrack-postgres
[DIST] Stack deployed but health-check did NOT pass in 60s on thinker.local (genuine failure, not skipped).
