--> cd37670398f7
[2/2] STEP 6/9: RUN mkdir -p Database
time="2026-06-22T22:38:53+03:00" level=warning msg="can't raise ambient capability CAP_CHOWN: operation not permitted"
time="2026-06-22T22:38:53+03:00" level=warning msg="can't raise ambient capability CAP_DAC_OVERRIDE: operation not permitted"
time="2026-06-22T22:38:53+03:00" level=warning msg="can't raise ambient capability CAP_FOWNER: operation not permitted"
time="2026-06-22T22:38:53+03:00" level=warning msg="can't raise ambient capability CAP_FSETID: operation not permitted"
time="2026-06-22T22:38:53+03:00" level=warning msg="can't raise ambient capability CAP_KILL: operation not permitted"
time="2026-06-22T22:38:53+03:00" level=warning msg="can't raise ambient capability CAP_NET_BIND_SERVICE: operation not permitted"
time="2026-06-22T22:38:53+03:00" level=warning msg="can't raise ambient capability CAP_SETFCAP: operation not permitted"
time="2026-06-22T22:38:53+03:00" level=warning msg="can't raise ambient capability CAP_SETGID: operation not permitted"
time="2026-06-22T22:38:53+03:00" level=warning msg="can't raise ambient capability CAP_SETPCAP: operation not permitted"
time="2026-06-22T22:38:53+03:00" level=warning msg="can't raise ambient capability CAP_SETUID: operation not permitted"
time="2026-06-22T22:38:53+03:00" level=warning msg="can't raise ambient capability CAP_SYS_CHROOT: operation not permitted"
--> 4ca0bbad5a39
[2/2] STEP 7/9: EXPOSE 8080
--> 4b5073fcf652
[2/2] STEP 8/9: COPY Database/ ./Database/
--> 4a243d6bb8fc
[2/2] STEP 9/9: CMD ["./htCore", "-config", "Configurations/default.json"]
[2/2] COMMIT containers_helixtrack-core
--> 7d938b342523
Successfully tagged localhost/containers_helixtrack-core:latest
7d938b3425232ff7669e4e45a5944de9cf30a44304d0ef2fa67bd492f418f348
exit code: 0
podman-compose version: 1.0.6
['podman', '--version', '']
using podman version: 4.9.3
** excluding:  set()
['podman', 'inspect', '-t', 'image', '-f', '{{.Id}}', 'containers_helixtrack-core']
['podman', 'ps', '--filter', 'label=io.podman.compose.project=containers', '-a', '--format', '{{ index .Labels "io.podman.compose.config-hash"}}']
['podman', 'network', 'exists', 'helixtrack-network']
['podman', 'network', 'create', '--label', 'io.podman.compose.project=containers', '--label', 'com.docker.compose.project=containers', '--driver', 'bridge', 'helixtrack-network']
['podman', 'network', 'exists', 'helixtrack-network']
podman run --name=helixtrack-core -d --label io.podman.compose.config-hash=163b156ddeafc46edcf0193f93f599e80f085583169bae8d6781f4b4f0eb6282 --label io.podman.compose.project=containers --label io.podman.compose.version=1.0.6 --label PODMAN_SYSTEMD_UNIT=podman-compose@containers.service --label com.docker.compose.project=containers --label com.docker.compose.project.working_dir=/home/milosvasic/helix-dist/containers --label com.docker.compose.project.config_files=compose.helixtrack.yml --label com.docker.compose.container-number=1 --label com.docker.compose.service=helixtrack-core -e HT_CONFIG=/config/default.json -e HT_SPACE_ROOT=/data/spaces/_default -e HT_DB_TYPE=sqlite -v /home/milosvasic/helix-dist/helix_track/spaces:/data/spaces -v /home/milosvasic/helix-dist/helix_track/core/Application/Configurations:/config --net helixtrack-network --network-alias helixtrack-core -p 8080:8080 --restart unless-stopped --healthcheck-command /bin/sh -c curl' '-f' 'http://localhost:8080/health --healthcheck-interval 10s --healthcheck-timeout 5s --healthcheck-start-period 15s --healthcheck-retries 5 containers_helixtrack-core ./htCore --space-root=/data/spaces/_default
a976858a7f8ae64d7e96c6caaddb95b28db1342d249fa84830c45e748e630321
exit code: 0
podman volume inspect containers_helixtrack-pg-data || podman volume create containers_helixtrack-pg-data
['podman', 'volume', 'inspect', 'containers_helixtrack-pg-data']
Error: no such volume containers_helixtrack-pg-data
['podman', 'volume', 'create', '--label', 'io.podman.compose.project=containers', '--label', 'com.docker.compose.project=containers', 'containers_helixtrack-pg-data']
['podman', 'volume', 'inspect', 'containers_helixtrack-pg-data']
['podman', 'network', 'exists', 'helixtrack-network']
podman run --name=helixtrack-postgres -d --label io.podman.compose.config-hash=163b156ddeafc46edcf0193f93f599e80f085583169bae8d6781f4b4f0eb6282 --label io.podman.compose.project=containers --label io.podman.compose.version=1.0.6 --label PODMAN_SYSTEMD_UNIT=podman-compose@containers.service --label com.docker.compose.project=containers --label com.docker.compose.project.working_dir=/home/milosvasic/helix-dist/containers --label com.docker.compose.project.config_files=compose.helixtrack.yml --label com.docker.compose.container-number=1 --label com.docker.compose.service=helixtrack-postgres -e POSTGRES_DB=helixtrack -e POSTGRES_USER=helixtrack -e POSTGRES_PASSWORD=helixtrack_dev -e POSTGRES_INITDB_ARGS=--encoding=UTF-8 -v containers_helixtrack-pg-data:/var/lib/postgresql/data --net helixtrack-network --network-alias helixtrack-postgres -p 5432:5432 --restart unless-stopped --healthcheck-command /bin/sh -c 'pg_isready -U helixtrack -d helixtrack' --healthcheck-interval 5s --healthcheck-timeout 3s --healthcheck-start-period 10s --healthcheck-retries 10 postgres:16-alpine
23a76e7b51e80623418f435031b74a044d77d0664ca5f98a1dba978421a4f3c8
exit code: 0
[DIST] Remote health-check (up to 60s)...
CONTAINER ID  IMAGE                                        COMMAND               CREATED             STATUS                       PORTS                   NAMES
a976858a7f8a  localhost/containers_helixtrack-core:latest  ./htCore --space-...  About a minute ago  Up About a minute (healthy)  0.0.0.0:8080->8080/tcp  helixtrack-core
23a76e7b51e8  docker.io/library/postgres:16-alpine         postgres              About a minute ago  Up About a minute (healthy)  0.0.0.0:5432->5432/tcp  helixtrack-postgres
[DIST] Stack deployed but health-check did NOT pass in 60s on thinker.local (genuine failure, not skipped).
