[13:06:54Z] UP: booting REAL system (ota-server + real PostgreSQL) on milosvasic@thinker.local
[13:07:00Z] PRE-CLEAN: force-removing any prior 'helix-ota-system' stack
[13:07:26Z] remote arch=x86_64 => cross-compiling GOOS=linux GOARCH=amd64
[13:07:26Z] BUILD: cross-compile static ota-server (host — sibling replaces resolve here)
[13:07:30Z] built: 22605986 /Volumes/T7/Projects/helix_ota/server/.docker-bin/ota-server
[13:07:30Z] SYNC: rsync build bundle -> milosvasic@thinker.local:/home/milosvasic/.helix-ota-system-stack
[13:07:40Z] COMPOSE: podman-compose build (project 'helix-ota-system')
podman-compose version: 1.0.6
['podman', '--version', '']
using podman version: 4.9.3
podman build -f ../Dockerfile -t ota-control-plane:system ..
exit code: 0
[13:07:46Z] COMPOSE: up -d postgres (first), then wait for it to accept connections
podman-compose version: 1.0.6
['podman', '--version', '']
using podman version: 4.9.3
** excluding:  {'ota-server'}
['podman', 'ps', '--filter', 'label=io.podman.compose.project=helix-ota-system', '-a', '--format', '{{ index .Labels "io.podman.compose.config-hash"}}']
recreating: ...
** excluding:  {'ota-server'}
podman stop -t 10 helix-ota-system_postgres_1
exit code: 0
podman rm helix-ota-system_postgres_1
Error: container 932f00f97691dbe0c4af3d1014596d11e5553b0ba649a1190794982dc72e8488 has dependent containers which must be removed before it: f662d8a9f330078ffd8152e75e569e063be66b948e821cb9ef871ad0ab7b7437: container already exists
exit code: 125
recreating: done


['podman', 'network', 'exists', 'helix-ota-system_default']
podman run --name=helix-ota-system_postgres_1 -d --label io.podman.compose.config-hash=e58666c104b28b62b1f45cff58c8cb1efe067bbc836f231bf3115822e15d7e8b --label io.podman.compose.project=helix-ota-system --label io.podman.compose.version=1.0.6 --label PODMAN_SYSTEMD_UNIT=podman-compose@helix-ota-system.service --label com.docker.compose.project=helix-ota-system --label com.docker.compose.project.working_dir=/home/milosvasic/.helix-ota-system-stack/deploy --label com.docker.compose.project.config_files=system.compose.yml --label com.docker.compose.container-number=1 --label com.docker.compose.service=postgres -e POSTGRES_USER=helix -e POSTGRES_PASSWORD=<redacted-per-§11.4.10> -e POSTGRES_DB=helix_ota --net helix-ota-system_default --network-alias postgres -p 55480:5432 -m 512m --healthcheck-command /bin/sh -c 'pg_isready -U helix -d helix_ota' --healthcheck-interval 2s --healthcheck-timeout 3s --healthcheck-retries 30 docker.io/library/postgres:16-alpine
Error: creating container storage: the container name "helix-ota-system_postgres_1" is already in use by 932f00f97691dbe0c4af3d1014596d11e5553b0ba649a1190794982dc72e8488. You have to remove that container to be able to reuse that name: that name is already in use, or use --replace to instruct Podman to do so.
exit code: 125
podman start helix-ota-system_postgres_1
exit code: 0
** skipping:  helix-ota-system_ota-server_1
[13:07:55Z] PG-WAIT: waiting up to 60s for postgres to accept connections
[13:08:00Z] PG-WAIT: postgres accepting connections.
[13:08:00Z] COMPOSE: up -d ota-server (postgres now ready => server connect+Migrate succeeds)
podman-compose version: 1.0.6
['podman', '--version', '']
using podman version: 4.9.3
** excluding:  set()
['podman', 'inspect', '-t', 'image', '-f', '{{.Id}}', 'ota-control-plane:system']
['podman', 'ps', '--filter', 'label=io.podman.compose.project=helix-ota-system', '-a', '--format', '{{ index .Labels "io.podman.compose.config-hash"}}']
recreating: ...
** excluding:  set()
podman stop -t 10 helix-ota-system_ota-server_1
exit code: 0
podman stop -t 10 helix-ota-system_postgres_1
exit code: 0
podman rm helix-ota-system_ota-server_1
exit code: 0
podman rm helix-ota-system_postgres_1
exit code: 0
recreating: done


['podman', 'network', 'exists', 'helix-ota-system_default']
podman run --name=helix-ota-system_postgres_1 -d --label io.podman.compose.config-hash=e58666c104b28b62b1f45cff58c8cb1efe067bbc836f231bf3115822e15d7e8b --label io.podman.compose.project=helix-ota-system --label io.podman.compose.version=1.0.6 --label PODMAN_SYSTEMD_UNIT=podman-compose@helix-ota-system.service --label com.docker.compose.project=helix-ota-system --label com.docker.compose.project.working_dir=/home/milosvasic/.helix-ota-system-stack/deploy --label com.docker.compose.project.config_files=system.compose.yml --label com.docker.compose.container-number=1 --label com.docker.compose.service=postgres -e POSTGRES_USER=helix -e POSTGRES_PASSWORD=<redacted-per-§11.4.10> -e POSTGRES_DB=helix_ota --net helix-ota-system_default --network-alias postgres -p 55480:5432 -m 512m --healthcheck-command /bin/sh -c 'pg_isready -U helix -d helix_ota' --healthcheck-interval 2s --healthcheck-timeout 3s --healthcheck-retries 30 docker.io/library/postgres:16-alpine
exit code: 0
['podman', 'network', 'exists', 'helix-ota-system_default']
podman run --name=helix-ota-system_ota-server_1 -d --requires=helix-ota-system_postgres_1 --label io.podman.compose.config-hash=e58666c104b28b62b1f45cff58c8cb1efe067bbc836f231bf3115822e15d7e8b --label io.podman.compose.project=helix-ota-system --label io.podman.compose.version=1.0.6 --label PODMAN_SYSTEMD_UNIT=podman-compose@helix-ota-system.service --label com.docker.compose.project=helix-ota-system --label com.docker.compose.project.working_dir=/home/milosvasic/.helix-ota-system-stack/deploy --label com.docker.compose.project.config_files=system.compose.yml --label com.docker.compose.container-number=1 --label com.docker.compose.service=ota-server -e HELIX_PORT=8080 -e HELIX_API_BASE_PATH=/api/v1 -e HELIX_DATABASE_URL=postgres://helix:<redacted-per-§11.4.10>@postgres:5432/helix_ota?sslmode=disable -e HELIX_ADMIN_USERNAME=admin@helix.system -e HELIX_ADMIN_PASSWORD=<redacted-per-§11.4.10> -e HELIX_TOKEN_SECRET=<redacted-per-§11.4.10> -e HELIX_ARTIFACT_PUBKEY=<redacted-per-§11.4.10> -e HELIX_ARTIFACT_BASE_URL=http://localhost:18080/artifacts --net helix-ota-system_default --network-alias ota-server -p 18080:8080 -m 256m --healthcheck-command /bin/sh -c 'wget -qO- http://127.0.0.1:8080/readyz >/dev/null 2>&1 || exit 1' --healthcheck-interval 3s --healthcheck-timeout 3s --healthcheck-start-period 3s --healthcheck-retries 20 ota-control-plane:system
exit code: 0
[13:08:09Z] READY: waiting up to 90s for /readyz -> 200
[13:08:20Z] READY: /readyz -> 200 {"status":"ready"}
[13:08:20Z] UP: complete. Live base URL (on thinker.local): http://127.0.0.1:18080
[13:08:20Z]     higher suites reach it via the remote loopback (ssh) or http://thinker.local:18080 if the port is exposed.
